<!doctype html public "-//w3c//dtd html 4.0 transitional//en">
<html><head>
<title>Static Call Graph - [.\Objects\Project_V1.2]</title></head>
<body><HR>
<H1>Static Call Graph for image .\Objects\Project_V1.2</H1><HR>
<BR><P>#&#060CALLGRAPH&#062# ARM Linker, 6160001: Last Updated: Fri Jul 29 23:30:40 2022
<BR><P>
<H3>Maximum Stack Usage =        180 bytes + Unknown(Functions without stacksize, Cycles, Untraceable Function Pointers)</H3><H3>
Call chain for Maximum Stack Depth:</H3>
__rt_entry_main &rArr; main &rArr; EventRecorderInitialize &rArr; EventRecorderStart &rArr; EventRecordItem &rArr; UnlockRecord
<P>
<H3>
Functions with no stack information
</H3><UL>
 <LI><a href="#[7a]">__user_initial_stackheap</a>
</UL>
</UL>
<P>
<H3>
Mutually Recursive functions
</H3> <LI><a href="#[1]">NMI_Handler</a>&nbsp;&nbsp;&nbsp;&rArr;&nbsp;&nbsp;&nbsp;<a href="#[1]">NMI_Handler</a><BR>
 <LI><a href="#[2]">HardFault_Handler</a>&nbsp;&nbsp;&nbsp;&rArr;&nbsp;&nbsp;&nbsp;<a href="#[2]">HardFault_Handler</a><BR>
 <LI><a href="#[3]">MemManage_Handler</a>&nbsp;&nbsp;&nbsp;&rArr;&nbsp;&nbsp;&nbsp;<a href="#[3]">MemManage_Handler</a><BR>
 <LI><a href="#[4]">BusFault_Handler</a>&nbsp;&nbsp;&nbsp;&rArr;&nbsp;&nbsp;&nbsp;<a href="#[4]">BusFault_Handler</a><BR>
 <LI><a href="#[5]">UsageFault_Handler</a>&nbsp;&nbsp;&nbsp;&rArr;&nbsp;&nbsp;&nbsp;<a href="#[5]">UsageFault_Handler</a><BR>
 <LI><a href="#[6]">SVC_Handler</a>&nbsp;&nbsp;&nbsp;&rArr;&nbsp;&nbsp;&nbsp;<a href="#[6]">SVC_Handler</a><BR>
 <LI><a href="#[7]">DebugMon_Handler</a>&nbsp;&nbsp;&nbsp;&rArr;&nbsp;&nbsp;&nbsp;<a href="#[7]">DebugMon_Handler</a><BR>
 <LI><a href="#[8]">PendSV_Handler</a>&nbsp;&nbsp;&nbsp;&rArr;&nbsp;&nbsp;&nbsp;<a href="#[8]">PendSV_Handler</a><BR>
 <LI><a href="#[9]">SysTick_Handler</a>&nbsp;&nbsp;&nbsp;&rArr;&nbsp;&nbsp;&nbsp;<a href="#[9]">SysTick_Handler</a><BR>
 <LI><a href="#[a]">GPIOA_Handler</a>&nbsp;&nbsp;&nbsp;&rArr;&nbsp;&nbsp;&nbsp;<a href="#[a]">GPIOA_Handler</a><BR>
 <LI><a href="#[b]">GPIOB_Handler</a>&nbsp;&nbsp;&nbsp;&rArr;&nbsp;&nbsp;&nbsp;<a href="#[b]">GPIOB_Handler</a><BR>
 <LI><a href="#[c]">GPIOC_Handler</a>&nbsp;&nbsp;&nbsp;&rArr;&nbsp;&nbsp;&nbsp;<a href="#[c]">GPIOC_Handler</a><BR>
 <LI><a href="#[d]">GPIOD_Handler</a>&nbsp;&nbsp;&nbsp;&rArr;&nbsp;&nbsp;&nbsp;<a href="#[d]">GPIOD_Handler</a><BR>
 <LI><a href="#[e]">GPIOE_Handler</a>&nbsp;&nbsp;&nbsp;&rArr;&nbsp;&nbsp;&nbsp;<a href="#[e]">GPIOE_Handler</a><BR>
 <LI><a href="#[f]">UART0_Handler</a>&nbsp;&nbsp;&nbsp;&rArr;&nbsp;&nbsp;&nbsp;<a href="#[f]">UART0_Handler</a><BR>
 <LI><a href="#[10]">UART1_Handler</a>&nbsp;&nbsp;&nbsp;&rArr;&nbsp;&nbsp;&nbsp;<a href="#[10]">UART1_Handler</a><BR>
 <LI><a href="#[11]">SSI0_Handler</a>&nbsp;&nbsp;&nbsp;&rArr;&nbsp;&nbsp;&nbsp;<a href="#[11]">SSI0_Handler</a><BR>
 <LI><a href="#[12]">I2C0_Handler</a>&nbsp;&nbsp;&nbsp;&rArr;&nbsp;&nbsp;&nbsp;<a href="#[12]">I2C0_Handler</a><BR>
 <LI><a href="#[13]">PMW0_FAULT_Handler</a>&nbsp;&nbsp;&nbsp;&rArr;&nbsp;&nbsp;&nbsp;<a href="#[13]">PMW0_FAULT_Handler</a><BR>
 <LI><a href="#[14]">PWM0_0_Handler</a>&nbsp;&nbsp;&nbsp;&rArr;&nbsp;&nbsp;&nbsp;<a href="#[14]">PWM0_0_Handler</a><BR>
 <LI><a href="#[15]">PWM0_1_Handler</a>&nbsp;&nbsp;&nbsp;&rArr;&nbsp;&nbsp;&nbsp;<a href="#[15]">PWM0_1_Handler</a><BR>
 <LI><a href="#[16]">PWM0_2_Handler</a>&nbsp;&nbsp;&nbsp;&rArr;&nbsp;&nbsp;&nbsp;<a href="#[16]">PWM0_2_Handler</a><BR>
 <LI><a href="#[17]">QEI0_Handler</a>&nbsp;&nbsp;&nbsp;&rArr;&nbsp;&nbsp;&nbsp;<a href="#[17]">QEI0_Handler</a><BR>
 <LI><a href="#[18]">ADC0SS0_Handler</a>&nbsp;&nbsp;&nbsp;&rArr;&nbsp;&nbsp;&nbsp;<a href="#[18]">ADC0SS0_Handler</a><BR>
 <LI><a href="#[19]">ADC0SS1_Handler</a>&nbsp;&nbsp;&nbsp;&rArr;&nbsp;&nbsp;&nbsp;<a href="#[19]">ADC0SS1_Handler</a><BR>
 <LI><a href="#[1a]">ADC0SS2_Handler</a>&nbsp;&nbsp;&nbsp;&rArr;&nbsp;&nbsp;&nbsp;<a href="#[1a]">ADC0SS2_Handler</a><BR>
 <LI><a href="#[1b]">ADC0SS3_Handler</a>&nbsp;&nbsp;&nbsp;&rArr;&nbsp;&nbsp;&nbsp;<a href="#[1b]">ADC0SS3_Handler</a><BR>
 <LI><a href="#[1c]">WDT0_Handler</a>&nbsp;&nbsp;&nbsp;&rArr;&nbsp;&nbsp;&nbsp;<a href="#[1c]">WDT0_Handler</a><BR>
 <LI><a href="#[1e]">TIMER0B_Handler</a>&nbsp;&nbsp;&nbsp;&rArr;&nbsp;&nbsp;&nbsp;<a href="#[1e]">TIMER0B_Handler</a><BR>
 <LI><a href="#[20]">TIMER1B_Handler</a>&nbsp;&nbsp;&nbsp;&rArr;&nbsp;&nbsp;&nbsp;<a href="#[20]">TIMER1B_Handler</a><BR>
 <LI><a href="#[22]">TIMER2B_Handler</a>&nbsp;&nbsp;&nbsp;&rArr;&nbsp;&nbsp;&nbsp;<a href="#[22]">TIMER2B_Handler</a><BR>
 <LI><a href="#[23]">COMP0_Handler</a>&nbsp;&nbsp;&nbsp;&rArr;&nbsp;&nbsp;&nbsp;<a href="#[23]">COMP0_Handler</a><BR>
 <LI><a href="#[24]">COMP1_Handler</a>&nbsp;&nbsp;&nbsp;&rArr;&nbsp;&nbsp;&nbsp;<a href="#[24]">COMP1_Handler</a><BR>
 <LI><a href="#[25]">COMP2_Handler</a>&nbsp;&nbsp;&nbsp;&rArr;&nbsp;&nbsp;&nbsp;<a href="#[25]">COMP2_Handler</a><BR>
 <LI><a href="#[26]">SYSCTL_Handler</a>&nbsp;&nbsp;&nbsp;&rArr;&nbsp;&nbsp;&nbsp;<a href="#[26]">SYSCTL_Handler</a><BR>
 <LI><a href="#[27]">FLASH_Handler</a>&nbsp;&nbsp;&nbsp;&rArr;&nbsp;&nbsp;&nbsp;<a href="#[27]">FLASH_Handler</a><BR>
 <LI><a href="#[28]">GPIOF_Handler</a>&nbsp;&nbsp;&nbsp;&rArr;&nbsp;&nbsp;&nbsp;<a href="#[28]">GPIOF_Handler</a><BR>
 <LI><a href="#[29]">GPIOG_Handler</a>&nbsp;&nbsp;&nbsp;&rArr;&nbsp;&nbsp;&nbsp;<a href="#[29]">GPIOG_Handler</a><BR>
 <LI><a href="#[2a]">GPIOH_Handler</a>&nbsp;&nbsp;&nbsp;&rArr;&nbsp;&nbsp;&nbsp;<a href="#[2a]">GPIOH_Handler</a><BR>
 <LI><a href="#[2b]">UART2_Handler</a>&nbsp;&nbsp;&nbsp;&rArr;&nbsp;&nbsp;&nbsp;<a href="#[2b]">UART2_Handler</a><BR>
 <LI><a href="#[2c]">SSI1_Handler</a>&nbsp;&nbsp;&nbsp;&rArr;&nbsp;&nbsp;&nbsp;<a href="#[2c]">SSI1_Handler</a><BR>
 <LI><a href="#[2e]">TIMER3B_Handler</a>&nbsp;&nbsp;&nbsp;&rArr;&nbsp;&nbsp;&nbsp;<a href="#[2e]">TIMER3B_Handler</a><BR>
 <LI><a href="#[2f]">I2C1_Handler</a>&nbsp;&nbsp;&nbsp;&rArr;&nbsp;&nbsp;&nbsp;<a href="#[2f]">I2C1_Handler</a><BR>
 <LI><a href="#[30]">QEI1_Handler</a>&nbsp;&nbsp;&nbsp;&rArr;&nbsp;&nbsp;&nbsp;<a href="#[30]">QEI1_Handler</a><BR>
 <LI><a href="#[31]">CAN0_Handler</a>&nbsp;&nbsp;&nbsp;&rArr;&nbsp;&nbsp;&nbsp;<a href="#[31]">CAN0_Handler</a><BR>
 <LI><a href="#[32]">CAN1_Handler</a>&nbsp;&nbsp;&nbsp;&rArr;&nbsp;&nbsp;&nbsp;<a href="#[32]">CAN1_Handler</a><BR>
 <LI><a href="#[33]">CAN2_Handler</a>&nbsp;&nbsp;&nbsp;&rArr;&nbsp;&nbsp;&nbsp;<a href="#[33]">CAN2_Handler</a><BR>
 <LI><a href="#[34]">HIB_Handler</a>&nbsp;&nbsp;&nbsp;&rArr;&nbsp;&nbsp;&nbsp;<a href="#[34]">HIB_Handler</a><BR>
 <LI><a href="#[35]">USB0_Handler</a>&nbsp;&nbsp;&nbsp;&rArr;&nbsp;&nbsp;&nbsp;<a href="#[35]">USB0_Handler</a><BR>
 <LI><a href="#[36]">PWM0_3_Handler</a>&nbsp;&nbsp;&nbsp;&rArr;&nbsp;&nbsp;&nbsp;<a href="#[36]">PWM0_3_Handler</a><BR>
 <LI><a href="#[37]">UDMA_Handler</a>&nbsp;&nbsp;&nbsp;&rArr;&nbsp;&nbsp;&nbsp;<a href="#[37]">UDMA_Handler</a><BR>
 <LI><a href="#[38]">UDMAERR_Handler</a>&nbsp;&nbsp;&nbsp;&rArr;&nbsp;&nbsp;&nbsp;<a href="#[38]">UDMAERR_Handler</a><BR>
 <LI><a href="#[39]">ADC1SS0_Handler</a>&nbsp;&nbsp;&nbsp;&rArr;&nbsp;&nbsp;&nbsp;<a href="#[39]">ADC1SS0_Handler</a><BR>
 <LI><a href="#[3a]">ADC1SS1_Handler</a>&nbsp;&nbsp;&nbsp;&rArr;&nbsp;&nbsp;&nbsp;<a href="#[3a]">ADC1SS1_Handler</a><BR>
 <LI><a href="#[3b]">ADC1SS2_Handler</a>&nbsp;&nbsp;&nbsp;&rArr;&nbsp;&nbsp;&nbsp;<a href="#[3b]">ADC1SS2_Handler</a><BR>
 <LI><a href="#[3c]">ADC1SS3_Handler</a>&nbsp;&nbsp;&nbsp;&rArr;&nbsp;&nbsp;&nbsp;<a href="#[3c]">ADC1SS3_Handler</a><BR>
 <LI><a href="#[3d]">GPIOJ_Handler</a>&nbsp;&nbsp;&nbsp;&rArr;&nbsp;&nbsp;&nbsp;<a href="#[3d]">GPIOJ_Handler</a><BR>
 <LI><a href="#[3e]">GPIOK_Handler</a>&nbsp;&nbsp;&nbsp;&rArr;&nbsp;&nbsp;&nbsp;<a href="#[3e]">GPIOK_Handler</a><BR>
 <LI><a href="#[3f]">GPIOL_Handler</a>&nbsp;&nbsp;&nbsp;&rArr;&nbsp;&nbsp;&nbsp;<a href="#[3f]">GPIOL_Handler</a><BR>
 <LI><a href="#[40]">SSI2_Handler</a>&nbsp;&nbsp;&nbsp;&rArr;&nbsp;&nbsp;&nbsp;<a href="#[40]">SSI2_Handler</a><BR>
 <LI><a href="#[41]">SSI3_Handler</a>&nbsp;&nbsp;&nbsp;&rArr;&nbsp;&nbsp;&nbsp;<a href="#[41]">SSI3_Handler</a><BR>
 <LI><a href="#[42]">UART3_Handler</a>&nbsp;&nbsp;&nbsp;&rArr;&nbsp;&nbsp;&nbsp;<a href="#[42]">UART3_Handler</a><BR>
 <LI><a href="#[43]">UART4_Handler</a>&nbsp;&nbsp;&nbsp;&rArr;&nbsp;&nbsp;&nbsp;<a href="#[43]">UART4_Handler</a><BR>
 <LI><a href="#[44]">UART5_Handler</a>&nbsp;&nbsp;&nbsp;&rArr;&nbsp;&nbsp;&nbsp;<a href="#[44]">UART5_Handler</a><BR>
 <LI><a href="#[45]">UART6_Handler</a>&nbsp;&nbsp;&nbsp;&rArr;&nbsp;&nbsp;&nbsp;<a href="#[45]">UART6_Handler</a><BR>
 <LI><a href="#[46]">UART7_Handler</a>&nbsp;&nbsp;&nbsp;&rArr;&nbsp;&nbsp;&nbsp;<a href="#[46]">UART7_Handler</a><BR>
 <LI><a href="#[47]">I2C2_Handler</a>&nbsp;&nbsp;&nbsp;&rArr;&nbsp;&nbsp;&nbsp;<a href="#[47]">I2C2_Handler</a><BR>
 <LI><a href="#[48]">I2C3_Handler</a>&nbsp;&nbsp;&nbsp;&rArr;&nbsp;&nbsp;&nbsp;<a href="#[48]">I2C3_Handler</a><BR>
 <LI><a href="#[4a]">TIMER4B_Handler</a>&nbsp;&nbsp;&nbsp;&rArr;&nbsp;&nbsp;&nbsp;<a href="#[4a]">TIMER4B_Handler</a><BR>
 <LI><a href="#[4c]">TIMER5B_Handler</a>&nbsp;&nbsp;&nbsp;&rArr;&nbsp;&nbsp;&nbsp;<a href="#[4c]">TIMER5B_Handler</a><BR>
 <LI><a href="#[4e]">WTIMER0B_Handler</a>&nbsp;&nbsp;&nbsp;&rArr;&nbsp;&nbsp;&nbsp;<a href="#[4e]">WTIMER0B_Handler</a><BR>
 <LI><a href="#[50]">WTIMER1B_Handler</a>&nbsp;&nbsp;&nbsp;&rArr;&nbsp;&nbsp;&nbsp;<a href="#[50]">WTIMER1B_Handler</a><BR>
 <LI><a href="#[52]">WTIMER2B_Handler</a>&nbsp;&nbsp;&nbsp;&rArr;&nbsp;&nbsp;&nbsp;<a href="#[52]">WTIMER2B_Handler</a><BR>
 <LI><a href="#[54]">WTIMER3B_Handler</a>&nbsp;&nbsp;&nbsp;&rArr;&nbsp;&nbsp;&nbsp;<a href="#[54]">WTIMER3B_Handler</a><BR>
 <LI><a href="#[56]">WTIMER4B_Handler</a>&nbsp;&nbsp;&nbsp;&rArr;&nbsp;&nbsp;&nbsp;<a href="#[56]">WTIMER4B_Handler</a><BR>
 <LI><a href="#[58]">WTIMER5B_Handler</a>&nbsp;&nbsp;&nbsp;&rArr;&nbsp;&nbsp;&nbsp;<a href="#[58]">WTIMER5B_Handler</a><BR>
 <LI><a href="#[59]">FPU_Handler</a>&nbsp;&nbsp;&nbsp;&rArr;&nbsp;&nbsp;&nbsp;<a href="#[59]">FPU_Handler</a><BR>
 <LI><a href="#[5a]">I2C4_Handler</a>&nbsp;&nbsp;&nbsp;&rArr;&nbsp;&nbsp;&nbsp;<a href="#[5a]">I2C4_Handler</a><BR>
 <LI><a href="#[5b]">I2C5_Handler</a>&nbsp;&nbsp;&nbsp;&rArr;&nbsp;&nbsp;&nbsp;<a href="#[5b]">I2C5_Handler</a><BR>
 <LI><a href="#[5c]">GPIOM_Handler</a>&nbsp;&nbsp;&nbsp;&rArr;&nbsp;&nbsp;&nbsp;<a href="#[5c]">GPIOM_Handler</a><BR>
 <LI><a href="#[5d]">GPION_Handler</a>&nbsp;&nbsp;&nbsp;&rArr;&nbsp;&nbsp;&nbsp;<a href="#[5d]">GPION_Handler</a><BR>
 <LI><a href="#[5e]">QEI2_Handler</a>&nbsp;&nbsp;&nbsp;&rArr;&nbsp;&nbsp;&nbsp;<a href="#[5e]">QEI2_Handler</a><BR>
 <LI><a href="#[5f]">GPIOP0_Handler</a>&nbsp;&nbsp;&nbsp;&rArr;&nbsp;&nbsp;&nbsp;<a href="#[5f]">GPIOP0_Handler</a><BR>
 <LI><a href="#[60]">GPIOP1_Handler</a>&nbsp;&nbsp;&nbsp;&rArr;&nbsp;&nbsp;&nbsp;<a href="#[60]">GPIOP1_Handler</a><BR>
 <LI><a href="#[61]">GPIOP2_Handler</a>&nbsp;&nbsp;&nbsp;&rArr;&nbsp;&nbsp;&nbsp;<a href="#[61]">GPIOP2_Handler</a><BR>
 <LI><a href="#[62]">GPIOP3_Handler</a>&nbsp;&nbsp;&nbsp;&rArr;&nbsp;&nbsp;&nbsp;<a href="#[62]">GPIOP3_Handler</a><BR>
 <LI><a href="#[63]">GPIOP4_Handler</a>&nbsp;&nbsp;&nbsp;&rArr;&nbsp;&nbsp;&nbsp;<a href="#[63]">GPIOP4_Handler</a><BR>
 <LI><a href="#[64]">GPIOP5_Handler</a>&nbsp;&nbsp;&nbsp;&rArr;&nbsp;&nbsp;&nbsp;<a href="#[64]">GPIOP5_Handler</a><BR>
 <LI><a href="#[65]">GPIOP6_Handler</a>&nbsp;&nbsp;&nbsp;&rArr;&nbsp;&nbsp;&nbsp;<a href="#[65]">GPIOP6_Handler</a><BR>
 <LI><a href="#[66]">GPIOP7_Handler</a>&nbsp;&nbsp;&nbsp;&rArr;&nbsp;&nbsp;&nbsp;<a href="#[66]">GPIOP7_Handler</a><BR>
 <LI><a href="#[67]">GPIOQ0_Handler</a>&nbsp;&nbsp;&nbsp;&rArr;&nbsp;&nbsp;&nbsp;<a href="#[67]">GPIOQ0_Handler</a><BR>
 <LI><a href="#[68]">GPIOQ1_Handler</a>&nbsp;&nbsp;&nbsp;&rArr;&nbsp;&nbsp;&nbsp;<a href="#[68]">GPIOQ1_Handler</a><BR>
 <LI><a href="#[69]">GPIOQ2_Handler</a>&nbsp;&nbsp;&nbsp;&rArr;&nbsp;&nbsp;&nbsp;<a href="#[69]">GPIOQ2_Handler</a><BR>
 <LI><a href="#[6a]">GPIOQ3_Handler</a>&nbsp;&nbsp;&nbsp;&rArr;&nbsp;&nbsp;&nbsp;<a href="#[6a]">GPIOQ3_Handler</a><BR>
 <LI><a href="#[6b]">GPIOQ4_Handler</a>&nbsp;&nbsp;&nbsp;&rArr;&nbsp;&nbsp;&nbsp;<a href="#[6b]">GPIOQ4_Handler</a><BR>
 <LI><a href="#[6c]">GPIOQ5_Handler</a>&nbsp;&nbsp;&nbsp;&rArr;&nbsp;&nbsp;&nbsp;<a href="#[6c]">GPIOQ5_Handler</a><BR>
 <LI><a href="#[6d]">GPIOQ6_Handler</a>&nbsp;&nbsp;&nbsp;&rArr;&nbsp;&nbsp;&nbsp;<a href="#[6d]">GPIOQ6_Handler</a><BR>
 <LI><a href="#[6e]">GPIOQ7_Handler</a>&nbsp;&nbsp;&nbsp;&rArr;&nbsp;&nbsp;&nbsp;<a href="#[6e]">GPIOQ7_Handler</a><BR>
 <LI><a href="#[6f]">GPIOR_Handler</a>&nbsp;&nbsp;&nbsp;&rArr;&nbsp;&nbsp;&nbsp;<a href="#[6f]">GPIOR_Handler</a><BR>
 <LI><a href="#[70]">GPIOS_Handler</a>&nbsp;&nbsp;&nbsp;&rArr;&nbsp;&nbsp;&nbsp;<a href="#[70]">GPIOS_Handler</a><BR>
 <LI><a href="#[71]">PMW1_0_Handler</a>&nbsp;&nbsp;&nbsp;&rArr;&nbsp;&nbsp;&nbsp;<a href="#[71]">PMW1_0_Handler</a><BR>
 <LI><a href="#[72]">PWM1_1_Handler</a>&nbsp;&nbsp;&nbsp;&rArr;&nbsp;&nbsp;&nbsp;<a href="#[72]">PWM1_1_Handler</a><BR>
 <LI><a href="#[73]">PWM1_2_Handler</a>&nbsp;&nbsp;&nbsp;&rArr;&nbsp;&nbsp;&nbsp;<a href="#[73]">PWM1_2_Handler</a><BR>
 <LI><a href="#[74]">PWM1_3_Handler</a>&nbsp;&nbsp;&nbsp;&rArr;&nbsp;&nbsp;&nbsp;<a href="#[74]">PWM1_3_Handler</a><BR>
 <LI><a href="#[75]">PWM1_FAULT_Handler</a>&nbsp;&nbsp;&nbsp;&rArr;&nbsp;&nbsp;&nbsp;<a href="#[75]">PWM1_FAULT_Handler</a><BR>
</UL>
<P>
<H3>
Function Pointers
</H3><UL>
 <LI><a href="#[18]">ADC0SS0_Handler</a> from startup_tm4c123.o(.text) referenced from startup_tm4c123.o(RESET)
 <LI><a href="#[19]">ADC0SS1_Handler</a> from startup_tm4c123.o(.text) referenced from startup_tm4c123.o(RESET)
 <LI><a href="#[1a]">ADC0SS2_Handler</a> from startup_tm4c123.o(.text) referenced from startup_tm4c123.o(RESET)
 <LI><a href="#[1b]">ADC0SS3_Handler</a> from startup_tm4c123.o(.text) referenced from startup_tm4c123.o(RESET)
 <LI><a href="#[39]">ADC1SS0_Handler</a> from startup_tm4c123.o(.text) referenced from startup_tm4c123.o(RESET)
 <LI><a href="#[3a]">ADC1SS1_Handler</a> from startup_tm4c123.o(.text) referenced from startup_tm4c123.o(RESET)
 <LI><a href="#[3b]">ADC1SS2_Handler</a> from startup_tm4c123.o(.text) referenced from startup_tm4c123.o(RESET)
 <LI><a href="#[3c]">ADC1SS3_Handler</a> from startup_tm4c123.o(.text) referenced from startup_tm4c123.o(RESET)
 <LI><a href="#[4]">BusFault_Handler</a> from startup_tm4c123.o(.text) referenced from startup_tm4c123.o(RESET)
 <LI><a href="#[31]">CAN0_Handler</a> from startup_tm4c123.o(.text) referenced from startup_tm4c123.o(RESET)
 <LI><a href="#[32]">CAN1_Handler</a> from startup_tm4c123.o(.text) referenced from startup_tm4c123.o(RESET)
 <LI><a href="#[33]">CAN2_Handler</a> from startup_tm4c123.o(.text) referenced from startup_tm4c123.o(RESET)
 <LI><a href="#[23]">COMP0_Handler</a> from startup_tm4c123.o(.text) referenced from startup_tm4c123.o(RESET)
 <LI><a href="#[24]">COMP1_Handler</a> from startup_tm4c123.o(.text) referenced from startup_tm4c123.o(RESET)
 <LI><a href="#[25]">COMP2_Handler</a> from startup_tm4c123.o(.text) referenced from startup_tm4c123.o(RESET)
 <LI><a href="#[7]">DebugMon_Handler</a> from startup_tm4c123.o(.text) referenced from startup_tm4c123.o(RESET)
 <LI><a href="#[27]">FLASH_Handler</a> from startup_tm4c123.o(.text) referenced from startup_tm4c123.o(RESET)
 <LI><a href="#[59]">FPU_Handler</a> from startup_tm4c123.o(.text) referenced from startup_tm4c123.o(RESET)
 <LI><a href="#[a]">GPIOA_Handler</a> from startup_tm4c123.o(.text) referenced from startup_tm4c123.o(RESET)
 <LI><a href="#[b]">GPIOB_Handler</a> from startup_tm4c123.o(.text) referenced from startup_tm4c123.o(RESET)
 <LI><a href="#[c]">GPIOC_Handler</a> from startup_tm4c123.o(.text) referenced from startup_tm4c123.o(RESET)
 <LI><a href="#[d]">GPIOD_Handler</a> from startup_tm4c123.o(.text) referenced from startup_tm4c123.o(RESET)
 <LI><a href="#[e]">GPIOE_Handler</a> from startup_tm4c123.o(.text) referenced from startup_tm4c123.o(RESET)
 <LI><a href="#[28]">GPIOF_Handler</a> from startup_tm4c123.o(.text) referenced from startup_tm4c123.o(RESET)
 <LI><a href="#[29]">GPIOG_Handler</a> from startup_tm4c123.o(.text) referenced from startup_tm4c123.o(RESET)
 <LI><a href="#[2a]">GPIOH_Handler</a> from startup_tm4c123.o(.text) referenced from startup_tm4c123.o(RESET)
 <LI><a href="#[3d]">GPIOJ_Handler</a> from startup_tm4c123.o(.text) referenced from startup_tm4c123.o(RESET)
 <LI><a href="#[3e]">GPIOK_Handler</a> from startup_tm4c123.o(.text) referenced from startup_tm4c123.o(RESET)
 <LI><a href="#[3f]">GPIOL_Handler</a> from startup_tm4c123.o(.text) referenced from startup_tm4c123.o(RESET)
 <LI><a href="#[5c]">GPIOM_Handler</a> from startup_tm4c123.o(.text) referenced from startup_tm4c123.o(RESET)
 <LI><a href="#[5d]">GPION_Handler</a> from startup_tm4c123.o(.text) referenced from startup_tm4c123.o(RESET)
 <LI><a href="#[5f]">GPIOP0_Handler</a> from startup_tm4c123.o(.text) referenced from startup_tm4c123.o(RESET)
 <LI><a href="#[60]">GPIOP1_Handler</a> from startup_tm4c123.o(.text) referenced from startup_tm4c123.o(RESET)
 <LI><a href="#[61]">GPIOP2_Handler</a> from startup_tm4c123.o(.text) referenced from startup_tm4c123.o(RESET)
 <LI><a href="#[62]">GPIOP3_Handler</a> from startup_tm4c123.o(.text) referenced from startup_tm4c123.o(RESET)
 <LI><a href="#[63]">GPIOP4_Handler</a> from startup_tm4c123.o(.text) referenced from startup_tm4c123.o(RESET)
 <LI><a href="#[64]">GPIOP5_Handler</a> from startup_tm4c123.o(.text) referenced from startup_tm4c123.o(RESET)
 <LI><a href="#[65]">GPIOP6_Handler</a> from startup_tm4c123.o(.text) referenced from startup_tm4c123.o(RESET)
 <LI><a href="#[66]">GPIOP7_Handler</a> from startup_tm4c123.o(.text) referenced from startup_tm4c123.o(RESET)
 <LI><a href="#[67]">GPIOQ0_Handler</a> from startup_tm4c123.o(.text) referenced from startup_tm4c123.o(RESET)
 <LI><a href="#[68]">GPIOQ1_Handler</a> from startup_tm4c123.o(.text) referenced from startup_tm4c123.o(RESET)
 <LI><a href="#[69]">GPIOQ2_Handler</a> from startup_tm4c123.o(.text) referenced from startup_tm4c123.o(RESET)
 <LI><a href="#[6a]">GPIOQ3_Handler</a> from startup_tm4c123.o(.text) referenced from startup_tm4c123.o(RESET)
 <LI><a href="#[6b]">GPIOQ4_Handler</a> from startup_tm4c123.o(.text) referenced from startup_tm4c123.o(RESET)
 <LI><a href="#[6c]">GPIOQ5_Handler</a> from startup_tm4c123.o(.text) referenced from startup_tm4c123.o(RESET)
 <LI><a href="#[6d]">GPIOQ6_Handler</a> from startup_tm4c123.o(.text) referenced from startup_tm4c123.o(RESET)
 <LI><a href="#[6e]">GPIOQ7_Handler</a> from startup_tm4c123.o(.text) referenced from startup_tm4c123.o(RESET)
 <LI><a href="#[6f]">GPIOR_Handler</a> from startup_tm4c123.o(.text) referenced from startup_tm4c123.o(RESET)
 <LI><a href="#[70]">GPIOS_Handler</a> from startup_tm4c123.o(.text) referenced from startup_tm4c123.o(RESET)
 <LI><a href="#[34]">HIB_Handler</a> from startup_tm4c123.o(.text) referenced from startup_tm4c123.o(RESET)
 <LI><a href="#[2]">HardFault_Handler</a> from startup_tm4c123.o(.text) referenced from startup_tm4c123.o(RESET)
 <LI><a href="#[12]">I2C0_Handler</a> from startup_tm4c123.o(.text) referenced from startup_tm4c123.o(RESET)
 <LI><a href="#[2f]">I2C1_Handler</a> from startup_tm4c123.o(.text) referenced from startup_tm4c123.o(RESET)
 <LI><a href="#[47]">I2C2_Handler</a> from startup_tm4c123.o(.text) referenced from startup_tm4c123.o(RESET)
 <LI><a href="#[48]">I2C3_Handler</a> from startup_tm4c123.o(.text) referenced from startup_tm4c123.o(RESET)
 <LI><a href="#[5a]">I2C4_Handler</a> from startup_tm4c123.o(.text) referenced from startup_tm4c123.o(RESET)
 <LI><a href="#[5b]">I2C5_Handler</a> from startup_tm4c123.o(.text) referenced from startup_tm4c123.o(RESET)
 <LI><a href="#[78]">ISRUSER1</a> from main.o(.text.ISRUSER1) referenced from gpt_lcfg.o(.rodata.Gpt_Configuration)
 <LI><a href="#[79]">ISRUSER2</a> from main.o(.text.ISRUSER2) referenced from gpt_lcfg.o(.rodata.Gpt_Configuration)
 <LI><a href="#[3]">MemManage_Handler</a> from startup_tm4c123.o(.text) referenced from startup_tm4c123.o(RESET)
 <LI><a href="#[1]">NMI_Handler</a> from startup_tm4c123.o(.text) referenced from startup_tm4c123.o(RESET)
 <LI><a href="#[13]">PMW0_FAULT_Handler</a> from startup_tm4c123.o(.text) referenced from startup_tm4c123.o(RESET)
 <LI><a href="#[71]">PMW1_0_Handler</a> from startup_tm4c123.o(.text) referenced from startup_tm4c123.o(RESET)
 <LI><a href="#[14]">PWM0_0_Handler</a> from startup_tm4c123.o(.text) referenced from startup_tm4c123.o(RESET)
 <LI><a href="#[15]">PWM0_1_Handler</a> from startup_tm4c123.o(.text) referenced from startup_tm4c123.o(RESET)
 <LI><a href="#[16]">PWM0_2_Handler</a> from startup_tm4c123.o(.text) referenced from startup_tm4c123.o(RESET)
 <LI><a href="#[36]">PWM0_3_Handler</a> from startup_tm4c123.o(.text) referenced from startup_tm4c123.o(RESET)
 <LI><a href="#[72]">PWM1_1_Handler</a> from startup_tm4c123.o(.text) referenced from startup_tm4c123.o(RESET)
 <LI><a href="#[73]">PWM1_2_Handler</a> from startup_tm4c123.o(.text) referenced from startup_tm4c123.o(RESET)
 <LI><a href="#[74]">PWM1_3_Handler</a> from startup_tm4c123.o(.text) referenced from startup_tm4c123.o(RESET)
 <LI><a href="#[75]">PWM1_FAULT_Handler</a> from startup_tm4c123.o(.text) referenced from startup_tm4c123.o(RESET)
 <LI><a href="#[8]">PendSV_Handler</a> from startup_tm4c123.o(.text) referenced from startup_tm4c123.o(RESET)
 <LI><a href="#[17]">QEI0_Handler</a> from startup_tm4c123.o(.text) referenced from startup_tm4c123.o(RESET)
 <LI><a href="#[30]">QEI1_Handler</a> from startup_tm4c123.o(.text) referenced from startup_tm4c123.o(RESET)
 <LI><a href="#[5e]">QEI2_Handler</a> from startup_tm4c123.o(.text) referenced from startup_tm4c123.o(RESET)
 <LI><a href="#[0]">Reset_Handler</a> from startup_tm4c123.o(.text) referenced from startup_tm4c123.o(RESET)
 <LI><a href="#[11]">SSI0_Handler</a> from startup_tm4c123.o(.text) referenced from startup_tm4c123.o(RESET)
 <LI><a href="#[2c]">SSI1_Handler</a> from startup_tm4c123.o(.text) referenced from startup_tm4c123.o(RESET)
 <LI><a href="#[40]">SSI2_Handler</a> from startup_tm4c123.o(.text) referenced from startup_tm4c123.o(RESET)
 <LI><a href="#[41]">SSI3_Handler</a> from startup_tm4c123.o(.text) referenced from startup_tm4c123.o(RESET)
 <LI><a href="#[6]">SVC_Handler</a> from startup_tm4c123.o(.text) referenced from startup_tm4c123.o(RESET)
 <LI><a href="#[26]">SYSCTL_Handler</a> from startup_tm4c123.o(.text) referenced from startup_tm4c123.o(RESET)
 <LI><a href="#[9]">SysTick_Handler</a> from startup_tm4c123.o(.text) referenced from startup_tm4c123.o(RESET)
 <LI><a href="#[76]">SystemInit</a> from system_tm4c123.o(.text.SystemInit) referenced from startup_tm4c123.o(.text)
 <LI><a href="#[1d]">TIMER0A_Handler</a> from gpt.o(.text.TIMER0A_Handler) referenced from startup_tm4c123.o(RESET)
 <LI><a href="#[1e]">TIMER0B_Handler</a> from startup_tm4c123.o(.text) referenced from startup_tm4c123.o(RESET)
 <LI><a href="#[1f]">TIMER1A_Handler</a> from gpt.o(.text.TIMER1A_Handler) referenced from startup_tm4c123.o(RESET)
 <LI><a href="#[20]">TIMER1B_Handler</a> from startup_tm4c123.o(.text) referenced from startup_tm4c123.o(RESET)
 <LI><a href="#[21]">TIMER2A_Handler</a> from gpt.o(.text.TIMER2A_Handler) referenced from startup_tm4c123.o(RESET)
 <LI><a href="#[22]">TIMER2B_Handler</a> from startup_tm4c123.o(.text) referenced from startup_tm4c123.o(RESET)
 <LI><a href="#[2d]">TIMER3A_Handler</a> from gpt.o(.text.TIMER3A_Handler) referenced from startup_tm4c123.o(RESET)
 <LI><a href="#[2e]">TIMER3B_Handler</a> from startup_tm4c123.o(.text) referenced from startup_tm4c123.o(RESET)
 <LI><a href="#[49]">TIMER4A_Handler</a> from gpt.o(.text.TIMER4A_Handler) referenced from startup_tm4c123.o(RESET)
 <LI><a href="#[4a]">TIMER4B_Handler</a> from startup_tm4c123.o(.text) referenced from startup_tm4c123.o(RESET)
 <LI><a href="#[4b]">TIMER5A_Handler</a> from gpt.o(.text.TIMER5A_Handler) referenced from startup_tm4c123.o(RESET)
 <LI><a href="#[4c]">TIMER5B_Handler</a> from startup_tm4c123.o(.text) referenced from startup_tm4c123.o(RESET)
 <LI><a href="#[f]">UART0_Handler</a> from startup_tm4c123.o(.text) referenced from startup_tm4c123.o(RESET)
 <LI><a href="#[10]">UART1_Handler</a> from startup_tm4c123.o(.text) referenced from startup_tm4c123.o(RESET)
 <LI><a href="#[2b]">UART2_Handler</a> from startup_tm4c123.o(.text) referenced from startup_tm4c123.o(RESET)
 <LI><a href="#[42]">UART3_Handler</a> from startup_tm4c123.o(.text) referenced from startup_tm4c123.o(RESET)
 <LI><a href="#[43]">UART4_Handler</a> from startup_tm4c123.o(.text) referenced from startup_tm4c123.o(RESET)
 <LI><a href="#[44]">UART5_Handler</a> from startup_tm4c123.o(.text) referenced from startup_tm4c123.o(RESET)
 <LI><a href="#[45]">UART6_Handler</a> from startup_tm4c123.o(.text) referenced from startup_tm4c123.o(RESET)
 <LI><a href="#[46]">UART7_Handler</a> from startup_tm4c123.o(.text) referenced from startup_tm4c123.o(RESET)
 <LI><a href="#[38]">UDMAERR_Handler</a> from startup_tm4c123.o(.text) referenced from startup_tm4c123.o(RESET)
 <LI><a href="#[37]">UDMA_Handler</a> from startup_tm4c123.o(.text) referenced from startup_tm4c123.o(RESET)
 <LI><a href="#[35]">USB0_Handler</a> from startup_tm4c123.o(.text) referenced from startup_tm4c123.o(RESET)
 <LI><a href="#[5]">UsageFault_Handler</a> from startup_tm4c123.o(.text) referenced from startup_tm4c123.o(RESET)
 <LI><a href="#[1c]">WDT0_Handler</a> from startup_tm4c123.o(.text) referenced from startup_tm4c123.o(RESET)
 <LI><a href="#[4d]">WTIMER0A_Handler</a> from gpt.o(.text.WTIMER0A_Handler) referenced from startup_tm4c123.o(RESET)
 <LI><a href="#[4e]">WTIMER0B_Handler</a> from startup_tm4c123.o(.text) referenced from startup_tm4c123.o(RESET)
 <LI><a href="#[4f]">WTIMER1A_Handler</a> from gpt.o(.text.WTIMER1A_Handler) referenced from startup_tm4c123.o(RESET)
 <LI><a href="#[50]">WTIMER1B_Handler</a> from startup_tm4c123.o(.text) referenced from startup_tm4c123.o(RESET)
 <LI><a href="#[51]">WTIMER2A_Handler</a> from gpt.o(.text.WTIMER2A_Handler) referenced from startup_tm4c123.o(RESET)
 <LI><a href="#[52]">WTIMER2B_Handler</a> from startup_tm4c123.o(.text) referenced from startup_tm4c123.o(RESET)
 <LI><a href="#[53]">WTIMER3A_Handler</a> from gpt.o(.text.WTIMER3A_Handler) referenced from startup_tm4c123.o(RESET)
 <LI><a href="#[54]">WTIMER3B_Handler</a> from startup_tm4c123.o(.text) referenced from startup_tm4c123.o(RESET)
 <LI><a href="#[55]">WTIMER4A_Handler</a> from gpt.o(.text.WTIMER4A_Handler) referenced from startup_tm4c123.o(RESET)
 <LI><a href="#[56]">WTIMER4B_Handler</a> from startup_tm4c123.o(.text) referenced from startup_tm4c123.o(RESET)
 <LI><a href="#[57]">WTIMER5A_Handler</a> from gpt.o(.text.WTIMER5A_Handler) referenced from startup_tm4c123.o(RESET)
 <LI><a href="#[58]">WTIMER5B_Handler</a> from startup_tm4c123.o(.text) referenced from startup_tm4c123.o(RESET)
 <LI><a href="#[77]">__main</a> from __main.o(!!!main) referenced from startup_tm4c123.o(.text)
</UL>
<P>
<H3>
Global Symbols
</H3>
<P><STRONG><a name="[77]"></a>__main</STRONG> (Thumb, 8 bytes, Stack size 0 bytes, __main.o(!!!main))
<BR><BR>[Calls]<UL><LI><a href="#[7c]">&gt;&gt;</a>&nbsp;&nbsp;&nbsp;__rt_entry
<LI><a href="#[7b]">&gt;&gt;</a>&nbsp;&nbsp;&nbsp;__scatterload
</UL>
<BR>[Address Reference Count : 1]<UL><LI> startup_tm4c123.o(.text)
</UL>
<P><STRONG><a name="[7b]"></a>__scatterload</STRONG> (Thumb, 0 bytes, Stack size unknown bytes, __scatter.o(!!!scatter))
<BR><BR>[Called By]<UL><LI><a href="#[77]">&gt;&gt;</a>&nbsp;&nbsp;&nbsp;__main
</UL>

<P><STRONG><a name="[7d]"></a>__scatterload_rt2</STRONG> (Thumb, 44 bytes, Stack size unknown bytes, __scatter.o(!!!scatter), UNUSED)
<BR><BR>[Calls]<UL><LI><a href="#[7c]">&gt;&gt;</a>&nbsp;&nbsp;&nbsp;__rt_entry
</UL>

<P><STRONG><a name="[c0]"></a>__scatterload_rt2_thumb_only</STRONG> (Thumb, 0 bytes, Stack size unknown bytes, __scatter.o(!!!scatter), UNUSED)

<P><STRONG><a name="[c1]"></a>__scatterload_null</STRONG> (Thumb, 0 bytes, Stack size unknown bytes, __scatter.o(!!!scatter), UNUSED)

<P><STRONG><a name="[c2]"></a>__decompress</STRONG> (Thumb, 90 bytes, Stack size unknown bytes, __dczerorl2.o(!!dczerorl2), UNUSED)

<P><STRONG><a name="[c3]"></a>__decompress1</STRONG> (Thumb, 0 bytes, Stack size unknown bytes, __dczerorl2.o(!!dczerorl2), UNUSED)

<P><STRONG><a name="[c4]"></a>__scatterload_zeroinit</STRONG> (Thumb, 28 bytes, Stack size unknown bytes, __scatter_zi.o(!!handler_zi), UNUSED)

<P><STRONG><a name="[83]"></a>__rt_lib_init</STRONG> (Thumb, 0 bytes, Stack size unknown bytes, libinit.o(.ARM.Collect$$libinit$$00000000))
<BR><BR>[Called By]<UL><LI><a href="#[82]">&gt;&gt;</a>&nbsp;&nbsp;&nbsp;__rt_entry_li
</UL>

<P><STRONG><a name="[7e]"></a>__rt_lib_init_fp_1</STRONG> (Thumb, 0 bytes, Stack size unknown bytes, libinit2.o(.ARM.Collect$$libinit$$00000001))
<BR><BR>[Calls]<UL><LI><a href="#[7f]">&gt;&gt;</a>&nbsp;&nbsp;&nbsp;_fp_init
</UL>

<P><STRONG><a name="[c5]"></a>__rt_lib_init_alloca_1</STRONG> (Thumb, 0 bytes, Stack size unknown bytes, libinit2.o(.ARM.Collect$$libinit$$0000002E))

<P><STRONG><a name="[c6]"></a>__rt_lib_init_argv_1</STRONG> (Thumb, 0 bytes, Stack size unknown bytes, libinit2.o(.ARM.Collect$$libinit$$0000002C))

<P><STRONG><a name="[c7]"></a>__rt_lib_init_atexit_1</STRONG> (Thumb, 0 bytes, Stack size unknown bytes, libinit2.o(.ARM.Collect$$libinit$$0000001B))

<P><STRONG><a name="[c8]"></a>__rt_lib_init_clock_1</STRONG> (Thumb, 0 bytes, Stack size unknown bytes, libinit2.o(.ARM.Collect$$libinit$$00000021))

<P><STRONG><a name="[c9]"></a>__rt_lib_init_cpp_1</STRONG> (Thumb, 0 bytes, Stack size unknown bytes, libinit2.o(.ARM.Collect$$libinit$$00000032))

<P><STRONG><a name="[ca]"></a>__rt_lib_init_exceptions_1</STRONG> (Thumb, 0 bytes, Stack size unknown bytes, libinit2.o(.ARM.Collect$$libinit$$00000030))

<P><STRONG><a name="[cb]"></a>__rt_lib_init_fp_trap_1</STRONG> (Thumb, 0 bytes, Stack size unknown bytes, libinit2.o(.ARM.Collect$$libinit$$0000001F))

<P><STRONG><a name="[cc]"></a>__rt_lib_init_getenv_1</STRONG> (Thumb, 0 bytes, Stack size unknown bytes, libinit2.o(.ARM.Collect$$libinit$$00000023))

<P><STRONG><a name="[cd]"></a>__rt_lib_init_heap_1</STRONG> (Thumb, 0 bytes, Stack size unknown bytes, libinit2.o(.ARM.Collect$$libinit$$0000000A))

<P><STRONG><a name="[ce]"></a>__rt_lib_init_lc_collate_1</STRONG> (Thumb, 0 bytes, Stack size unknown bytes, libinit2.o(.ARM.Collect$$libinit$$00000011))

<P><STRONG><a name="[cf]"></a>__rt_lib_init_lc_ctype_1</STRONG> (Thumb, 0 bytes, Stack size unknown bytes, libinit2.o(.ARM.Collect$$libinit$$00000013))

<P><STRONG><a name="[d0]"></a>__rt_lib_init_lc_monetary_1</STRONG> (Thumb, 0 bytes, Stack size unknown bytes, libinit2.o(.ARM.Collect$$libinit$$00000015))

<P><STRONG><a name="[d1]"></a>__rt_lib_init_lc_numeric_1</STRONG> (Thumb, 0 bytes, Stack size unknown bytes, libinit2.o(.ARM.Collect$$libinit$$00000017))

<P><STRONG><a name="[d2]"></a>__rt_lib_init_lc_time_1</STRONG> (Thumb, 0 bytes, Stack size unknown bytes, libinit2.o(.ARM.Collect$$libinit$$00000019))

<P><STRONG><a name="[d3]"></a>__rt_lib_init_preinit_1</STRONG> (Thumb, 0 bytes, Stack size unknown bytes, libinit2.o(.ARM.Collect$$libinit$$00000004))

<P><STRONG><a name="[d4]"></a>__rt_lib_init_rand_1</STRONG> (Thumb, 0 bytes, Stack size unknown bytes, libinit2.o(.ARM.Collect$$libinit$$0000000E))

<P><STRONG><a name="[d5]"></a>__rt_lib_init_return</STRONG> (Thumb, 0 bytes, Stack size unknown bytes, libinit2.o(.ARM.Collect$$libinit$$00000033))

<P><STRONG><a name="[d6]"></a>__rt_lib_init_signal_1</STRONG> (Thumb, 0 bytes, Stack size unknown bytes, libinit2.o(.ARM.Collect$$libinit$$0000001D))

<P><STRONG><a name="[d7]"></a>__rt_lib_init_stdio_1</STRONG> (Thumb, 0 bytes, Stack size unknown bytes, libinit2.o(.ARM.Collect$$libinit$$00000025))

<P><STRONG><a name="[d8]"></a>__rt_lib_init_user_alloc_1</STRONG> (Thumb, 0 bytes, Stack size unknown bytes, libinit2.o(.ARM.Collect$$libinit$$0000000C))

<P><STRONG><a name="[88]"></a>__rt_lib_shutdown</STRONG> (Thumb, 0 bytes, Stack size unknown bytes, libshutdown.o(.ARM.Collect$$libshutdown$$00000000))
<BR><BR>[Called By]<UL><LI><a href="#[87]">&gt;&gt;</a>&nbsp;&nbsp;&nbsp;__rt_exit_ls
</UL>

<P><STRONG><a name="[d9]"></a>__rt_lib_shutdown_cpp_1</STRONG> (Thumb, 0 bytes, Stack size unknown bytes, libshutdown2.o(.ARM.Collect$$libshutdown$$00000002))

<P><STRONG><a name="[da]"></a>__rt_lib_shutdown_fp_trap_1</STRONG> (Thumb, 0 bytes, Stack size unknown bytes, libshutdown2.o(.ARM.Collect$$libshutdown$$00000007))

<P><STRONG><a name="[db]"></a>__rt_lib_shutdown_heap_1</STRONG> (Thumb, 0 bytes, Stack size unknown bytes, libshutdown2.o(.ARM.Collect$$libshutdown$$0000000F))

<P><STRONG><a name="[dc]"></a>__rt_lib_shutdown_return</STRONG> (Thumb, 0 bytes, Stack size unknown bytes, libshutdown2.o(.ARM.Collect$$libshutdown$$00000010))

<P><STRONG><a name="[dd]"></a>__rt_lib_shutdown_signal_1</STRONG> (Thumb, 0 bytes, Stack size unknown bytes, libshutdown2.o(.ARM.Collect$$libshutdown$$0000000A))

<P><STRONG><a name="[de]"></a>__rt_lib_shutdown_stdio_1</STRONG> (Thumb, 0 bytes, Stack size unknown bytes, libshutdown2.o(.ARM.Collect$$libshutdown$$00000004))

<P><STRONG><a name="[df]"></a>__rt_lib_shutdown_user_alloc_1</STRONG> (Thumb, 0 bytes, Stack size unknown bytes, libshutdown2.o(.ARM.Collect$$libshutdown$$0000000C))

<P><STRONG><a name="[7c]"></a>__rt_entry</STRONG> (Thumb, 0 bytes, Stack size unknown bytes, __rtentry.o(.ARM.Collect$$rtentry$$00000000))
<BR><BR>[Called By]<UL><LI><a href="#[77]">&gt;&gt;</a>&nbsp;&nbsp;&nbsp;__main
<LI><a href="#[7d]">&gt;&gt;</a>&nbsp;&nbsp;&nbsp;__scatterload_rt2
</UL>

<P><STRONG><a name="[e0]"></a>__rt_entry_presh_1</STRONG> (Thumb, 0 bytes, Stack size unknown bytes, __rtentry2.o(.ARM.Collect$$rtentry$$00000002))

<P><STRONG><a name="[80]"></a>__rt_entry_sh</STRONG> (Thumb, 0 bytes, Stack size unknown bytes, __rtentry4.o(.ARM.Collect$$rtentry$$00000004))
<BR><BR>[Stack]<UL><LI>Max Depth = 8 + Unknown Stack Size
<LI>Call Chain = __rt_entry_sh &rArr; __user_setup_stackheap
</UL>
<BR>[Calls]<UL><LI><a href="#[81]">&gt;&gt;</a>&nbsp;&nbsp;&nbsp;__user_setup_stackheap
</UL>

<P><STRONG><a name="[82]"></a>__rt_entry_li</STRONG> (Thumb, 0 bytes, Stack size unknown bytes, __rtentry2.o(.ARM.Collect$$rtentry$$0000000A))
<BR><BR>[Calls]<UL><LI><a href="#[83]">&gt;&gt;</a>&nbsp;&nbsp;&nbsp;__rt_lib_init
</UL>

<P><STRONG><a name="[e1]"></a>__rt_entry_postsh_1</STRONG> (Thumb, 0 bytes, Stack size unknown bytes, __rtentry2.o(.ARM.Collect$$rtentry$$00000009))

<P><STRONG><a name="[84]"></a>__rt_entry_main</STRONG> (Thumb, 0 bytes, Stack size unknown bytes, __rtentry2.o(.ARM.Collect$$rtentry$$0000000D))
<BR><BR>[Stack]<UL><LI>Max Depth = 180 + Unknown Stack Size
<LI>Call Chain = __rt_entry_main &rArr; main &rArr; EventRecorderInitialize &rArr; EventRecorderStart &rArr; EventRecordItem &rArr; UnlockRecord
</UL>
<BR>[Calls]<UL><LI><a href="#[86]">&gt;&gt;</a>&nbsp;&nbsp;&nbsp;exit
<LI><a href="#[85]">&gt;&gt;</a>&nbsp;&nbsp;&nbsp;main
</UL>

<P><STRONG><a name="[e2]"></a>__rt_entry_postli_1</STRONG> (Thumb, 0 bytes, Stack size unknown bytes, __rtentry2.o(.ARM.Collect$$rtentry$$0000000C))

<P><STRONG><a name="[8c]"></a>__rt_exit</STRONG> (Thumb, 0 bytes, Stack size unknown bytes, rtexit.o(.ARM.Collect$$rtexit$$00000000))
<BR><BR>[Called By]<UL><LI><a href="#[86]">&gt;&gt;</a>&nbsp;&nbsp;&nbsp;exit
</UL>

<P><STRONG><a name="[87]"></a>__rt_exit_ls</STRONG> (Thumb, 0 bytes, Stack size unknown bytes, rtexit2.o(.ARM.Collect$$rtexit$$00000003))
<BR><BR>[Calls]<UL><LI><a href="#[88]">&gt;&gt;</a>&nbsp;&nbsp;&nbsp;__rt_lib_shutdown
</UL>

<P><STRONG><a name="[e3]"></a>__rt_exit_prels_1</STRONG> (Thumb, 0 bytes, Stack size unknown bytes, rtexit2.o(.ARM.Collect$$rtexit$$00000002))

<P><STRONG><a name="[89]"></a>__rt_exit_exit</STRONG> (Thumb, 0 bytes, Stack size unknown bytes, rtexit2.o(.ARM.Collect$$rtexit$$00000004))
<BR><BR>[Calls]<UL><LI><a href="#[8a]">&gt;&gt;</a>&nbsp;&nbsp;&nbsp;_sys_exit
</UL>

<P><STRONG><a name="[0]"></a>Reset_Handler</STRONG> (Thumb, 8 bytes, Stack size 0 bytes, startup_tm4c123.o(.text))
<BR>[Address Reference Count : 1]<UL><LI> startup_tm4c123.o(RESET)
</UL>
<P><STRONG><a name="[1]"></a>NMI_Handler</STRONG> (Thumb, 2 bytes, Stack size 0 bytes, startup_tm4c123.o(.text))
<BR><BR>[Calls]<UL><LI><a href="#[1]">&gt;&gt;</a>&nbsp;&nbsp;&nbsp;NMI_Handler
</UL>
<BR>[Called By]<UL><LI><a href="#[1]">&gt;&gt;</a>&nbsp;&nbsp;&nbsp;NMI_Handler
</UL>
<BR>[Address Reference Count : 1]<UL><LI> startup_tm4c123.o(RESET)
</UL>
<P><STRONG><a name="[2]"></a>HardFault_Handler</STRONG> (Thumb, 2 bytes, Stack size 0 bytes, startup_tm4c123.o(.text))
<BR><BR>[Calls]<UL><LI><a href="#[2]">&gt;&gt;</a>&nbsp;&nbsp;&nbsp;HardFault_Handler
</UL>
<BR>[Called By]<UL><LI><a href="#[2]">&gt;&gt;</a>&nbsp;&nbsp;&nbsp;HardFault_Handler
</UL>
<BR>[Address Reference Count : 1]<UL><LI> startup_tm4c123.o(RESET)
</UL>
<P><STRONG><a name="[3]"></a>MemManage_Handler</STRONG> (Thumb, 2 bytes, Stack size 0 bytes, startup_tm4c123.o(.text))
<BR><BR>[Calls]<UL><LI><a href="#[3]">&gt;&gt;</a>&nbsp;&nbsp;&nbsp;MemManage_Handler
</UL>
<BR>[Called By]<UL><LI><a href="#[3]">&gt;&gt;</a>&nbsp;&nbsp;&nbsp;MemManage_Handler
</UL>
<BR>[Address Reference Count : 1]<UL><LI> startup_tm4c123.o(RESET)
</UL>
<P><STRONG><a name="[4]"></a>BusFault_Handler</STRONG> (Thumb, 2 bytes, Stack size 0 bytes, startup_tm4c123.o(.text))
<BR><BR>[Calls]<UL><LI><a href="#[4]">&gt;&gt;</a>&nbsp;&nbsp;&nbsp;BusFault_Handler
</UL>
<BR>[Called By]<UL><LI><a href="#[4]">&gt;&gt;</a>&nbsp;&nbsp;&nbsp;BusFault_Handler
</UL>
<BR>[Address Reference Count : 1]<UL><LI> startup_tm4c123.o(RESET)
</UL>
<P><STRONG><a name="[5]"></a>UsageFault_Handler</STRONG> (Thumb, 2 bytes, Stack size 0 bytes, startup_tm4c123.o(.text))
<BR><BR>[Calls]<UL><LI><a href="#[5]">&gt;&gt;</a>&nbsp;&nbsp;&nbsp;UsageFault_Handler
</UL>
<BR>[Called By]<UL><LI><a href="#[5]">&gt;&gt;</a>&nbsp;&nbsp;&nbsp;UsageFault_Handler
</UL>
<BR>[Address Reference Count : 1]<UL><LI> startup_tm4c123.o(RESET)
</UL>
<P><STRONG><a name="[6]"></a>SVC_Handler</STRONG> (Thumb, 2 bytes, Stack size 0 bytes, startup_tm4c123.o(.text))
<BR><BR>[Calls]<UL><LI><a href="#[6]">&gt;&gt;</a>&nbsp;&nbsp;&nbsp;SVC_Handler
</UL>
<BR>[Called By]<UL><LI><a href="#[6]">&gt;&gt;</a>&nbsp;&nbsp;&nbsp;SVC_Handler
</UL>
<BR>[Address Reference Count : 1]<UL><LI> startup_tm4c123.o(RESET)
</UL>
<P><STRONG><a name="[7]"></a>DebugMon_Handler</STRONG> (Thumb, 2 bytes, Stack size 0 bytes, startup_tm4c123.o(.text))
<BR><BR>[Calls]<UL><LI><a href="#[7]">&gt;&gt;</a>&nbsp;&nbsp;&nbsp;DebugMon_Handler
</UL>
<BR>[Called By]<UL><LI><a href="#[7]">&gt;&gt;</a>&nbsp;&nbsp;&nbsp;DebugMon_Handler
</UL>
<BR>[Address Reference Count : 1]<UL><LI> startup_tm4c123.o(RESET)
</UL>
<P><STRONG><a name="[8]"></a>PendSV_Handler</STRONG> (Thumb, 2 bytes, Stack size 0 bytes, startup_tm4c123.o(.text))
<BR><BR>[Calls]<UL><LI><a href="#[8]">&gt;&gt;</a>&nbsp;&nbsp;&nbsp;PendSV_Handler
</UL>
<BR>[Called By]<UL><LI><a href="#[8]">&gt;&gt;</a>&nbsp;&nbsp;&nbsp;PendSV_Handler
</UL>
<BR>[Address Reference Count : 1]<UL><LI> startup_tm4c123.o(RESET)
</UL>
<P><STRONG><a name="[9]"></a>SysTick_Handler</STRONG> (Thumb, 2 bytes, Stack size 0 bytes, startup_tm4c123.o(.text))
<BR><BR>[Calls]<UL><LI><a href="#[9]">&gt;&gt;</a>&nbsp;&nbsp;&nbsp;SysTick_Handler
</UL>
<BR>[Called By]<UL><LI><a href="#[9]">&gt;&gt;</a>&nbsp;&nbsp;&nbsp;SysTick_Handler
</UL>
<BR>[Address Reference Count : 1]<UL><LI> startup_tm4c123.o(RESET)
</UL>
<P><STRONG><a name="[a]"></a>GPIOA_Handler</STRONG> (Thumb, 2 bytes, Stack size 0 bytes, startup_tm4c123.o(.text))
<BR><BR>[Calls]<UL><LI><a href="#[a]">&gt;&gt;</a>&nbsp;&nbsp;&nbsp;GPIOA_Handler
</UL>
<BR>[Called By]<UL><LI><a href="#[a]">&gt;&gt;</a>&nbsp;&nbsp;&nbsp;GPIOA_Handler
</UL>
<BR>[Address Reference Count : 1]<UL><LI> startup_tm4c123.o(RESET)
</UL>
<P><STRONG><a name="[b]"></a>GPIOB_Handler</STRONG> (Thumb, 2 bytes, Stack size 0 bytes, startup_tm4c123.o(.text))
<BR><BR>[Calls]<UL><LI><a href="#[b]">&gt;&gt;</a>&nbsp;&nbsp;&nbsp;GPIOB_Handler
</UL>
<BR>[Called By]<UL><LI><a href="#[b]">&gt;&gt;</a>&nbsp;&nbsp;&nbsp;GPIOB_Handler
</UL>
<BR>[Address Reference Count : 1]<UL><LI> startup_tm4c123.o(RESET)
</UL>
<P><STRONG><a name="[c]"></a>GPIOC_Handler</STRONG> (Thumb, 2 bytes, Stack size 0 bytes, startup_tm4c123.o(.text))
<BR><BR>[Calls]<UL><LI><a href="#[c]">&gt;&gt;</a>&nbsp;&nbsp;&nbsp;GPIOC_Handler
</UL>
<BR>[Called By]<UL><LI><a href="#[c]">&gt;&gt;</a>&nbsp;&nbsp;&nbsp;GPIOC_Handler
</UL>
<BR>[Address Reference Count : 1]<UL><LI> startup_tm4c123.o(RESET)
</UL>
<P><STRONG><a name="[d]"></a>GPIOD_Handler</STRONG> (Thumb, 2 bytes, Stack size 0 bytes, startup_tm4c123.o(.text))
<BR><BR>[Calls]<UL><LI><a href="#[d]">&gt;&gt;</a>&nbsp;&nbsp;&nbsp;GPIOD_Handler
</UL>
<BR>[Called By]<UL><LI><a href="#[d]">&gt;&gt;</a>&nbsp;&nbsp;&nbsp;GPIOD_Handler
</UL>
<BR>[Address Reference Count : 1]<UL><LI> startup_tm4c123.o(RESET)
</UL>
<P><STRONG><a name="[e]"></a>GPIOE_Handler</STRONG> (Thumb, 2 bytes, Stack size 0 bytes, startup_tm4c123.o(.text))
<BR><BR>[Calls]<UL><LI><a href="#[e]">&gt;&gt;</a>&nbsp;&nbsp;&nbsp;GPIOE_Handler
</UL>
<BR>[Called By]<UL><LI><a href="#[e]">&gt;&gt;</a>&nbsp;&nbsp;&nbsp;GPIOE_Handler
</UL>
<BR>[Address Reference Count : 1]<UL><LI> startup_tm4c123.o(RESET)
</UL>
<P><STRONG><a name="[f]"></a>UART0_Handler</STRONG> (Thumb, 2 bytes, Stack size 0 bytes, startup_tm4c123.o(.text))
<BR><BR>[Calls]<UL><LI><a href="#[f]">&gt;&gt;</a>&nbsp;&nbsp;&nbsp;UART0_Handler
</UL>
<BR>[Called By]<UL><LI><a href="#[f]">&gt;&gt;</a>&nbsp;&nbsp;&nbsp;UART0_Handler
</UL>
<BR>[Address Reference Count : 1]<UL><LI> startup_tm4c123.o(RESET)
</UL>
<P><STRONG><a name="[10]"></a>UART1_Handler</STRONG> (Thumb, 2 bytes, Stack size 0 bytes, startup_tm4c123.o(.text))
<BR><BR>[Calls]<UL><LI><a href="#[10]">&gt;&gt;</a>&nbsp;&nbsp;&nbsp;UART1_Handler
</UL>
<BR>[Called By]<UL><LI><a href="#[10]">&gt;&gt;</a>&nbsp;&nbsp;&nbsp;UART1_Handler
</UL>
<BR>[Address Reference Count : 1]<UL><LI> startup_tm4c123.o(RESET)
</UL>
<P><STRONG><a name="[11]"></a>SSI0_Handler</STRONG> (Thumb, 2 bytes, Stack size 0 bytes, startup_tm4c123.o(.text))
<BR><BR>[Calls]<UL><LI><a href="#[11]">&gt;&gt;</a>&nbsp;&nbsp;&nbsp;SSI0_Handler
</UL>
<BR>[Called By]<UL><LI><a href="#[11]">&gt;&gt;</a>&nbsp;&nbsp;&nbsp;SSI0_Handler
</UL>
<BR>[Address Reference Count : 1]<UL><LI> startup_tm4c123.o(RESET)
</UL>
<P><STRONG><a name="[12]"></a>I2C0_Handler</STRONG> (Thumb, 2 bytes, Stack size 0 bytes, startup_tm4c123.o(.text))
<BR><BR>[Calls]<UL><LI><a href="#[12]">&gt;&gt;</a>&nbsp;&nbsp;&nbsp;I2C0_Handler
</UL>
<BR>[Called By]<UL><LI><a href="#[12]">&gt;&gt;</a>&nbsp;&nbsp;&nbsp;I2C0_Handler
</UL>
<BR>[Address Reference Count : 1]<UL><LI> startup_tm4c123.o(RESET)
</UL>
<P><STRONG><a name="[13]"></a>PMW0_FAULT_Handler</STRONG> (Thumb, 2 bytes, Stack size 0 bytes, startup_tm4c123.o(.text))
<BR><BR>[Calls]<UL><LI><a href="#[13]">&gt;&gt;</a>&nbsp;&nbsp;&nbsp;PMW0_FAULT_Handler
</UL>
<BR>[Called By]<UL><LI><a href="#[13]">&gt;&gt;</a>&nbsp;&nbsp;&nbsp;PMW0_FAULT_Handler
</UL>
<BR>[Address Reference Count : 1]<UL><LI> startup_tm4c123.o(RESET)
</UL>
<P><STRONG><a name="[14]"></a>PWM0_0_Handler</STRONG> (Thumb, 2 bytes, Stack size 0 bytes, startup_tm4c123.o(.text))
<BR><BR>[Calls]<UL><LI><a href="#[14]">&gt;&gt;</a>&nbsp;&nbsp;&nbsp;PWM0_0_Handler
</UL>
<BR>[Called By]<UL><LI><a href="#[14]">&gt;&gt;</a>&nbsp;&nbsp;&nbsp;PWM0_0_Handler
</UL>
<BR>[Address Reference Count : 1]<UL><LI> startup_tm4c123.o(RESET)
</UL>
<P><STRONG><a name="[15]"></a>PWM0_1_Handler</STRONG> (Thumb, 2 bytes, Stack size 0 bytes, startup_tm4c123.o(.text))
<BR><BR>[Calls]<UL><LI><a href="#[15]">&gt;&gt;</a>&nbsp;&nbsp;&nbsp;PWM0_1_Handler
</UL>
<BR>[Called By]<UL><LI><a href="#[15]">&gt;&gt;</a>&nbsp;&nbsp;&nbsp;PWM0_1_Handler
</UL>
<BR>[Address Reference Count : 1]<UL><LI> startup_tm4c123.o(RESET)
</UL>
<P><STRONG><a name="[16]"></a>PWM0_2_Handler</STRONG> (Thumb, 2 bytes, Stack size 0 bytes, startup_tm4c123.o(.text))
<BR><BR>[Calls]<UL><LI><a href="#[16]">&gt;&gt;</a>&nbsp;&nbsp;&nbsp;PWM0_2_Handler
</UL>
<BR>[Called By]<UL><LI><a href="#[16]">&gt;&gt;</a>&nbsp;&nbsp;&nbsp;PWM0_2_Handler
</UL>
<BR>[Address Reference Count : 1]<UL><LI> startup_tm4c123.o(RESET)
</UL>
<P><STRONG><a name="[17]"></a>QEI0_Handler</STRONG> (Thumb, 2 bytes, Stack size 0 bytes, startup_tm4c123.o(.text))
<BR><BR>[Calls]<UL><LI><a href="#[17]">&gt;&gt;</a>&nbsp;&nbsp;&nbsp;QEI0_Handler
</UL>
<BR>[Called By]<UL><LI><a href="#[17]">&gt;&gt;</a>&nbsp;&nbsp;&nbsp;QEI0_Handler
</UL>
<BR>[Address Reference Count : 1]<UL><LI> startup_tm4c123.o(RESET)
</UL>
<P><STRONG><a name="[18]"></a>ADC0SS0_Handler</STRONG> (Thumb, 2 bytes, Stack size 0 bytes, startup_tm4c123.o(.text))
<BR><BR>[Calls]<UL><LI><a href="#[18]">&gt;&gt;</a>&nbsp;&nbsp;&nbsp;ADC0SS0_Handler
</UL>
<BR>[Called By]<UL><LI><a href="#[18]">&gt;&gt;</a>&nbsp;&nbsp;&nbsp;ADC0SS0_Handler
</UL>
<BR>[Address Reference Count : 1]<UL><LI> startup_tm4c123.o(RESET)
</UL>
<P><STRONG><a name="[19]"></a>ADC0SS1_Handler</STRONG> (Thumb, 2 bytes, Stack size 0 bytes, startup_tm4c123.o(.text))
<BR><BR>[Calls]<UL><LI><a href="#[19]">&gt;&gt;</a>&nbsp;&nbsp;&nbsp;ADC0SS1_Handler
</UL>
<BR>[Called By]<UL><LI><a href="#[19]">&gt;&gt;</a>&nbsp;&nbsp;&nbsp;ADC0SS1_Handler
</UL>
<BR>[Address Reference Count : 1]<UL><LI> startup_tm4c123.o(RESET)
</UL>
<P><STRONG><a name="[1a]"></a>ADC0SS2_Handler</STRONG> (Thumb, 2 bytes, Stack size 0 bytes, startup_tm4c123.o(.text))
<BR><BR>[Calls]<UL><LI><a href="#[1a]">&gt;&gt;</a>&nbsp;&nbsp;&nbsp;ADC0SS2_Handler
</UL>
<BR>[Called By]<UL><LI><a href="#[1a]">&gt;&gt;</a>&nbsp;&nbsp;&nbsp;ADC0SS2_Handler
</UL>
<BR>[Address Reference Count : 1]<UL><LI> startup_tm4c123.o(RESET)
</UL>
<P><STRONG><a name="[1b]"></a>ADC0SS3_Handler</STRONG> (Thumb, 2 bytes, Stack size 0 bytes, startup_tm4c123.o(.text))
<BR><BR>[Calls]<UL><LI><a href="#[1b]">&gt;&gt;</a>&nbsp;&nbsp;&nbsp;ADC0SS3_Handler
</UL>
<BR>[Called By]<UL><LI><a href="#[1b]">&gt;&gt;</a>&nbsp;&nbsp;&nbsp;ADC0SS3_Handler
</UL>
<BR>[Address Reference Count : 1]<UL><LI> startup_tm4c123.o(RESET)
</UL>
<P><STRONG><a name="[1c]"></a>WDT0_Handler</STRONG> (Thumb, 2 bytes, Stack size 0 bytes, startup_tm4c123.o(.text))
<BR><BR>[Calls]<UL><LI><a href="#[1c]">&gt;&gt;</a>&nbsp;&nbsp;&nbsp;WDT0_Handler
</UL>
<BR>[Called By]<UL><LI><a href="#[1c]">&gt;&gt;</a>&nbsp;&nbsp;&nbsp;WDT0_Handler
</UL>
<BR>[Address Reference Count : 1]<UL><LI> startup_tm4c123.o(RESET)
</UL>
<P><STRONG><a name="[1e]"></a>TIMER0B_Handler</STRONG> (Thumb, 2 bytes, Stack size 0 bytes, startup_tm4c123.o(.text))
<BR><BR>[Calls]<UL><LI><a href="#[1e]">&gt;&gt;</a>&nbsp;&nbsp;&nbsp;TIMER0B_Handler
</UL>
<BR>[Called By]<UL><LI><a href="#[1e]">&gt;&gt;</a>&nbsp;&nbsp;&nbsp;TIMER0B_Handler
</UL>
<BR>[Address Reference Count : 1]<UL><LI> startup_tm4c123.o(RESET)
</UL>
<P><STRONG><a name="[20]"></a>TIMER1B_Handler</STRONG> (Thumb, 2 bytes, Stack size 0 bytes, startup_tm4c123.o(.text))
<BR><BR>[Calls]<UL><LI><a href="#[20]">&gt;&gt;</a>&nbsp;&nbsp;&nbsp;TIMER1B_Handler
</UL>
<BR>[Called By]<UL><LI><a href="#[20]">&gt;&gt;</a>&nbsp;&nbsp;&nbsp;TIMER1B_Handler
</UL>
<BR>[Address Reference Count : 1]<UL><LI> startup_tm4c123.o(RESET)
</UL>
<P><STRONG><a name="[22]"></a>TIMER2B_Handler</STRONG> (Thumb, 2 bytes, Stack size 0 bytes, startup_tm4c123.o(.text))
<BR><BR>[Calls]<UL><LI><a href="#[22]">&gt;&gt;</a>&nbsp;&nbsp;&nbsp;TIMER2B_Handler
</UL>
<BR>[Called By]<UL><LI><a href="#[22]">&gt;&gt;</a>&nbsp;&nbsp;&nbsp;TIMER2B_Handler
</UL>
<BR>[Address Reference Count : 1]<UL><LI> startup_tm4c123.o(RESET)
</UL>
<P><STRONG><a name="[23]"></a>COMP0_Handler</STRONG> (Thumb, 2 bytes, Stack size 0 bytes, startup_tm4c123.o(.text))
<BR><BR>[Calls]<UL><LI><a href="#[23]">&gt;&gt;</a>&nbsp;&nbsp;&nbsp;COMP0_Handler
</UL>
<BR>[Called By]<UL><LI><a href="#[23]">&gt;&gt;</a>&nbsp;&nbsp;&nbsp;COMP0_Handler
</UL>
<BR>[Address Reference Count : 1]<UL><LI> startup_tm4c123.o(RESET)
</UL>
<P><STRONG><a name="[24]"></a>COMP1_Handler</STRONG> (Thumb, 2 bytes, Stack size 0 bytes, startup_tm4c123.o(.text))
<BR><BR>[Calls]<UL><LI><a href="#[24]">&gt;&gt;</a>&nbsp;&nbsp;&nbsp;COMP1_Handler
</UL>
<BR>[Called By]<UL><LI><a href="#[24]">&gt;&gt;</a>&nbsp;&nbsp;&nbsp;COMP1_Handler
</UL>
<BR>[Address Reference Count : 1]<UL><LI> startup_tm4c123.o(RESET)
</UL>
<P><STRONG><a name="[25]"></a>COMP2_Handler</STRONG> (Thumb, 2 bytes, Stack size 0 bytes, startup_tm4c123.o(.text))
<BR><BR>[Calls]<UL><LI><a href="#[25]">&gt;&gt;</a>&nbsp;&nbsp;&nbsp;COMP2_Handler
</UL>
<BR>[Called By]<UL><LI><a href="#[25]">&gt;&gt;</a>&nbsp;&nbsp;&nbsp;COMP2_Handler
</UL>
<BR>[Address Reference Count : 1]<UL><LI> startup_tm4c123.o(RESET)
</UL>
<P><STRONG><a name="[26]"></a>SYSCTL_Handler</STRONG> (Thumb, 2 bytes, Stack size 0 bytes, startup_tm4c123.o(.text))
<BR><BR>[Calls]<UL><LI><a href="#[26]">&gt;&gt;</a>&nbsp;&nbsp;&nbsp;SYSCTL_Handler
</UL>
<BR>[Called By]<UL><LI><a href="#[26]">&gt;&gt;</a>&nbsp;&nbsp;&nbsp;SYSCTL_Handler
</UL>
<BR>[Address Reference Count : 1]<UL><LI> startup_tm4c123.o(RESET)
</UL>
<P><STRONG><a name="[27]"></a>FLASH_Handler</STRONG> (Thumb, 2 bytes, Stack size 0 bytes, startup_tm4c123.o(.text))
<BR><BR>[Calls]<UL><LI><a href="#[27]">&gt;&gt;</a>&nbsp;&nbsp;&nbsp;FLASH_Handler
</UL>
<BR>[Called By]<UL><LI><a href="#[27]">&gt;&gt;</a>&nbsp;&nbsp;&nbsp;FLASH_Handler
</UL>
<BR>[Address Reference Count : 1]<UL><LI> startup_tm4c123.o(RESET)
</UL>
<P><STRONG><a name="[28]"></a>GPIOF_Handler</STRONG> (Thumb, 2 bytes, Stack size 0 bytes, startup_tm4c123.o(.text))
<BR><BR>[Calls]<UL><LI><a href="#[28]">&gt;&gt;</a>&nbsp;&nbsp;&nbsp;GPIOF_Handler
</UL>
<BR>[Called By]<UL><LI><a href="#[28]">&gt;&gt;</a>&nbsp;&nbsp;&nbsp;GPIOF_Handler
</UL>
<BR>[Address Reference Count : 1]<UL><LI> startup_tm4c123.o(RESET)
</UL>
<P><STRONG><a name="[29]"></a>GPIOG_Handler</STRONG> (Thumb, 2 bytes, Stack size 0 bytes, startup_tm4c123.o(.text))
<BR><BR>[Calls]<UL><LI><a href="#[29]">&gt;&gt;</a>&nbsp;&nbsp;&nbsp;GPIOG_Handler
</UL>
<BR>[Called By]<UL><LI><a href="#[29]">&gt;&gt;</a>&nbsp;&nbsp;&nbsp;GPIOG_Handler
</UL>
<BR>[Address Reference Count : 1]<UL><LI> startup_tm4c123.o(RESET)
</UL>
<P><STRONG><a name="[2a]"></a>GPIOH_Handler</STRONG> (Thumb, 2 bytes, Stack size 0 bytes, startup_tm4c123.o(.text))
<BR><BR>[Calls]<UL><LI><a href="#[2a]">&gt;&gt;</a>&nbsp;&nbsp;&nbsp;GPIOH_Handler
</UL>
<BR>[Called By]<UL><LI><a href="#[2a]">&gt;&gt;</a>&nbsp;&nbsp;&nbsp;GPIOH_Handler
</UL>
<BR>[Address Reference Count : 1]<UL><LI> startup_tm4c123.o(RESET)
</UL>
<P><STRONG><a name="[2b]"></a>UART2_Handler</STRONG> (Thumb, 2 bytes, Stack size 0 bytes, startup_tm4c123.o(.text))
<BR><BR>[Calls]<UL><LI><a href="#[2b]">&gt;&gt;</a>&nbsp;&nbsp;&nbsp;UART2_Handler
</UL>
<BR>[Called By]<UL><LI><a href="#[2b]">&gt;&gt;</a>&nbsp;&nbsp;&nbsp;UART2_Handler
</UL>
<BR>[Address Reference Count : 1]<UL><LI> startup_tm4c123.o(RESET)
</UL>
<P><STRONG><a name="[2c]"></a>SSI1_Handler</STRONG> (Thumb, 2 bytes, Stack size 0 bytes, startup_tm4c123.o(.text))
<BR><BR>[Calls]<UL><LI><a href="#[2c]">&gt;&gt;</a>&nbsp;&nbsp;&nbsp;SSI1_Handler
</UL>
<BR>[Called By]<UL><LI><a href="#[2c]">&gt;&gt;</a>&nbsp;&nbsp;&nbsp;SSI1_Handler
</UL>
<BR>[Address Reference Count : 1]<UL><LI> startup_tm4c123.o(RESET)
</UL>
<P><STRONG><a name="[2e]"></a>TIMER3B_Handler</STRONG> (Thumb, 2 bytes, Stack size 0 bytes, startup_tm4c123.o(.text))
<BR><BR>[Calls]<UL><LI><a href="#[2e]">&gt;&gt;</a>&nbsp;&nbsp;&nbsp;TIMER3B_Handler
</UL>
<BR>[Called By]<UL><LI><a href="#[2e]">&gt;&gt;</a>&nbsp;&nbsp;&nbsp;TIMER3B_Handler
</UL>
<BR>[Address Reference Count : 1]<UL><LI> startup_tm4c123.o(RESET)
</UL>
<P><STRONG><a name="[2f]"></a>I2C1_Handler</STRONG> (Thumb, 2 bytes, Stack size 0 bytes, startup_tm4c123.o(.text))
<BR><BR>[Calls]<UL><LI><a href="#[2f]">&gt;&gt;</a>&nbsp;&nbsp;&nbsp;I2C1_Handler
</UL>
<BR>[Called By]<UL><LI><a href="#[2f]">&gt;&gt;</a>&nbsp;&nbsp;&nbsp;I2C1_Handler
</UL>
<BR>[Address Reference Count : 1]<UL><LI> startup_tm4c123.o(RESET)
</UL>
<P><STRONG><a name="[30]"></a>QEI1_Handler</STRONG> (Thumb, 2 bytes, Stack size 0 bytes, startup_tm4c123.o(.text))
<BR><BR>[Calls]<UL><LI><a href="#[30]">&gt;&gt;</a>&nbsp;&nbsp;&nbsp;QEI1_Handler
</UL>
<BR>[Called By]<UL><LI><a href="#[30]">&gt;&gt;</a>&nbsp;&nbsp;&nbsp;QEI1_Handler
</UL>
<BR>[Address Reference Count : 1]<UL><LI> startup_tm4c123.o(RESET)
</UL>
<P><STRONG><a name="[31]"></a>CAN0_Handler</STRONG> (Thumb, 2 bytes, Stack size 0 bytes, startup_tm4c123.o(.text))
<BR><BR>[Calls]<UL><LI><a href="#[31]">&gt;&gt;</a>&nbsp;&nbsp;&nbsp;CAN0_Handler
</UL>
<BR>[Called By]<UL><LI><a href="#[31]">&gt;&gt;</a>&nbsp;&nbsp;&nbsp;CAN0_Handler
</UL>
<BR>[Address Reference Count : 1]<UL><LI> startup_tm4c123.o(RESET)
</UL>
<P><STRONG><a name="[32]"></a>CAN1_Handler</STRONG> (Thumb, 2 bytes, Stack size 0 bytes, startup_tm4c123.o(.text))
<BR><BR>[Calls]<UL><LI><a href="#[32]">&gt;&gt;</a>&nbsp;&nbsp;&nbsp;CAN1_Handler
</UL>
<BR>[Called By]<UL><LI><a href="#[32]">&gt;&gt;</a>&nbsp;&nbsp;&nbsp;CAN1_Handler
</UL>
<BR>[Address Reference Count : 1]<UL><LI> startup_tm4c123.o(RESET)
</UL>
<P><STRONG><a name="[33]"></a>CAN2_Handler</STRONG> (Thumb, 2 bytes, Stack size 0 bytes, startup_tm4c123.o(.text))
<BR><BR>[Calls]<UL><LI><a href="#[33]">&gt;&gt;</a>&nbsp;&nbsp;&nbsp;CAN2_Handler
</UL>
<BR>[Called By]<UL><LI><a href="#[33]">&gt;&gt;</a>&nbsp;&nbsp;&nbsp;CAN2_Handler
</UL>
<BR>[Address Reference Count : 1]<UL><LI> startup_tm4c123.o(RESET)
</UL>
<P><STRONG><a name="[34]"></a>HIB_Handler</STRONG> (Thumb, 2 bytes, Stack size 0 bytes, startup_tm4c123.o(.text))
<BR><BR>[Calls]<UL><LI><a href="#[34]">&gt;&gt;</a>&nbsp;&nbsp;&nbsp;HIB_Handler
</UL>
<BR>[Called By]<UL><LI><a href="#[34]">&gt;&gt;</a>&nbsp;&nbsp;&nbsp;HIB_Handler
</UL>
<BR>[Address Reference Count : 1]<UL><LI> startup_tm4c123.o(RESET)
</UL>
<P><STRONG><a name="[35]"></a>USB0_Handler</STRONG> (Thumb, 2 bytes, Stack size 0 bytes, startup_tm4c123.o(.text))
<BR><BR>[Calls]<UL><LI><a href="#[35]">&gt;&gt;</a>&nbsp;&nbsp;&nbsp;USB0_Handler
</UL>
<BR>[Called By]<UL><LI><a href="#[35]">&gt;&gt;</a>&nbsp;&nbsp;&nbsp;USB0_Handler
</UL>
<BR>[Address Reference Count : 1]<UL><LI> startup_tm4c123.o(RESET)
</UL>
<P><STRONG><a name="[36]"></a>PWM0_3_Handler</STRONG> (Thumb, 2 bytes, Stack size 0 bytes, startup_tm4c123.o(.text))
<BR><BR>[Calls]<UL><LI><a href="#[36]">&gt;&gt;</a>&nbsp;&nbsp;&nbsp;PWM0_3_Handler
</UL>
<BR>[Called By]<UL><LI><a href="#[36]">&gt;&gt;</a>&nbsp;&nbsp;&nbsp;PWM0_3_Handler
</UL>
<BR>[Address Reference Count : 1]<UL><LI> startup_tm4c123.o(RESET)
</UL>
<P><STRONG><a name="[37]"></a>UDMA_Handler</STRONG> (Thumb, 2 bytes, Stack size 0 bytes, startup_tm4c123.o(.text))
<BR><BR>[Calls]<UL><LI><a href="#[37]">&gt;&gt;</a>&nbsp;&nbsp;&nbsp;UDMA_Handler
</UL>
<BR>[Called By]<UL><LI><a href="#[37]">&gt;&gt;</a>&nbsp;&nbsp;&nbsp;UDMA_Handler
</UL>
<BR>[Address Reference Count : 1]<UL><LI> startup_tm4c123.o(RESET)
</UL>
<P><STRONG><a name="[38]"></a>UDMAERR_Handler</STRONG> (Thumb, 2 bytes, Stack size 0 bytes, startup_tm4c123.o(.text))
<BR><BR>[Calls]<UL><LI><a href="#[38]">&gt;&gt;</a>&nbsp;&nbsp;&nbsp;UDMAERR_Handler
</UL>
<BR>[Called By]<UL><LI><a href="#[38]">&gt;&gt;</a>&nbsp;&nbsp;&nbsp;UDMAERR_Handler
</UL>
<BR>[Address Reference Count : 1]<UL><LI> startup_tm4c123.o(RESET)
</UL>
<P><STRONG><a name="[39]"></a>ADC1SS0_Handler</STRONG> (Thumb, 2 bytes, Stack size 0 bytes, startup_tm4c123.o(.text))
<BR><BR>[Calls]<UL><LI><a href="#[39]">&gt;&gt;</a>&nbsp;&nbsp;&nbsp;ADC1SS0_Handler
</UL>
<BR>[Called By]<UL><LI><a href="#[39]">&gt;&gt;</a>&nbsp;&nbsp;&nbsp;ADC1SS0_Handler
</UL>
<BR>[Address Reference Count : 1]<UL><LI> startup_tm4c123.o(RESET)
</UL>
<P><STRONG><a name="[3a]"></a>ADC1SS1_Handler</STRONG> (Thumb, 2 bytes, Stack size 0 bytes, startup_tm4c123.o(.text))
<BR><BR>[Calls]<UL><LI><a href="#[3a]">&gt;&gt;</a>&nbsp;&nbsp;&nbsp;ADC1SS1_Handler
</UL>
<BR>[Called By]<UL><LI><a href="#[3a]">&gt;&gt;</a>&nbsp;&nbsp;&nbsp;ADC1SS1_Handler
</UL>
<BR>[Address Reference Count : 1]<UL><LI> startup_tm4c123.o(RESET)
</UL>
<P><STRONG><a name="[3b]"></a>ADC1SS2_Handler</STRONG> (Thumb, 2 bytes, Stack size 0 bytes, startup_tm4c123.o(.text))
<BR><BR>[Calls]<UL><LI><a href="#[3b]">&gt;&gt;</a>&nbsp;&nbsp;&nbsp;ADC1SS2_Handler
</UL>
<BR>[Called By]<UL><LI><a href="#[3b]">&gt;&gt;</a>&nbsp;&nbsp;&nbsp;ADC1SS2_Handler
</UL>
<BR>[Address Reference Count : 1]<UL><LI> startup_tm4c123.o(RESET)
</UL>
<P><STRONG><a name="[3c]"></a>ADC1SS3_Handler</STRONG> (Thumb, 2 bytes, Stack size 0 bytes, startup_tm4c123.o(.text))
<BR><BR>[Calls]<UL><LI><a href="#[3c]">&gt;&gt;</a>&nbsp;&nbsp;&nbsp;ADC1SS3_Handler
</UL>
<BR>[Called By]<UL><LI><a href="#[3c]">&gt;&gt;</a>&nbsp;&nbsp;&nbsp;ADC1SS3_Handler
</UL>
<BR>[Address Reference Count : 1]<UL><LI> startup_tm4c123.o(RESET)
</UL>
<P><STRONG><a name="[3d]"></a>GPIOJ_Handler</STRONG> (Thumb, 2 bytes, Stack size 0 bytes, startup_tm4c123.o(.text))
<BR><BR>[Calls]<UL><LI><a href="#[3d]">&gt;&gt;</a>&nbsp;&nbsp;&nbsp;GPIOJ_Handler
</UL>
<BR>[Called By]<UL><LI><a href="#[3d]">&gt;&gt;</a>&nbsp;&nbsp;&nbsp;GPIOJ_Handler
</UL>
<BR>[Address Reference Count : 1]<UL><LI> startup_tm4c123.o(RESET)
</UL>
<P><STRONG><a name="[3e]"></a>GPIOK_Handler</STRONG> (Thumb, 2 bytes, Stack size 0 bytes, startup_tm4c123.o(.text))
<BR><BR>[Calls]<UL><LI><a href="#[3e]">&gt;&gt;</a>&nbsp;&nbsp;&nbsp;GPIOK_Handler
</UL>
<BR>[Called By]<UL><LI><a href="#[3e]">&gt;&gt;</a>&nbsp;&nbsp;&nbsp;GPIOK_Handler
</UL>
<BR>[Address Reference Count : 1]<UL><LI> startup_tm4c123.o(RESET)
</UL>
<P><STRONG><a name="[3f]"></a>GPIOL_Handler</STRONG> (Thumb, 2 bytes, Stack size 0 bytes, startup_tm4c123.o(.text))
<BR><BR>[Calls]<UL><LI><a href="#[3f]">&gt;&gt;</a>&nbsp;&nbsp;&nbsp;GPIOL_Handler
</UL>
<BR>[Called By]<UL><LI><a href="#[3f]">&gt;&gt;</a>&nbsp;&nbsp;&nbsp;GPIOL_Handler
</UL>
<BR>[Address Reference Count : 1]<UL><LI> startup_tm4c123.o(RESET)
</UL>
<P><STRONG><a name="[40]"></a>SSI2_Handler</STRONG> (Thumb, 2 bytes, Stack size 0 bytes, startup_tm4c123.o(.text))
<BR><BR>[Calls]<UL><LI><a href="#[40]">&gt;&gt;</a>&nbsp;&nbsp;&nbsp;SSI2_Handler
</UL>
<BR>[Called By]<UL><LI><a href="#[40]">&gt;&gt;</a>&nbsp;&nbsp;&nbsp;SSI2_Handler
</UL>
<BR>[Address Reference Count : 1]<UL><LI> startup_tm4c123.o(RESET)
</UL>
<P><STRONG><a name="[41]"></a>SSI3_Handler</STRONG> (Thumb, 2 bytes, Stack size 0 bytes, startup_tm4c123.o(.text))
<BR><BR>[Calls]<UL><LI><a href="#[41]">&gt;&gt;</a>&nbsp;&nbsp;&nbsp;SSI3_Handler
</UL>
<BR>[Called By]<UL><LI><a href="#[41]">&gt;&gt;</a>&nbsp;&nbsp;&nbsp;SSI3_Handler
</UL>
<BR>[Address Reference Count : 1]<UL><LI> startup_tm4c123.o(RESET)
</UL>
<P><STRONG><a name="[42]"></a>UART3_Handler</STRONG> (Thumb, 2 bytes, Stack size 0 bytes, startup_tm4c123.o(.text))
<BR><BR>[Calls]<UL><LI><a href="#[42]">&gt;&gt;</a>&nbsp;&nbsp;&nbsp;UART3_Handler
</UL>
<BR>[Called By]<UL><LI><a href="#[42]">&gt;&gt;</a>&nbsp;&nbsp;&nbsp;UART3_Handler
</UL>
<BR>[Address Reference Count : 1]<UL><LI> startup_tm4c123.o(RESET)
</UL>
<P><STRONG><a name="[43]"></a>UART4_Handler</STRONG> (Thumb, 2 bytes, Stack size 0 bytes, startup_tm4c123.o(.text))
<BR><BR>[Calls]<UL><LI><a href="#[43]">&gt;&gt;</a>&nbsp;&nbsp;&nbsp;UART4_Handler
</UL>
<BR>[Called By]<UL><LI><a href="#[43]">&gt;&gt;</a>&nbsp;&nbsp;&nbsp;UART4_Handler
</UL>
<BR>[Address Reference Count : 1]<UL><LI> startup_tm4c123.o(RESET)
</UL>
<P><STRONG><a name="[44]"></a>UART5_Handler</STRONG> (Thumb, 2 bytes, Stack size 0 bytes, startup_tm4c123.o(.text))
<BR><BR>[Calls]<UL><LI><a href="#[44]">&gt;&gt;</a>&nbsp;&nbsp;&nbsp;UART5_Handler
</UL>
<BR>[Called By]<UL><LI><a href="#[44]">&gt;&gt;</a>&nbsp;&nbsp;&nbsp;UART5_Handler
</UL>
<BR>[Address Reference Count : 1]<UL><LI> startup_tm4c123.o(RESET)
</UL>
<P><STRONG><a name="[45]"></a>UART6_Handler</STRONG> (Thumb, 2 bytes, Stack size 0 bytes, startup_tm4c123.o(.text))
<BR><BR>[Calls]<UL><LI><a href="#[45]">&gt;&gt;</a>&nbsp;&nbsp;&nbsp;UART6_Handler
</UL>
<BR>[Called By]<UL><LI><a href="#[45]">&gt;&gt;</a>&nbsp;&nbsp;&nbsp;UART6_Handler
</UL>
<BR>[Address Reference Count : 1]<UL><LI> startup_tm4c123.o(RESET)
</UL>
<P><STRONG><a name="[46]"></a>UART7_Handler</STRONG> (Thumb, 2 bytes, Stack size 0 bytes, startup_tm4c123.o(.text))
<BR><BR>[Calls]<UL><LI><a href="#[46]">&gt;&gt;</a>&nbsp;&nbsp;&nbsp;UART7_Handler
</UL>
<BR>[Called By]<UL><LI><a href="#[46]">&gt;&gt;</a>&nbsp;&nbsp;&nbsp;UART7_Handler
</UL>
<BR>[Address Reference Count : 1]<UL><LI> startup_tm4c123.o(RESET)
</UL>
<P><STRONG><a name="[47]"></a>I2C2_Handler</STRONG> (Thumb, 2 bytes, Stack size 0 bytes, startup_tm4c123.o(.text))
<BR><BR>[Calls]<UL><LI><a href="#[47]">&gt;&gt;</a>&nbsp;&nbsp;&nbsp;I2C2_Handler
</UL>
<BR>[Called By]<UL><LI><a href="#[47]">&gt;&gt;</a>&nbsp;&nbsp;&nbsp;I2C2_Handler
</UL>
<BR>[Address Reference Count : 1]<UL><LI> startup_tm4c123.o(RESET)
</UL>
<P><STRONG><a name="[48]"></a>I2C3_Handler</STRONG> (Thumb, 2 bytes, Stack size 0 bytes, startup_tm4c123.o(.text))
<BR><BR>[Calls]<UL><LI><a href="#[48]">&gt;&gt;</a>&nbsp;&nbsp;&nbsp;I2C3_Handler
</UL>
<BR>[Called By]<UL><LI><a href="#[48]">&gt;&gt;</a>&nbsp;&nbsp;&nbsp;I2C3_Handler
</UL>
<BR>[Address Reference Count : 1]<UL><LI> startup_tm4c123.o(RESET)
</UL>
<P><STRONG><a name="[4a]"></a>TIMER4B_Handler</STRONG> (Thumb, 2 bytes, Stack size 0 bytes, startup_tm4c123.o(.text))
<BR><BR>[Calls]<UL><LI><a href="#[4a]">&gt;&gt;</a>&nbsp;&nbsp;&nbsp;TIMER4B_Handler
</UL>
<BR>[Called By]<UL><LI><a href="#[4a]">&gt;&gt;</a>&nbsp;&nbsp;&nbsp;TIMER4B_Handler
</UL>
<BR>[Address Reference Count : 1]<UL><LI> startup_tm4c123.o(RESET)
</UL>
<P><STRONG><a name="[4c]"></a>TIMER5B_Handler</STRONG> (Thumb, 2 bytes, Stack size 0 bytes, startup_tm4c123.o(.text))
<BR><BR>[Calls]<UL><LI><a href="#[4c]">&gt;&gt;</a>&nbsp;&nbsp;&nbsp;TIMER5B_Handler
</UL>
<BR>[Called By]<UL><LI><a href="#[4c]">&gt;&gt;</a>&nbsp;&nbsp;&nbsp;TIMER5B_Handler
</UL>
<BR>[Address Reference Count : 1]<UL><LI> startup_tm4c123.o(RESET)
</UL>
<P><STRONG><a name="[4e]"></a>WTIMER0B_Handler</STRONG> (Thumb, 2 bytes, Stack size 0 bytes, startup_tm4c123.o(.text))
<BR><BR>[Calls]<UL><LI><a href="#[4e]">&gt;&gt;</a>&nbsp;&nbsp;&nbsp;WTIMER0B_Handler
</UL>
<BR>[Called By]<UL><LI><a href="#[4e]">&gt;&gt;</a>&nbsp;&nbsp;&nbsp;WTIMER0B_Handler
</UL>
<BR>[Address Reference Count : 1]<UL><LI> startup_tm4c123.o(RESET)
</UL>
<P><STRONG><a name="[50]"></a>WTIMER1B_Handler</STRONG> (Thumb, 2 bytes, Stack size 0 bytes, startup_tm4c123.o(.text))
<BR><BR>[Calls]<UL><LI><a href="#[50]">&gt;&gt;</a>&nbsp;&nbsp;&nbsp;WTIMER1B_Handler
</UL>
<BR>[Called By]<UL><LI><a href="#[50]">&gt;&gt;</a>&nbsp;&nbsp;&nbsp;WTIMER1B_Handler
</UL>
<BR>[Address Reference Count : 1]<UL><LI> startup_tm4c123.o(RESET)
</UL>
<P><STRONG><a name="[52]"></a>WTIMER2B_Handler</STRONG> (Thumb, 2 bytes, Stack size 0 bytes, startup_tm4c123.o(.text))
<BR><BR>[Calls]<UL><LI><a href="#[52]">&gt;&gt;</a>&nbsp;&nbsp;&nbsp;WTIMER2B_Handler
</UL>
<BR>[Called By]<UL><LI><a href="#[52]">&gt;&gt;</a>&nbsp;&nbsp;&nbsp;WTIMER2B_Handler
</UL>
<BR>[Address Reference Count : 1]<UL><LI> startup_tm4c123.o(RESET)
</UL>
<P><STRONG><a name="[54]"></a>WTIMER3B_Handler</STRONG> (Thumb, 2 bytes, Stack size 0 bytes, startup_tm4c123.o(.text))
<BR><BR>[Calls]<UL><LI><a href="#[54]">&gt;&gt;</a>&nbsp;&nbsp;&nbsp;WTIMER3B_Handler
</UL>
<BR>[Called By]<UL><LI><a href="#[54]">&gt;&gt;</a>&nbsp;&nbsp;&nbsp;WTIMER3B_Handler
</UL>
<BR>[Address Reference Count : 1]<UL><LI> startup_tm4c123.o(RESET)
</UL>
<P><STRONG><a name="[56]"></a>WTIMER4B_Handler</STRONG> (Thumb, 2 bytes, Stack size 0 bytes, startup_tm4c123.o(.text))
<BR><BR>[Calls]<UL><LI><a href="#[56]">&gt;&gt;</a>&nbsp;&nbsp;&nbsp;WTIMER4B_Handler
</UL>
<BR>[Called By]<UL><LI><a href="#[56]">&gt;&gt;</a>&nbsp;&nbsp;&nbsp;WTIMER4B_Handler
</UL>
<BR>[Address Reference Count : 1]<UL><LI> startup_tm4c123.o(RESET)
</UL>
<P><STRONG><a name="[58]"></a>WTIMER5B_Handler</STRONG> (Thumb, 2 bytes, Stack size 0 bytes, startup_tm4c123.o(.text))
<BR><BR>[Calls]<UL><LI><a href="#[58]">&gt;&gt;</a>&nbsp;&nbsp;&nbsp;WTIMER5B_Handler
</UL>
<BR>[Called By]<UL><LI><a href="#[58]">&gt;&gt;</a>&nbsp;&nbsp;&nbsp;WTIMER5B_Handler
</UL>
<BR>[Address Reference Count : 1]<UL><LI> startup_tm4c123.o(RESET)
</UL>
<P><STRONG><a name="[59]"></a>FPU_Handler</STRONG> (Thumb, 2 bytes, Stack size 0 bytes, startup_tm4c123.o(.text))
<BR><BR>[Calls]<UL><LI><a href="#[59]">&gt;&gt;</a>&nbsp;&nbsp;&nbsp;FPU_Handler
</UL>
<BR>[Called By]<UL><LI><a href="#[59]">&gt;&gt;</a>&nbsp;&nbsp;&nbsp;FPU_Handler
</UL>
<BR>[Address Reference Count : 1]<UL><LI> startup_tm4c123.o(RESET)
</UL>
<P><STRONG><a name="[5a]"></a>I2C4_Handler</STRONG> (Thumb, 2 bytes, Stack size 0 bytes, startup_tm4c123.o(.text))
<BR><BR>[Calls]<UL><LI><a href="#[5a]">&gt;&gt;</a>&nbsp;&nbsp;&nbsp;I2C4_Handler
</UL>
<BR>[Called By]<UL><LI><a href="#[5a]">&gt;&gt;</a>&nbsp;&nbsp;&nbsp;I2C4_Handler
</UL>
<BR>[Address Reference Count : 1]<UL><LI> startup_tm4c123.o(RESET)
</UL>
<P><STRONG><a name="[5b]"></a>I2C5_Handler</STRONG> (Thumb, 2 bytes, Stack size 0 bytes, startup_tm4c123.o(.text))
<BR><BR>[Calls]<UL><LI><a href="#[5b]">&gt;&gt;</a>&nbsp;&nbsp;&nbsp;I2C5_Handler
</UL>
<BR>[Called By]<UL><LI><a href="#[5b]">&gt;&gt;</a>&nbsp;&nbsp;&nbsp;I2C5_Handler
</UL>
<BR>[Address Reference Count : 1]<UL><LI> startup_tm4c123.o(RESET)
</UL>
<P><STRONG><a name="[5c]"></a>GPIOM_Handler</STRONG> (Thumb, 2 bytes, Stack size 0 bytes, startup_tm4c123.o(.text))
<BR><BR>[Calls]<UL><LI><a href="#[5c]">&gt;&gt;</a>&nbsp;&nbsp;&nbsp;GPIOM_Handler
</UL>
<BR>[Called By]<UL><LI><a href="#[5c]">&gt;&gt;</a>&nbsp;&nbsp;&nbsp;GPIOM_Handler
</UL>
<BR>[Address Reference Count : 1]<UL><LI> startup_tm4c123.o(RESET)
</UL>
<P><STRONG><a name="[5d]"></a>GPION_Handler</STRONG> (Thumb, 2 bytes, Stack size 0 bytes, startup_tm4c123.o(.text))
<BR><BR>[Calls]<UL><LI><a href="#[5d]">&gt;&gt;</a>&nbsp;&nbsp;&nbsp;GPION_Handler
</UL>
<BR>[Called By]<UL><LI><a href="#[5d]">&gt;&gt;</a>&nbsp;&nbsp;&nbsp;GPION_Handler
</UL>
<BR>[Address Reference Count : 1]<UL><LI> startup_tm4c123.o(RESET)
</UL>
<P><STRONG><a name="[5e]"></a>QEI2_Handler</STRONG> (Thumb, 2 bytes, Stack size 0 bytes, startup_tm4c123.o(.text))
<BR><BR>[Calls]<UL><LI><a href="#[5e]">&gt;&gt;</a>&nbsp;&nbsp;&nbsp;QEI2_Handler
</UL>
<BR>[Called By]<UL><LI><a href="#[5e]">&gt;&gt;</a>&nbsp;&nbsp;&nbsp;QEI2_Handler
</UL>
<BR>[Address Reference Count : 1]<UL><LI> startup_tm4c123.o(RESET)
</UL>
<P><STRONG><a name="[5f]"></a>GPIOP0_Handler</STRONG> (Thumb, 2 bytes, Stack size 0 bytes, startup_tm4c123.o(.text))
<BR><BR>[Calls]<UL><LI><a href="#[5f]">&gt;&gt;</a>&nbsp;&nbsp;&nbsp;GPIOP0_Handler
</UL>
<BR>[Called By]<UL><LI><a href="#[5f]">&gt;&gt;</a>&nbsp;&nbsp;&nbsp;GPIOP0_Handler
</UL>
<BR>[Address Reference Count : 1]<UL><LI> startup_tm4c123.o(RESET)
</UL>
<P><STRONG><a name="[60]"></a>GPIOP1_Handler</STRONG> (Thumb, 2 bytes, Stack size 0 bytes, startup_tm4c123.o(.text))
<BR><BR>[Calls]<UL><LI><a href="#[60]">&gt;&gt;</a>&nbsp;&nbsp;&nbsp;GPIOP1_Handler
</UL>
<BR>[Called By]<UL><LI><a href="#[60]">&gt;&gt;</a>&nbsp;&nbsp;&nbsp;GPIOP1_Handler
</UL>
<BR>[Address Reference Count : 1]<UL><LI> startup_tm4c123.o(RESET)
</UL>
<P><STRONG><a name="[61]"></a>GPIOP2_Handler</STRONG> (Thumb, 2 bytes, Stack size 0 bytes, startup_tm4c123.o(.text))
<BR><BR>[Calls]<UL><LI><a href="#[61]">&gt;&gt;</a>&nbsp;&nbsp;&nbsp;GPIOP2_Handler
</UL>
<BR>[Called By]<UL><LI><a href="#[61]">&gt;&gt;</a>&nbsp;&nbsp;&nbsp;GPIOP2_Handler
</UL>
<BR>[Address Reference Count : 1]<UL><LI> startup_tm4c123.o(RESET)
</UL>
<P><STRONG><a name="[62]"></a>GPIOP3_Handler</STRONG> (Thumb, 2 bytes, Stack size 0 bytes, startup_tm4c123.o(.text))
<BR><BR>[Calls]<UL><LI><a href="#[62]">&gt;&gt;</a>&nbsp;&nbsp;&nbsp;GPIOP3_Handler
</UL>
<BR>[Called By]<UL><LI><a href="#[62]">&gt;&gt;</a>&nbsp;&nbsp;&nbsp;GPIOP3_Handler
</UL>
<BR>[Address Reference Count : 1]<UL><LI> startup_tm4c123.o(RESET)
</UL>
<P><STRONG><a name="[63]"></a>GPIOP4_Handler</STRONG> (Thumb, 2 bytes, Stack size 0 bytes, startup_tm4c123.o(.text))
<BR><BR>[Calls]<UL><LI><a href="#[63]">&gt;&gt;</a>&nbsp;&nbsp;&nbsp;GPIOP4_Handler
</UL>
<BR>[Called By]<UL><LI><a href="#[63]">&gt;&gt;</a>&nbsp;&nbsp;&nbsp;GPIOP4_Handler
</UL>
<BR>[Address Reference Count : 1]<UL><LI> startup_tm4c123.o(RESET)
</UL>
<P><STRONG><a name="[64]"></a>GPIOP5_Handler</STRONG> (Thumb, 2 bytes, Stack size 0 bytes, startup_tm4c123.o(.text))
<BR><BR>[Calls]<UL><LI><a href="#[64]">&gt;&gt;</a>&nbsp;&nbsp;&nbsp;GPIOP5_Handler
</UL>
<BR>[Called By]<UL><LI><a href="#[64]">&gt;&gt;</a>&nbsp;&nbsp;&nbsp;GPIOP5_Handler
</UL>
<BR>[Address Reference Count : 1]<UL><LI> startup_tm4c123.o(RESET)
</UL>
<P><STRONG><a name="[65]"></a>GPIOP6_Handler</STRONG> (Thumb, 2 bytes, Stack size 0 bytes, startup_tm4c123.o(.text))
<BR><BR>[Calls]<UL><LI><a href="#[65]">&gt;&gt;</a>&nbsp;&nbsp;&nbsp;GPIOP6_Handler
</UL>
<BR>[Called By]<UL><LI><a href="#[65]">&gt;&gt;</a>&nbsp;&nbsp;&nbsp;GPIOP6_Handler
</UL>
<BR>[Address Reference Count : 1]<UL><LI> startup_tm4c123.o(RESET)
</UL>
<P><STRONG><a name="[66]"></a>GPIOP7_Handler</STRONG> (Thumb, 2 bytes, Stack size 0 bytes, startup_tm4c123.o(.text))
<BR><BR>[Calls]<UL><LI><a href="#[66]">&gt;&gt;</a>&nbsp;&nbsp;&nbsp;GPIOP7_Handler
</UL>
<BR>[Called By]<UL><LI><a href="#[66]">&gt;&gt;</a>&nbsp;&nbsp;&nbsp;GPIOP7_Handler
</UL>
<BR>[Address Reference Count : 1]<UL><LI> startup_tm4c123.o(RESET)
</UL>
<P><STRONG><a name="[67]"></a>GPIOQ0_Handler</STRONG> (Thumb, 2 bytes, Stack size 0 bytes, startup_tm4c123.o(.text))
<BR><BR>[Calls]<UL><LI><a href="#[67]">&gt;&gt;</a>&nbsp;&nbsp;&nbsp;GPIOQ0_Handler
</UL>
<BR>[Called By]<UL><LI><a href="#[67]">&gt;&gt;</a>&nbsp;&nbsp;&nbsp;GPIOQ0_Handler
</UL>
<BR>[Address Reference Count : 1]<UL><LI> startup_tm4c123.o(RESET)
</UL>
<P><STRONG><a name="[68]"></a>GPIOQ1_Handler</STRONG> (Thumb, 2 bytes, Stack size 0 bytes, startup_tm4c123.o(.text))
<BR><BR>[Calls]<UL><LI><a href="#[68]">&gt;&gt;</a>&nbsp;&nbsp;&nbsp;GPIOQ1_Handler
</UL>
<BR>[Called By]<UL><LI><a href="#[68]">&gt;&gt;</a>&nbsp;&nbsp;&nbsp;GPIOQ1_Handler
</UL>
<BR>[Address Reference Count : 1]<UL><LI> startup_tm4c123.o(RESET)
</UL>
<P><STRONG><a name="[69]"></a>GPIOQ2_Handler</STRONG> (Thumb, 2 bytes, Stack size 0 bytes, startup_tm4c123.o(.text))
<BR><BR>[Calls]<UL><LI><a href="#[69]">&gt;&gt;</a>&nbsp;&nbsp;&nbsp;GPIOQ2_Handler
</UL>
<BR>[Called By]<UL><LI><a href="#[69]">&gt;&gt;</a>&nbsp;&nbsp;&nbsp;GPIOQ2_Handler
</UL>
<BR>[Address Reference Count : 1]<UL><LI> startup_tm4c123.o(RESET)
</UL>
<P><STRONG><a name="[6a]"></a>GPIOQ3_Handler</STRONG> (Thumb, 2 bytes, Stack size 0 bytes, startup_tm4c123.o(.text))
<BR><BR>[Calls]<UL><LI><a href="#[6a]">&gt;&gt;</a>&nbsp;&nbsp;&nbsp;GPIOQ3_Handler
</UL>
<BR>[Called By]<UL><LI><a href="#[6a]">&gt;&gt;</a>&nbsp;&nbsp;&nbsp;GPIOQ3_Handler
</UL>
<BR>[Address Reference Count : 1]<UL><LI> startup_tm4c123.o(RESET)
</UL>
<P><STRONG><a name="[6b]"></a>GPIOQ4_Handler</STRONG> (Thumb, 2 bytes, Stack size 0 bytes, startup_tm4c123.o(.text))
<BR><BR>[Calls]<UL><LI><a href="#[6b]">&gt;&gt;</a>&nbsp;&nbsp;&nbsp;GPIOQ4_Handler
</UL>
<BR>[Called By]<UL><LI><a href="#[6b]">&gt;&gt;</a>&nbsp;&nbsp;&nbsp;GPIOQ4_Handler
</UL>
<BR>[Address Reference Count : 1]<UL><LI> startup_tm4c123.o(RESET)
</UL>
<P><STRONG><a name="[6c]"></a>GPIOQ5_Handler</STRONG> (Thumb, 2 bytes, Stack size 0 bytes, startup_tm4c123.o(.text))
<BR><BR>[Calls]<UL><LI><a href="#[6c]">&gt;&gt;</a>&nbsp;&nbsp;&nbsp;GPIOQ5_Handler
</UL>
<BR>[Called By]<UL><LI><a href="#[6c]">&gt;&gt;</a>&nbsp;&nbsp;&nbsp;GPIOQ5_Handler
</UL>
<BR>[Address Reference Count : 1]<UL><LI> startup_tm4c123.o(RESET)
</UL>
<P><STRONG><a name="[6d]"></a>GPIOQ6_Handler</STRONG> (Thumb, 2 bytes, Stack size 0 bytes, startup_tm4c123.o(.text))
<BR><BR>[Calls]<UL><LI><a href="#[6d]">&gt;&gt;</a>&nbsp;&nbsp;&nbsp;GPIOQ6_Handler
</UL>
<BR>[Called By]<UL><LI><a href="#[6d]">&gt;&gt;</a>&nbsp;&nbsp;&nbsp;GPIOQ6_Handler
</UL>
<BR>[Address Reference Count : 1]<UL><LI> startup_tm4c123.o(RESET)
</UL>
<P><STRONG><a name="[6e]"></a>GPIOQ7_Handler</STRONG> (Thumb, 2 bytes, Stack size 0 bytes, startup_tm4c123.o(.text))
<BR><BR>[Calls]<UL><LI><a href="#[6e]">&gt;&gt;</a>&nbsp;&nbsp;&nbsp;GPIOQ7_Handler
</UL>
<BR>[Called By]<UL><LI><a href="#[6e]">&gt;&gt;</a>&nbsp;&nbsp;&nbsp;GPIOQ7_Handler
</UL>
<BR>[Address Reference Count : 1]<UL><LI> startup_tm4c123.o(RESET)
</UL>
<P><STRONG><a name="[6f]"></a>GPIOR_Handler</STRONG> (Thumb, 2 bytes, Stack size 0 bytes, startup_tm4c123.o(.text))
<BR><BR>[Calls]<UL><LI><a href="#[6f]">&gt;&gt;</a>&nbsp;&nbsp;&nbsp;GPIOR_Handler
</UL>
<BR>[Called By]<UL><LI><a href="#[6f]">&gt;&gt;</a>&nbsp;&nbsp;&nbsp;GPIOR_Handler
</UL>
<BR>[Address Reference Count : 1]<UL><LI> startup_tm4c123.o(RESET)
</UL>
<P><STRONG><a name="[70]"></a>GPIOS_Handler</STRONG> (Thumb, 2 bytes, Stack size 0 bytes, startup_tm4c123.o(.text))
<BR><BR>[Calls]<UL><LI><a href="#[70]">&gt;&gt;</a>&nbsp;&nbsp;&nbsp;GPIOS_Handler
</UL>
<BR>[Called By]<UL><LI><a href="#[70]">&gt;&gt;</a>&nbsp;&nbsp;&nbsp;GPIOS_Handler
</UL>
<BR>[Address Reference Count : 1]<UL><LI> startup_tm4c123.o(RESET)
</UL>
<P><STRONG><a name="[71]"></a>PMW1_0_Handler</STRONG> (Thumb, 2 bytes, Stack size 0 bytes, startup_tm4c123.o(.text))
<BR><BR>[Calls]<UL><LI><a href="#[71]">&gt;&gt;</a>&nbsp;&nbsp;&nbsp;PMW1_0_Handler
</UL>
<BR>[Called By]<UL><LI><a href="#[71]">&gt;&gt;</a>&nbsp;&nbsp;&nbsp;PMW1_0_Handler
</UL>
<BR>[Address Reference Count : 1]<UL><LI> startup_tm4c123.o(RESET)
</UL>
<P><STRONG><a name="[72]"></a>PWM1_1_Handler</STRONG> (Thumb, 2 bytes, Stack size 0 bytes, startup_tm4c123.o(.text))
<BR><BR>[Calls]<UL><LI><a href="#[72]">&gt;&gt;</a>&nbsp;&nbsp;&nbsp;PWM1_1_Handler
</UL>
<BR>[Called By]<UL><LI><a href="#[72]">&gt;&gt;</a>&nbsp;&nbsp;&nbsp;PWM1_1_Handler
</UL>
<BR>[Address Reference Count : 1]<UL><LI> startup_tm4c123.o(RESET)
</UL>
<P><STRONG><a name="[73]"></a>PWM1_2_Handler</STRONG> (Thumb, 2 bytes, Stack size 0 bytes, startup_tm4c123.o(.text))
<BR><BR>[Calls]<UL><LI><a href="#[73]">&gt;&gt;</a>&nbsp;&nbsp;&nbsp;PWM1_2_Handler
</UL>
<BR>[Called By]<UL><LI><a href="#[73]">&gt;&gt;</a>&nbsp;&nbsp;&nbsp;PWM1_2_Handler
</UL>
<BR>[Address Reference Count : 1]<UL><LI> startup_tm4c123.o(RESET)
</UL>
<P><STRONG><a name="[74]"></a>PWM1_3_Handler</STRONG> (Thumb, 2 bytes, Stack size 0 bytes, startup_tm4c123.o(.text))
<BR><BR>[Calls]<UL><LI><a href="#[74]">&gt;&gt;</a>&nbsp;&nbsp;&nbsp;PWM1_3_Handler
</UL>
<BR>[Called By]<UL><LI><a href="#[74]">&gt;&gt;</a>&nbsp;&nbsp;&nbsp;PWM1_3_Handler
</UL>
<BR>[Address Reference Count : 1]<UL><LI> startup_tm4c123.o(RESET)
</UL>
<P><STRONG><a name="[75]"></a>PWM1_FAULT_Handler</STRONG> (Thumb, 2 bytes, Stack size 0 bytes, startup_tm4c123.o(.text))
<BR><BR>[Calls]<UL><LI><a href="#[75]">&gt;&gt;</a>&nbsp;&nbsp;&nbsp;PWM1_FAULT_Handler
</UL>
<BR>[Called By]<UL><LI><a href="#[75]">&gt;&gt;</a>&nbsp;&nbsp;&nbsp;PWM1_FAULT_Handler
</UL>
<BR>[Address Reference Count : 1]<UL><LI> startup_tm4c123.o(RESET)
</UL>
<P><STRONG><a name="[7a]"></a>__user_initial_stackheap</STRONG> (Thumb, 0 bytes, Stack size unknown bytes, startup_tm4c123.o(.text))
<BR><BR>[Called By]<UL><LI><a href="#[81]">&gt;&gt;</a>&nbsp;&nbsp;&nbsp;__user_setup_stackheap
</UL>

<P><STRONG><a name="[9d]"></a>__aeabi_memclr4</STRONG> (Thumb, 0 bytes, Stack size unknown bytes, rt_memclr_w.o(.text))
<BR><BR>[Called By]<UL><LI><a href="#[9c]">&gt;&gt;</a>&nbsp;&nbsp;&nbsp;EventRecorderInitialize
</UL>

<P><STRONG><a name="[9f]"></a>__aeabi_memclr8</STRONG> (Thumb, 0 bytes, Stack size unknown bytes, rt_memclr_w.o(.text))
<BR><BR>[Called By]<UL><LI><a href="#[9c]">&gt;&gt;</a>&nbsp;&nbsp;&nbsp;EventRecorderInitialize
</UL>

<P><STRONG><a name="[e4]"></a>__rt_memclr_w</STRONG> (Thumb, 0 bytes, Stack size unknown bytes, rt_memclr_w.o(.text), UNUSED)

<P><STRONG><a name="[e5]"></a>_memset_w</STRONG> (Thumb, 74 bytes, Stack size 4 bytes, rt_memclr_w.o(.text), UNUSED)

<P><STRONG><a name="[e6]"></a>__use_two_region_memory</STRONG> (Thumb, 2 bytes, Stack size 0 bytes, heapauxi.o(.text), UNUSED)

<P><STRONG><a name="[e7]"></a>__rt_heap_escrow$2region</STRONG> (Thumb, 2 bytes, Stack size 0 bytes, heapauxi.o(.text), UNUSED)

<P><STRONG><a name="[e8]"></a>__rt_heap_expand$2region</STRONG> (Thumb, 2 bytes, Stack size 0 bytes, heapauxi.o(.text), UNUSED)

<P><STRONG><a name="[81]"></a>__user_setup_stackheap</STRONG> (Thumb, 74 bytes, Stack size 8 bytes, sys_stackheap_outer.o(.text))
<BR><BR>[Stack]<UL><LI>Max Depth = 8 + Unknown Stack Size
<LI>Call Chain = __user_setup_stackheap
</UL>
<BR>[Calls]<UL><LI><a href="#[8b]">&gt;&gt;</a>&nbsp;&nbsp;&nbsp;__user_perproc_libspace
<LI><a href="#[7a]">&gt;&gt;</a>&nbsp;&nbsp;&nbsp;__user_initial_stackheap
</UL>
<BR>[Called By]<UL><LI><a href="#[80]">&gt;&gt;</a>&nbsp;&nbsp;&nbsp;__rt_entry_sh
</UL>

<P><STRONG><a name="[86]"></a>exit</STRONG> (Thumb, 18 bytes, Stack size 8 bytes, exit.o(.text))
<BR><BR>[Stack]<UL><LI>Max Depth = 8 + Unknown Stack Size
<LI>Call Chain = exit
</UL>
<BR>[Calls]<UL><LI><a href="#[8c]">&gt;&gt;</a>&nbsp;&nbsp;&nbsp;__rt_exit
</UL>
<BR>[Called By]<UL><LI><a href="#[84]">&gt;&gt;</a>&nbsp;&nbsp;&nbsp;__rt_entry_main
</UL>

<P><STRONG><a name="[e9]"></a>__user_libspace</STRONG> (Thumb, 8 bytes, Stack size 0 bytes, libspace.o(.text), UNUSED)

<P><STRONG><a name="[8b]"></a>__user_perproc_libspace</STRONG> (Thumb, 0 bytes, Stack size 0 bytes, libspace.o(.text))
<BR><BR>[Called By]<UL><LI><a href="#[81]">&gt;&gt;</a>&nbsp;&nbsp;&nbsp;__user_setup_stackheap
</UL>

<P><STRONG><a name="[ea]"></a>__user_perthread_libspace</STRONG> (Thumb, 0 bytes, Stack size 0 bytes, libspace.o(.text), UNUSED)

<P><STRONG><a name="[8a]"></a>_sys_exit</STRONG> (Thumb, 8 bytes, Stack size 0 bytes, sys_exit.o(.text))
<BR><BR>[Called By]<UL><LI><a href="#[89]">&gt;&gt;</a>&nbsp;&nbsp;&nbsp;__rt_exit_exit
</UL>

<P><STRONG><a name="[eb]"></a>__I$use$semihosting</STRONG> (Thumb, 0 bytes, Stack size 0 bytes, use_no_semi.o(.text), UNUSED)

<P><STRONG><a name="[ec]"></a>__use_no_semihosting_swi</STRONG> (Thumb, 2 bytes, Stack size 0 bytes, use_no_semi.o(.text), UNUSED)

<P><STRONG><a name="[ed]"></a>__semihosting_library_function</STRONG> (Thumb, 0 bytes, Stack size unknown bytes, indicate_semi.o(.text), UNUSED)

<P><STRONG><a name="[be]"></a>App_Start</STRONG> (Thumb, 24 bytes, Stack size 0 bytes, app.o(.text.App_Start))
<BR><BR>[Called By]<UL><LI><a href="#[85]">&gt;&gt;</a>&nbsp;&nbsp;&nbsp;main
</UL>

<P><STRONG><a name="[a9]"></a>App_getLedOffTime</STRONG> (Thumb, 12 bytes, Stack size 0 bytes, app.o(.text.App_getLedOffTime))
<BR><BR>[Called By]<UL><LI><a href="#[79]">&gt;&gt;</a>&nbsp;&nbsp;&nbsp;ISRUSER2
</UL>

<P><STRONG><a name="[a7]"></a>App_getLedOnTime</STRONG> (Thumb, 12 bytes, Stack size 0 bytes, app.o(.text.App_getLedOnTime))
<BR><BR>[Called By]<UL><LI><a href="#[85]">&gt;&gt;</a>&nbsp;&nbsp;&nbsp;main
<LI><a href="#[78]">&gt;&gt;</a>&nbsp;&nbsp;&nbsp;ISRUSER1
</UL>

<P><STRONG><a name="[8e]"></a>Det_ReportError</STRONG> (Thumb, 80 bytes, Stack size 8 bytes, det.o(.text.Det_ReportError))
<BR><BR>[Stack]<UL><LI>Max Depth = 8<LI>Call Chain = Det_ReportError
</UL>
<BR>[Called By]<UL><LI><a href="#[ae]">&gt;&gt;</a>&nbsp;&nbsp;&nbsp;Port_Init
<LI><a href="#[8f]">&gt;&gt;</a>&nbsp;&nbsp;&nbsp;Dio_WriteChannel
<LI><a href="#[8d]">&gt;&gt;</a>&nbsp;&nbsp;&nbsp;Dio_Init
</UL>

<P><STRONG><a name="[8d]"></a>Dio_Init</STRONG> (Thumb, 56 bytes, Stack size 16 bytes, dio.o(.text.Dio_Init))
<BR><BR>[Stack]<UL><LI>Max Depth = 24<LI>Call Chain = Dio_Init &rArr; Det_ReportError
</UL>
<BR>[Calls]<UL><LI><a href="#[8e]">&gt;&gt;</a>&nbsp;&nbsp;&nbsp;Det_ReportError
</UL>
<BR>[Called By]<UL><LI><a href="#[85]">&gt;&gt;</a>&nbsp;&nbsp;&nbsp;main
</UL>

<P><STRONG><a name="[8f]"></a>Dio_WriteChannel</STRONG> (Thumb, 202 bytes, Stack size 24 bytes, dio.o(.text.Dio_WriteChannel))
<BR><BR>[Stack]<UL><LI>Max Depth = 32<LI>Call Chain = Dio_WriteChannel &rArr; Det_ReportError
</UL>
<BR>[Calls]<UL><LI><a href="#[8e]">&gt;&gt;</a>&nbsp;&nbsp;&nbsp;Det_ReportError
</UL>
<BR>[Called By]<UL><LI><a href="#[79]">&gt;&gt;</a>&nbsp;&nbsp;&nbsp;ISRUSER2
<LI><a href="#[78]">&gt;&gt;</a>&nbsp;&nbsp;&nbsp;ISRUSER1
</UL>

[...]
</UL>

<P><STRONG><a name="[b3]"></a>Gpt_Notification_Timer1</STRONG> (Thumb, 16 bytes, Stack size 8 bytes, gpt.o(.text.Gpt_Notification_Timer1))
<BR><BR>[Stack]<UL><LI>Max Depth = 8<LI>Call Chain = Gpt_Notification_Timer1
</UL>
<BR>[Called By]<UL><LI><a href="#[1f]">&gt;&gt;</a>&nbsp;&nbsp;&nbsp;TIMER1A_Handler
</UL>

<P><STRONG><a name="[bc]"></a>Gpt_Notification_Timer11</STRONG> (Thumb, 16 bytes, Stack size 8 bytes, gpt.o(.text.Gpt_Notification_Timer11))
<BR><BR>[Stack]<UL><LI>Max Depth = 8<LI>Call Chain = Gpt_Notification_Timer11
</UL>
<BR>[Called By]<UL><LI><a href="#[57]">&gt;&gt;</a>&nbsp;&nbsp;&nbsp;WTIMER5A_Handler
</UL>

<P><STRONG><a name="[b4]"></a>Gpt_Notification_Timer2</STRONG> (Thumb, 16 bytes, Stack size 8 bytes, gpt.o(.text.Gpt_Notification_Timer2))
<BR><BR>[Stack]<UL><LI>Max Depth = 8<LI>Call Chain = Gpt_Notification_Timer2
</UL>
<BR>[Called By]<UL><LI><a href="#[21]">&gt;&gt;</a>&nbsp;&nbsp;&nbsp;TIMER2A_Handler
</UL>

<P><STRONG><a name="[b5]"></a>Gpt_Notification_Timer4</STRONG> (Thumb, 16 bytes, Stack size 8 bytes, gpt.o(.text.Gpt_Notification_Timer4))
<BR><BR>[Stack]<UL><LI>Max Depth = 8<LI>Call Chain = Gpt_Notification_Timer4
</UL>
<BR>[Called By]<UL><LI><a href="#[49]">&gt;&gt;</a>&nbsp;&nbsp;&nbsp;TIMER4A_Handler
</UL>

<P><STRONG><a name="[b6]"></a>Gpt_Notification_Timer5</STRONG> (Thumb, 16 bytes, Stack size 8 bytes, gpt.o(.text.Gpt_Notification_Timer5))
<BR><BR>[Stack]<UL><LI>Max Depth = 8<LI>Call Chain = Gpt_Notification_Timer5
</UL>
<BR>[Called By]<UL><LI><a href="#[4b]">&gt;&gt;</a>&nbsp;&nbsp;&nbsp;TIMER5A_Handler
</UL>

<P><STRONG><a name="[b8]"></a>Gpt_Notification_Timer6</STRONG> (Thumb, 16 bytes, Stack size 8 bytes, gpt.o(.text.Gpt_Notification_Timer6))
<BR><BR>[Stack]<UL><LI>Max Depth = 8<LI>Call Chain = Gpt_Notification_Timer6
</UL>
<BR>[Called By]<UL><LI><a href="#[4d]">&gt;&gt;</a>&nbsp;&nbsp;&nbsp;WTIMER0A_Handler
</UL>

<P><STRONG><a name="[b9]"></a>Gpt_Notification_Timer7</STRONG> (Thumb, 16 bytes, Stack size 8 bytes, gpt.o(.text.Gpt_Notification_Timer7))
<BR><BR>[Stack]<UL><LI>Max Depth = 8<LI>Call Chain = Gpt_Notification_Timer7
</UL>
<BR>[Called By]<UL><LI><a href="#[4f]">&gt;&gt;</a>&nbsp;&nbsp;&nbsp;WTIMER1A_Handler
</UL>

<P><STRONG><a name="[ba]"></a>Gpt_Notification_Timer8</STRONG> (Thumb, 16 bytes, Stack size 8 bytes, gpt.o(.text.Gpt_Notification_Timer8))
<BR><BR>[Stack]<UL><LI>Max Depth = 8<LI>Call Chain = Gpt_Notification_Timer8
</UL>
<BR>[Called By]<UL><LI><a href="#[51]">&gt;&gt;</a>&nbsp;&nbsp;&nbsp;WTIMER2A_Handler
</UL>

<P><STRONG><a name="[bb]"></a>Gpt_Notification_Timer9</STRONG> (Thumb, 16 bytes, Stack size 8 bytes, gpt.o(.text.Gpt_Notification_Timer9))
<BR><BR>[Stack]<UL><LI>Max Depth = 8<LI>Call Chain = Gpt_Notification_Timer9
</UL>
<BR>[Called By]<UL><LI><a href="#[53]">&gt;&gt;</a>&nbsp;&nbsp;&nbsp;WTIMER3A_Handler
</UL>

<P><STRONG><a name="[a8]"></a>Gpt_StartTimer</STRONG> (Thumb, 446 bytes, Stack size 8 bytes, gpt.o(.text.Gpt_StartTimer))
<BR><BR>[Stack]<UL><LI>Max Depth = 8<LI>Call Chain = Gpt_StartTimer
</UL>
<BR>[Called By]<UL><LI><a href="#[85]">&gt;&gt;</a>&nbsp;&nbsp;&nbsp;main
<LI><a href="#[79]">&gt;&gt;</a>&nbsp;&nbsp;&nbsp;ISRUSER2
<LI><a href="#[78]">&gt;&gt;</a>&nbsp;&nbsp;&nbsp;ISRUSER1
</UL>

<P><STRONG><a name="[a5]"></a>Gpt_StopTimer</STRONG> (Thumb, 66 bytes, Stack size 4 bytes, gpt.o(.text.Gpt_StopTimer))
<BR><BR>[Stack]<UL><LI>Max Depth = 4<LI>Call Chain = Gpt_StopTimer
</UL>
<BR>[Called By]<UL><LI><a href="#[79]">&gt;&gt;</a>&nbsp;&nbsp;&nbsp;ISRUSER2
<LI><a href="#[78]">&gt;&gt;</a>&nbsp;&nbsp;&nbsp;ISRUSER1
</UL>

<P><STRONG><a name="[78]"></a>ISRUSER1</STRONG> (Thumb, 66 bytes, Stack size 16 bytes, main.o(.text.ISRUSER1))
<BR><BR>[Stack]<UL><LI>Max Depth = 140<LI>Call Chain = ISRUSER1 &rArr; EventRecord2 &rArr; EventRecordItem &rArr; UnlockRecord
</UL>
<BR>[Calls]<UL><LI><a href="#[a5]">&gt;&gt;</a>&nbsp;&nbsp;&nbsp;Gpt_StopTimer
<LI><a href="#[a8]">&gt;&gt;</a>&nbsp;&nbsp;&nbsp;Gpt_StartTimer
<LI><a href="#[a6]">&gt;&gt;</a>&nbsp;&nbsp;&nbsp;Gpt_ClearInterruptFlag
<LI><a href="#[94]">&gt;&gt;</a>&nbsp;&nbsp;&nbsp;EventRecord2
<LI><a href="#[8f]">&gt;&gt;</a>&nbsp;&nbsp;&nbsp;Dio_WriteChannel
<LI><a href="#[a7]">&gt;&gt;</a>&nbsp;&nbsp;&nbsp;App_getLedOnTime
</UL>
<BR>[Address Reference Count : 1]<UL><LI> gpt_lcfg.o(.rodata.Gpt_Configuration)
</UL>
<P><STRONG><a name="[79]"></a>ISRUSER2</STRONG> (Thumb, 68 bytes, Stack size 16 bytes, main.o(.text.ISRUSER2))
<BR><BR>[Stack]<UL><LI>Max Depth = 140<LI>Call Chain = ISRUSER2 &rArr; EventRecord2 &rArr; EventRecordItem &rArr; UnlockRecord
</UL>
<BR>[Calls]<UL><LI><a href="#[a5]">&gt;&gt;</a>&nbsp;&nbsp;&nbsp;Gpt_StopTimer
<LI><a href="#[a8]">&gt;&gt;</a>&nbsp;&nbsp;&nbsp;Gpt_StartTimer
<LI><a href="#[a6]">&gt;&gt;</a>&nbsp;&nbsp;&nbsp;Gpt_ClearInterruptFlag
<LI><a href="#[94]">&gt;&gt;</a>&nbsp;&nbsp;&nbsp;EventRecord2
<LI><a href="#[8f]">&gt;&gt;</a>&nbsp;&nbsp;&nbsp;Dio_WriteChannel
<LI><a href="#[a9]">&gt;&gt;</a>&nbsp;&nbsp;&nbsp;App_getLedOffTime
</UL>
<BR>[Address Reference Count : 1]<UL><LI> gpt_lcfg.o(.rodata.Gpt_Configuration)
</UL>
<P><STRONG><a name="[aa]"></a>NVIC_Init</STRONG> (Thumb, 112 bytes, Stack size 24 bytes, nvic_prog.o(.text.NVIC_Init))
<BR><BR>[Stack]<UL><LI>Max Depth = 56<LI>Call Chain = NVIC_Init &rArr; NVIC_SetEnableInterrupt &rArr; NVIC_InterruptVTRegMapper
</UL>
<BR>[Calls]<UL><LI><a href="#[ac]">&gt;&gt;</a>&nbsp;&nbsp;&nbsp;NVIC_SetInterruptPriority
<LI><a href="#[ab]">&gt;&gt;</a>&nbsp;&nbsp;&nbsp;NVIC_SetEnableInterrupt
</UL>
<BR>[Called By]<UL><LI><a href="#[85]">&gt;&gt;</a>&nbsp;&nbsp;&nbsp;main
</UL>

<P><STRONG><a name="[ad]"></a>NVIC_InterruptVTRegMapper</STRONG> (Thumb, 36 bytes, Stack size 8 bytes, nvic_prog.o(.text.NVIC_InterruptVTRegMapper))
<BR><BR>[Stack]<UL><LI>Max Depth = 8<LI>Call Chain = NVIC_InterruptVTRegMapper
</UL>
<BR>[Called By]<UL><LI><a href="#[ab]">&gt;&gt;</a>&nbsp;&nbsp;&nbsp;NVIC_SetEnableInterrupt
</UL>

<P><STRONG><a name="[ab]"></a>NVIC_SetEnableInterrupt</STRONG> (Thumb, 214 bytes, Stack size 24 bytes, nvic_prog.o(.text.NVIC_SetEnableInterrupt))
<BR><BR>[Stack]<UL><LI>Max Depth = 32<LI>Call Chain = NVIC_SetEnableInterrupt &rArr; NVIC_InterruptVTRegMapper
</UL>
<BR>[Calls]<UL><LI><a href="#[ad]">&gt;&gt;</a>&nbsp;&nbsp;&nbsp;NVIC_InterruptVTRegMapper
</UL>
<BR>[Called By]<UL><LI><a href="#[aa]">&gt;&gt;</a>&nbsp;&nbsp;&nbsp;NVIC_Init
</UL>

<P><STRONG><a name="[ac]"></a>NVIC_SetInterruptPriority</STRONG> (Thumb, 120 bytes, Stack size 12 bytes, nvic_prog.o(.text.NVIC_SetInterruptPriority))
<BR><BR>[Stack]<UL><LI>Max Depth = 12<LI>Call Chain = NVIC_SetInterruptPriority
</UL>
<BR>[Called By]<UL><LI><a href="#[aa]">&gt;&gt;</a>&nbsp;&nbsp;&nbsp;NVIC_Init
</UL>

<P><STRONG><a name="[ae]"></a>Port_Init</STRONG> (Thumb, 588 bytes, Stack size 40 bytes, port.o(.text.Port_Init))
<BR><BR>[Stack]<UL><LI>Max Depth = 56<LI>Call Chain = Port_Init &rArr; Port_ConfigureAttachresistor
</UL>
<BR>[Calls]<UL><LI><a href="#[af]">&gt;&gt;</a>&nbsp;&nbsp;&nbsp;Port_ConfigurePinMode
<LI><a href="#[b1]">&gt;&gt;</a>&nbsp;&nbsp;&nbsp;Port_ConfigureAttachresistor
<LI><a href="#[b0]">&gt;&gt;</a>&nbsp;&nbsp;&nbsp;Port_ConfigOutputCurrent
<LI><a href="#[8e]">&gt;&gt;</a>&nbsp;&nbsp;&nbsp;Det_ReportError
</UL>
<BR>[Called By]<UL><LI><a href="#[85]">&gt;&gt;</a>&nbsp;&nbsp;&nbsp;main
</UL>

<P><STRONG><a name="[76]"></a>SystemInit</STRONG> (Thumb, 268 bytes, Stack size 4 bytes, system_tm4c123.o(.text.SystemInit))
<BR><BR>[Stack]<UL><LI>Max Depth = 4<LI>Call Chain = SystemInit
</UL>
<BR>[Address Reference Count : 1]<UL><LI> startup_tm4c123.o(.text)
</UL>
<P><STRONG><a name="[1d]"></a>TIMER0A_Handler</STRONG> (Thumb, 8 bytes, Stack size 8 bytes, gpt.o(.text.TIMER0A_Handler))
<BR><BR>[Stack]<UL><LI>Max Depth = 16<LI>Call Chain = TIMER0A_Handler &rArr; Gpt_Notification_Timer0
</UL>
<BR>[Calls]<UL><LI><a href="#[b2]">&gt;&gt;</a>&nbsp;&nbsp;&nbsp;Gpt_Notification_Timer0
</UL>
<BR>[Address Reference Count : 1]<UL><LI> startup_tm4c123.o(RESET)
</UL>
<P><STRONG><a name="[1f]"></a>TIMER1A_Handler</STRONG> (Thumb, 8 bytes, Stack size 8 bytes, gpt.o(.text.TIMER1A_Handler))
<BR><BR>[Stack]<UL><LI>Max Depth = 16<LI>Call Chain = TIMER1A_Handler &rArr; Gpt_Notification_Timer1
</UL>
<BR>[Calls]<UL><LI><a href="#[b3]">&gt;&gt;</a>&nbsp;&nbsp;&nbsp;Gpt_Notification_Timer1
</UL>
<BR>[Address Reference Count : 1]<UL><LI> startup_tm4c123.o(RESET)
</UL>
<P><STRONG><a name="[21]"></a>TIMER2A_Handler</STRONG> (Thumb, 8 bytes, Stack size 8 bytes, gpt.o(.text.TIMER2A_Handler))
<BR><BR>[Stack]<UL><LI>Max Depth = 16<LI>Call Chain = TIMER2A_Handler &rArr; Gpt_Notification_Timer2
</UL>
<BR>[Calls]<UL><LI><a href="#[b4]">&gt;&gt;</a>&nbsp;&nbsp;&nbsp;Gpt_Notification_Timer2
</UL>
<BR>[Address Reference Count : 1]<UL><LI> startup_tm4c123.o(RESET)
</UL>
<P><STRONG><a name="[2d]"></a>TIMER3A_Handler</STRONG> (Thumb, 4 bytes, Stack size 0 bytes, gpt.o(.text.TIMER3A_Handler))
<BR>[Address Reference Count : 1]<UL><LI> startup_tm4c123.o(RESET)
</UL>
<P><STRONG><a name="[49]"></a>TIMER4A_Handler</STRONG> (Thumb, 8 bytes, Stack size 8 bytes, gpt.o(.text.TIMER4A_Handler))
<BR><BR>[Stack]<UL><LI>Max Depth = 16<LI>Call Chain = TIMER4A_Handler &rArr; Gpt_Notification_Timer4
</UL>
<BR>[Calls]<UL><LI><a href="#[b5]">&gt;&gt;</a>&nbsp;&nbsp;&nbsp;Gpt_Notification_Timer4
</UL>
<BR>[Address Reference Count : 1]<UL><LI> startup_tm4c123.o(RESET)
</UL>
<P><STRONG><a name="[4b]"></a>TIMER5A_Handler</STRONG> (Thumb, 8 bytes, Stack size 8 bytes, gpt.o(.text.TIMER5A_Handler))
<BR><BR>[Stack]<UL><LI>Max Depth = 16<LI>Call Chain = TIMER5A_Handler &rArr; Gpt_Notification_Timer5
</UL>
<BR>[Calls]<UL><LI><a href="#[b6]">&gt;&gt;</a>&nbsp;&nbsp;&nbsp;Gpt_Notification_Timer5
</UL>
<BR>[Address Reference Count : 1]<UL><LI> startup_tm4c123.o(RESET)
</UL>
<P><STRONG><a name="[4d]"></a>WTIMER0A_Handler</STRONG> (Thumb, 8 bytes, Stack size 8 bytes, gpt.o(.text.WTIMER0A_Handler))
<BR><BR>[Stack]<UL><LI>Max Depth = 16<LI>Call Chain = WTIMER0A_Handler &rArr; Gpt_Notification_Timer6
</UL>
<BR>[Calls]<UL><LI><a href="#[b8]">&gt;&gt;</a>&nbsp;&nbsp;&nbsp;Gpt_Notification_Timer6
</UL>
<BR>[Address Reference Count : 1]<UL><LI> startup_tm4c123.o(RESET)
</UL>
<P><STRONG><a name="[4f]"></a>WTIMER1A_Handler</STRONG> (Thumb, 8 bytes, Stack size 8 bytes, gpt.o(.text.WTIMER1A_Handler))
<BR><BR>[Stack]<UL><LI>Max Depth = 16<LI>Call Chain = WTIMER1A_Handler &rArr; Gpt_Notification_Timer7
</UL>
<BR>[Calls]<UL><LI><a href="#[b9]">&gt;&gt;</a>&nbsp;&nbsp;&nbsp;Gpt_Notification_Timer7
</UL>
<BR>[Address Reference Count : 1]<UL><LI> startup_tm4c123.o(RESET)
</UL>
<P><STRONG><a name="[51]"></a>WTIMER2A_Handler</STRONG> (Thumb, 8 bytes, Stack size 8 bytes, gpt.o(.text.WTIMER2A_Handler))
<BR><BR>[Stack]<UL><LI>Max Depth = 16<LI>Call Chain = WTIMER2A_Handler &rArr; Gpt_Notification_Timer8
</UL>
<BR>[Calls]<UL><LI><a href="#[ba]">&gt;&gt;</a>&nbsp;&nbsp;&nbsp;Gpt_Notification_Timer8
</UL>
<BR>[Address Reference Count : 1]<UL><LI> startup_tm4c123.o(RESET)
</UL>
<P><STRONG><a name="[53]"></a>WTIMER3A_Handler</STRONG> (Thumb, 8 bytes, Stack size 8 bytes, gpt.o(.text.WTIMER3A_Handler))
<BR><BR>[Stack]<UL><LI>Max Depth = 16<LI>Call Chain = WTIMER3A_Handler &rArr; Gpt_Notification_Timer9
</UL>
<BR>[Calls]<UL><LI><a href="#[bb]">&gt;&gt;</a>&nbsp;&nbsp;&nbsp;Gpt_Notification_Timer9
</UL>
<BR>[Address Reference Count : 1]<UL><LI> startup_tm4c123.o(RESET)
</UL>
<P><STRONG><a name="[55]"></a>WTIMER4A_Handler</STRONG> (Thumb, 4 bytes, Stack size 0 bytes, gpt.o(.text.WTIMER4A_Handler))
<BR>[Address Reference Count : 1]<UL><LI> startup_tm4c123.o(RESET)
</UL>
<P><STRONG><a name="[57]"></a>WTIMER5A_Handler</STRONG> (Thumb, 8 bytes, Stack size 8 bytes, gpt.o(.text.WTIMER5A_Handler))
<BR><BR>[Stack]<UL><LI>Max Depth = 16<LI>Call Chain = WTIMER5A_Handler &rArr; Gpt_Notification_Timer11
</UL>
<BR>[Calls]<UL><LI><a href="#[bc]">&gt;&gt;</a>&nbsp;&nbsp;&nbsp;Gpt_Notification_Timer11
</UL>
<BR>[Address Reference Count : 1]<UL><LI> startup_tm4c123.o(RESET)
</UL>
<P><STRONG><a name="[85]"></a>main</STRONG> (Thumb, 100 bytes, Stack size 16 bytes, main.o(.text.main))
<BR><BR>[Stack]<UL><LI>Max Depth = 180 + Unknown Stack Size
<LI>Call Chain = main &rArr; EventRecorderInitialize &rArr; EventRecorderStart &rArr; EventRecordItem &rArr; UnlockRecord
</UL>
<BR>[Calls]<UL><LI><a href="#[ae]">&gt;&gt;</a>&nbsp;&nbsp;&nbsp;Port_Init
<LI><a href="#[aa]">&gt;&gt;</a>&nbsp;&nbsp;&nbsp;NVIC_Init
<LI><a href="#[a8]">&gt;&gt;</a>&nbsp;&nbsp;&nbsp;Gpt_StartTimer
<LI><a href="#[bd]">&gt;&gt;</a>&nbsp;&nbsp;&nbsp;Gpt_Init
<LI><a href="#[bf]">&gt;&gt;</a>&nbsp;&nbsp;&nbsp;Gpt_EnableNotification
<LI><a href="#[9c]">&gt;&gt;</a>&nbsp;&nbsp;&nbsp;EventRecorderInitialize
<LI><a href="#[8d]">&gt;&gt;</a>&nbsp;&nbsp;&nbsp;Dio_Init
<LI><a href="#[a7]">&gt;&gt;</a>&nbsp;&nbsp;&nbsp;App_getLedOnTime
<LI><a href="#[be]">&gt;&gt;</a>&nbsp;&nbsp;&nbsp;App_Start
</UL>
<BR>[Called By]<UL><LI><a href="#[84]">&gt;&gt;</a>&nbsp;&nbsp;&nbsp;__rt_entry_main
</UL>

<P><STRONG><a name="[7f]"></a>_fp_init</STRONG> (Thumb, 26 bytes, Stack size 0 bytes, fpinit.o(x$fpl$fpinit))
<BR><BR>[Called By]<UL><LI><a href="#[7e]">&gt;&gt;</a>&nbsp;&nbsp;&nbsp;__rt_lib_init_fp_1
</UL>

<P><STRONG><a name="[ee]"></a>__fplib_config_fpu_vfp</STRONG> (Thumb, 0 bytes, Stack size unknown bytes, fpinit.o(x$fpl$fpinit), UNUSED)

<P><STRONG><a name="[ef]"></a>__fplib_config_pureend_doubles</STRONG> (Thumb, 0 bytes, Stack size unknown bytes, fpinit.o(x$fpl$fpinit), UNUSED)
<P>
<H3>
Local Symbols
</H3>
<P><STRONG><a name="[b0]"></a>Port_ConfigOutputCurrent</STRONG> (Thumb, 120 bytes, Stack size 16 bytes, port.o(.text.Port_ConfigOutputCurrent))
<BR><BR>[Stack]<UL><LI>Max Depth = 16<LI>Call Chain = Port_ConfigOutputCurrent
</UL>
<BR>[Called By]<UL><LI><a href="#[ae]">&gt;&gt;</a>&nbsp;&nbsp;&nbsp;Port_Init
</UL>

<P><STRONG><a name="[b1]"></a>Port_ConfigureAttachresistor</STRONG> (Thumb, 120 bytes, Stack size 16 bytes, port.o(.text.Port_ConfigureAttachresistor))
<BR><BR>[Stack]<UL><LI>Max Depth = 16<LI>Call Chain = Port_ConfigureAttachresistor
</UL>
<BR>[Called By]<UL><LI><a href="#[ae]">&gt;&gt;</a>&nbsp;&nbsp;&nbsp;Port_Init
</UL>

<P><STRONG><a name="[af]"></a>Port_ConfigurePinMode</STRONG> (Thumb, 280 bytes, Stack size 12 bytes, port.o(.text.Port_ConfigurePinMode))
<BR><BR>[Stack]<UL><LI>Max Depth = 12<LI>Call Chain = Port_ConfigurePinMode
</UL>
<BR>[Called By]<UL><LI><a href="#[ae]">&gt;&gt;</a>&nbsp;&nbsp;&nbsp;Port_Init
</UL>

<P><STRONG><a name="[95]"></a>EventCheckFilter</STRONG> (Thumb, 60 bytes, Stack size 8 bytes, eventrecorder.o(.text.EventCheckFilter))
<BR><BR>[Stack]<UL><LI>Max Depth = 8<LI>Call Chain = EventCheckFilter
</UL>
<BR>[Called By]<UL><LI><a href="#[94]">&gt;&gt;</a>&nbsp;&nbsp;&nbsp;EventRecord2
</UL>

<P><STRONG><a name="[90]"></a>EventGetTS</STRONG> (Thumb, 66 bytes, Stack size 24 bytes, eventrecorder.o(.text.EventGetTS))
<BR><BR>[Stack]<UL><LI>Max Depth = 56<LI>Call Chain = EventGetTS &rArr; UpdateTS &rArr; atomic_xch32
</UL>
<BR>[Calls]<UL><LI><a href="#[91]">&gt;&gt;</a>&nbsp;&nbsp;&nbsp;EventRecorderTimerGetCount
<LI><a href="#[92]">&gt;&gt;</a>&nbsp;&nbsp;&nbsp;UpdateTS
<LI><a href="#[93]">&gt;&gt;</a>&nbsp;&nbsp;&nbsp;IncrementOverflowTS
</UL>
<BR>[Called By]<UL><LI><a href="#[a3]">&gt;&gt;</a>&nbsp;&nbsp;&nbsp;EventRecorderStart
<LI><a href="#[9c]">&gt;&gt;</a>&nbsp;&nbsp;&nbsp;EventRecorderInitialize
<LI><a href="#[94]">&gt;&gt;</a>&nbsp;&nbsp;&nbsp;EventRecord2
</UL>

<P><STRONG><a name="[96]"></a>EventRecordItem</STRONG> (Thumb, 254 bytes, Stack size 56 bytes, eventrecorder.o(.text.EventRecordItem))
<BR><BR>[Stack]<UL><LI>Max Depth = 84<LI>Call Chain = EventRecordItem &rArr; UnlockRecord
</UL>
<BR>[Calls]<UL><LI><a href="#[99]">&gt;&gt;</a>&nbsp;&nbsp;&nbsp;UnlockRecord
<LI><a href="#[98]">&gt;&gt;</a>&nbsp;&nbsp;&nbsp;LockRecord
<LI><a href="#[9a]">&gt;&gt;</a>&nbsp;&nbsp;&nbsp;IncrementRecordsWritten
<LI><a href="#[9b]">&gt;&gt;</a>&nbsp;&nbsp;&nbsp;IncrementRecordsDumped
<LI><a href="#[97]">&gt;&gt;</a>&nbsp;&nbsp;&nbsp;GetRecordIndex
</UL>
<BR>[Called By]<UL><LI><a href="#[a3]">&gt;&gt;</a>&nbsp;&nbsp;&nbsp;EventRecorderStart
<LI><a href="#[9c]">&gt;&gt;</a>&nbsp;&nbsp;&nbsp;EventRecorderInitialize
<LI><a href="#[94]">&gt;&gt;</a>&nbsp;&nbsp;&nbsp;EventRecord2
</UL>

<P><STRONG><a name="[97]"></a>GetRecordIndex</STRONG> (Thumb, 18 bytes, Stack size 8 bytes, eventrecorder.o(.text.GetRecordIndex))
<BR><BR>[Stack]<UL><LI>Max Depth = 24<LI>Call Chain = GetRecordIndex &rArr; atomic_inc32
</UL>
<BR>[Calls]<UL><LI><a href="#[a4]">&gt;&gt;</a>&nbsp;&nbsp;&nbsp;atomic_inc32
</UL>
<BR>[Called By]<UL><LI><a href="#[96]">&gt;&gt;</a>&nbsp;&nbsp;&nbsp;EventRecordItem
</UL>

<P><STRONG><a name="[93]"></a>IncrementOverflowTS</STRONG> (Thumb, 18 bytes, Stack size 8 bytes, eventrecorder.o(.text.IncrementOverflowTS))
<BR><BR>[Stack]<UL><LI>Max Depth = 24<LI>Call Chain = IncrementOverflowTS &rArr; atomic_inc32
</UL>
<BR>[Calls]<UL><LI><a href="#[a4]">&gt;&gt;</a>&nbsp;&nbsp;&nbsp;atomic_inc32
</UL>
<BR>[Called By]<UL><LI><a href="#[90]">&gt;&gt;</a>&nbsp;&nbsp;&nbsp;EventGetTS
</UL>

<P><STRONG><a name="[9b]"></a>IncrementRecordsDumped</STRONG> (Thumb, 18 bytes, Stack size 8 bytes, eventrecorder.o(.text.IncrementRecordsDumped))
<BR><BR>[Stack]<UL><LI>Max Depth = 24<LI>Call Chain = IncrementRecordsDumped &rArr; atomic_inc32
</UL>
<BR>[Calls]<UL><LI><a href="#[a4]">&gt;&gt;</a>&nbsp;&nbsp;&nbsp;atomic_inc32
</UL>
<BR>[Called By]<UL><LI><a href="#[96]">&gt;&gt;</a>&nbsp;&nbsp;&nbsp;EventRecordItem
</UL>

<P><STRONG><a name="[9a]"></a>IncrementRecordsWritten</STRONG> (Thumb, 18 bytes, Stack size 8 bytes, eventrecorder.o(.text.IncrementRecordsWritten))
<BR><BR>[Stack]<UL><LI>Max Depth = 24<LI>Call Chain = IncrementRecordsWritten &rArr; atomic_inc32
</UL>
<BR>[Calls]<UL><LI><a href="#[a4]">&gt;&gt;</a>&nbsp;&nbsp;&nbsp;atomic_inc32
</UL>
<BR>[Called By]<UL><LI><a href="#[96]">&gt;&gt;</a>&nbsp;&nbsp;&nbsp;EventRecordItem
</UL>

<P><STRONG><a name="[98]"></a>LockRecord</STRONG> (Thumb, 54 bytes, Stack size 28 bytes, eventrecorder.o(.text.LockRecord))
<BR><BR>[Stack]<UL><LI>Max Depth = 28<LI>Call Chain = LockRecord
</UL>
<BR>[Called By]<UL><LI><a href="#[96]">&gt;&gt;</a>&nbsp;&nbsp;&nbsp;EventRecordItem
</UL>

<P><STRONG><a name="[99]"></a>UnlockRecord</STRONG> (Thumb, 50 bytes, Stack size 28 bytes, eventrecorder.o(.text.UnlockRecord))
<BR><BR>[Stack]<UL><LI>Max Depth = 28<LI>Call Chain = UnlockRecord
</UL>
<BR>[Called By]<UL><LI><a href="#[96]">&gt;&gt;</a>&nbsp;&nbsp;&nbsp;EventRecordItem
</UL>

<P><STRONG><a name="[92]"></a>UpdateTS</STRONG> (Thumb, 26 bytes, Stack size 16 bytes, eventrecorder.o(.text.UpdateTS))
<BR><BR>[Stack]<UL><LI>Max Depth = 32<LI>Call Chain = UpdateTS &rArr; atomic_xch32
</UL>
<BR>[Calls]<UL><LI><a href="#[b7]">&gt;&gt;</a>&nbsp;&nbsp;&nbsp;atomic_xch32
</UL>
<BR>[Called By]<UL><LI><a href="#[90]">&gt;&gt;</a>&nbsp;&nbsp;&nbsp;EventGetTS
</UL>

<P><STRONG><a name="[a4]"></a>atomic_inc32</STRONG> (Thumb, 32 bytes, Stack size 16 bytes, eventrecorder.o(.text.atomic_inc32))
<BR><BR>[Stack]<UL><LI>Max Depth = 16<LI>Call Chain = atomic_inc32
</UL>
<BR>[Called By]<UL><LI><a href="#[9a]">&gt;&gt;</a>&nbsp;&nbsp;&nbsp;IncrementRecordsWritten
<LI><a href="#[9b]">&gt;&gt;</a>&nbsp;&nbsp;&nbsp;IncrementRecordsDumped
<LI><a href="#[93]">&gt;&gt;</a>&nbsp;&nbsp;&nbsp;IncrementOverflowTS
<LI><a href="#[97]">&gt;&gt;</a>&nbsp;&nbsp;&nbsp;GetRecordIndex
</UL>

<P><STRONG><a name="[b7]"></a>atomic_xch32</STRONG> (Thumb, 32 bytes, Stack size 16 bytes, eventrecorder.o(.text.atomic_xch32))
<BR><BR>[Stack]<UL><LI>Max Depth = 16<LI>Call Chain = atomic_xch32
</UL>
<BR>[Called By]<UL><LI><a href="#[92]">&gt;&gt;</a>&nbsp;&nbsp;&nbsp;UpdateTS
</UL>

<P><STRONG><a name="[9e]"></a>crc16_ccitt</STRONG> (Thumb, 130 bytes, Stack size 16 bytes, eventrecorder.o(.text.crc16_ccitt))
<BR><BR>[Stack]<UL><LI>Max Depth = 16<LI>Call Chain = crc16_ccitt
</UL>
<BR>[Called By]<UL><LI><a href="#[9c]">&gt;&gt;</a>&nbsp;&nbsp;&nbsp;EventRecorderInitialize
</UL>
<P>
<H3>
Undefined Global Symbols
</H3><HR></body></html>
