Component: ARM Compiler 6.16 Tool: armlink [5dfeaa00]

==============================================================================

Section Cross References

    main.o(.text.main) refers to eventrecorder.o(.text.EventRecorderInitialize) for EventRecorderInitialize
    main.o(.text.main) refers to port_pbcfg.o(.data.Port_Configuration) for Port_Configuration
    main.o(.text.main) refers to port.o(.text.Port_Init) for Port_Init
    main.o(.text.main) refers to nvic_prog.o(.text.NVIC_Init) for NVIC_Init
    main.o(.text.main) refers to dio_pbcfg.o(.rodata.Dio_Configuration) for Dio_Configuration
    main.o(.text.main) refers to dio.o(.text.Dio_Init) for Dio_Init
    main.o(.text.main) refers to gpt_lcfg.o(.rodata.Gpt_Configuration) for Gpt_Configuration
    main.o(.text.main) refers to gpt.o(.text.Gpt_Init) for Gpt_Init
    main.o(.text.main) refers to app.o(.text.App_Start) for App_Start
    main.o(.text.main) refers to gpt.o(.text.Gpt_EnableNotification) for Gpt_EnableNotification
    main.o(.text.main) refers to app.o(.text.App_getLedOnTime) for App_getLedOnTime
    main.o(.text.main) refers to gpt.o(.text.Gpt_StartTimer) for Gpt_StartTimer
    main.o(.ARM.exidx.text.main) refers to main.o(.text.main) for [Anonymous Symbol]
    main.o(.text.ISRUSER1) refers to eventrecorder.o(.text.EventRecord2) for EventRecord2
    main.o(.text.ISRUSER1) refers to dio.o(.text.Dio_WriteChannel) for Dio_WriteChannel
    main.o(.text.ISRUSER1) refers to gpt.o(.text.Gpt_StopTimer) for Gpt_StopTimer
    main.o(.text.ISRUSER1) refers to gpt.o(.text.Gpt_ClearInterruptFlag) for Gpt_ClearInterruptFlag
    main.o(.text.ISRUSER1) refers to app.o(.text.App_getLedOnTime) for App_getLedOnTime
    main.o(.text.ISRUSER1) refers to gpt.o(.text.Gpt_StartTimer) for Gpt_StartTimer
    main.o(.ARM.exidx.text.ISRUSER1) refers to main.o(.text.ISRUSER1) for [Anonymous Symbol]
    main.o(.text.ISRUSER2) refers to eventrecorder.o(.text.EventRecord2) for EventRecord2
    main.o(.text.ISRUSER2) refers to dio.o(.text.Dio_WriteChannel) for Dio_WriteChannel
    main.o(.text.ISRUSER2) refers to gpt.o(.text.Gpt_StopTimer) for Gpt_StopTimer
    main.o(.text.ISRUSER2) refers to gpt.o(.text.Gpt_ClearInterruptFlag) for Gpt_ClearInterruptFlag
    main.o(.text.ISRUSER2) refers to app.o(.text.App_getLedOffTime) for App_getLedOffTime
    main.o(.text.ISRUSER2) refers to gpt.o(.text.Gpt_StartTimer) for Gpt_StartTimer
    main.o(.ARM.exidx.text.ISRUSER2) refers to main.o(.text.ISRUSER2) for [Anonymous Symbol]
    main.o(.text.ISRUSER3) refers to eventrecorder.o(.text.EventRecord2) for EventRecord2
    main.o(.text.ISRUSER3) refers to dio.o(.text.Dio_FlipChannel) for Dio_FlipChannel
    main.o(.text.ISRUSER3) refers to gpt.o(.text.Gpt_ClearInterruptFlag) for Gpt_ClearInterruptFlag
    main.o(.ARM.exidx.text.ISRUSER3) refers to main.o(.text.ISRUSER3) for [Anonymous Symbol]
    app.o(.text.App_Start) refers to app.o(.bss.App_LedOnTime) for App_LedOnTime
    app.o(.text.App_Start) refers to app.o(.bss.App_LedOffTime) for App_LedOffTime
    app.o(.ARM.exidx.text.App_Start) refers to app.o(.text.App_Start) for [Anonymous Symbol]
    app.o(.text.App_UpdateLedOnTime) refers to app.o(.bss.App_LedOnTime) for App_LedOnTime
    app.o(.ARM.exidx.text.App_UpdateLedOnTime) refers to app.o(.text.App_UpdateLedOnTime) for [Anonymous Symbol]
    app.o(.text.App_UpdateLedOffTime) refers to app.o(.bss.App_LedOffTime) for App_LedOffTime
    app.o(.ARM.exidx.text.App_UpdateLedOffTime) refers to app.o(.text.App_UpdateLedOffTime) for [Anonymous Symbol]
    app.o(.text.App_getLedOnTime) refers to app.o(.bss.App_LedOnTime) for App_LedOnTime
    app.o(.ARM.exidx.text.App_getLedOnTime) refers to app.o(.text.App_getLedOnTime) for [Anonymous Symbol]
    app.o(.text.App_getLedOffTime) refers to app.o(.bss.App_LedOffTime) for App_LedOffTime
    app.o(.ARM.exidx.text.App_getLedOffTime) refers to app.o(.text.App_getLedOffTime) for [Anonymous Symbol]
    gpt_lcfg.o(.rodata.Gpt_Configuration) refers to main.o(.text.ISRUSER1) for ISRUSER1
    gpt_lcfg.o(.rodata.Gpt_Configuration) refers to main.o(.text.ISRUSER2) for ISRUSER2
    det.o(.text.Det_ReportError) refers to det.o(.bss.Det_ModuleId) for Det_ModuleId
    det.o(.text.Det_ReportError) refers to det.o(.bss.Det_InstanceId) for Det_InstanceId
    det.o(.text.Det_ReportError) refers to det.o(.bss.Det_ApiId) for Det_ApiId
    det.o(.text.Det_ReportError) refers to det.o(.bss.Det_ErrorId) for Det_ErrorId
    det.o(.ARM.exidx.text.Det_ReportError) refers to det.o(.text.Det_ReportError) for [Anonymous Symbol]
    det.o(.text.Det_TestLastReportError) refers to det.o(.bss.Det_ModuleId) for Det_ModuleId
    det.o(.text.Det_TestLastReportError) refers to det.o(.bss.Det_InstanceId) for Det_InstanceId
    det.o(.text.Det_TestLastReportError) refers to det.o(.bss.Det_ApiId) for Det_ApiId
    det.o(.text.Det_TestLastReportError) refers to det.o(.bss.Det_ErrorId) for Det_ErrorId
[...]
    __raise.o(.text) refers to defsig.o(CL$$defsig) for __default_signal_handler
    defsig_general.o(.text) refers to sys_wrch.o(.text) for _ttywrch
    sys_wrch.o(.text) refers (Special) to use_no_semi.o(.text) for __I$use$semihosting
    sys_wrch.o(.text) refers (Special) to indicate_semi.o(.text) for __semihosting_library_function
    sys_wrch_hlt.o(.text) refers (Special) to use_no_semi.o(.text) for __I$use$semihosting
    sys_wrch_hlt.o(.text) refers (Special) to indicate_semi.o(.text) for __semihosting_library_function
    defsig.o(CL$$defsig) refers to defsig_rtmem_inner.o(.text) for __rt_SIGRTMEM_inner
    defsig_abrt_inner.o(.text) refers to defsig_general.o(.text) for __default_signal_display
    defsig_fpe_inner.o(.text) refers to defsig_general.o(.text) for __default_signal_display
    defsig_rtred_inner.o(.text) refers to defsig_general.o(.text) for __default_signal_display
    defsig_stak_inner.o(.text) refers to defsig_general.o(.text) for __default_signal_display
    defsig_pvfn_inner.o(.text) refers to defsig_general.o(.text) for __default_signal_display
    defsig_cppl_inner.o(.text) refers to defsig_general.o(.text) for __default_signal_display
    defsig_segv_inner.o(.text) refers to defsig_general.o(.text) for __default_signal_display
    defsig_other.o(.text) refers to defsig_general.o(.text) for __default_signal_display


==============================================================================

Removing Unused input sections from the image.

    Removing main.o(.text), (0 bytes).
    Removing main.o(.ARM.exidx.text.main), (8 bytes).
    Removing main.o(.ARM.exidx.text.ISRUSER1), (8 bytes).
    Removing main.o(.ARM.exidx.text.ISRUSER2), (8 bytes).
    Removing main.o(.text.ISRUSER3), (32 bytes).
    Removing main.o(.ARM.exidx.text.ISRUSER3), (8 bytes).
    Removing main.o(.ARM.use_no_argv), (4 bytes).
    Removing app.o(.text), (0 bytes).
    Removing app.o(.ARM.exidx.text.App_Start), (8 bytes).
    Removing app.o(.text.App_UpdateLedOnTime), (24 bytes).
    Removing app.o(.ARM.exidx.text.App_UpdateLedOnTime), (8 bytes).
    Removing app.o(.text.App_UpdateLedOffTime), (24 bytes).
    Removing app.o(.ARM.exidx.text.App_UpdateLedOffTime), (8 bytes).
    Removing app.o(.ARM.exidx.text.App_getLedOnTime), (8 bytes).
    Removing app.o(.ARM.exidx.text.App_getLedOffTime), (8 bytes).
    Removing dio_lcfg.o(.text), (0 bytes).
    Removing dio_pbcfg.o(.text), (0 bytes).
    Removing gpt_lcfg.o(.text), (0 bytes).
    Removing nvic_lcfg.o(.text), (0 bytes).
    Removing port_lcfg.o(.text), (0 bytes).
    Removing port_pbcfg.o(.text), (0 bytes).
    Removing det.o(.text), (0 bytes).
    Removing det.o(.ARM.exidx.text.Det_ReportError), (8 bytes).
    Removing det.o(.text.Det_TestLastReportError), (176 bytes).
    Removing det.o(.ARM.exidx.text.Det_TestLastReportError), (8 bytes).
    Removing dio.o(.text), (0 bytes).
    Removing dio.o(.ARM.exidx.text.Dio_Init), (8 bytes).
    Removing dio.o(.ARM.exidx.text.Dio_WriteChannel), (8 bytes).
    Removing dio.o(.text.Dio_ReadChannel), (196 bytes).
    Removing dio.o(.ARM.exidx.text.Dio_ReadChannel), (8 bytes).
    Removing dio.o(.text.Dio_FlipChannel), (168 bytes).
    Removing dio.o(.ARM.exidx.text.Dio_FlipChannel), (8 bytes).
    Removing dio.o(.text.Dio_WritePort), (126 bytes).
    Removing dio.o(.ARM.exidx.text.Dio_WritePort), (8 bytes).
    Removing dio.o(.text.Dio_ReadPort), (126 bytes).
    Removing dio.o(.ARM.exidx.text.Dio_ReadPort), (8 bytes).
    Removing dio.o(.text.Dio_GetVersionInfo), (108 bytes).
    Removing dio.o(.ARM.exidx.text.Dio_GetVersionInfo), (8 bytes).
    Removing dio.o(.data.Port_VersionInfo), (8 bytes).
    Removing gpt.o(.text), (0 bytes).
    Removing gpt.o(.ARM.exidx.text.Gpt_Init), (8 bytes).
    Removing gpt.o(.text.Gpt_DisableNotification), (82 bytes).
    Removing gpt.o(.ARM.exidx.text.Gpt_DisableNotification), (8 bytes).
    Removing gpt.o(.ARM.exidx.text.Gpt_EnableNotification), (8 bytes).
    Removing gpt.o(.ARM.exidx.text.Gpt_StartTimer), (8 bytes).
    Removing gpt.o(.ARM.exidx.text.Gpt_StopTimer), (8 bytes).
    Removing gpt.o(.ARM.exidx.text.Gpt_ClearInterruptFlag), (8 bytes).
    Removing gpt.o(.ARM.exidx.text.Gpt_Notification_Timer0), (8 bytes).
    Removing gpt.o(.ARM.exidx.text.Gpt_Notification_Timer1), (8 bytes).
    Removing gpt.o(.ARM.exidx.text.Gpt_Notification_Timer2), (8 bytes).
    Removing gpt.o(.text.Gpt_Notification_Timer3), (16 bytes).
    Removing gpt.o(.ARM.exidx.text.Gpt_Notification_Timer3), (8 bytes).
    Removing gpt.o(.ARM.exidx.text.Gpt_Notification_Timer4), (8 bytes).
    Removing gpt.o(.ARM.exidx.text.Gpt_Notification_Timer5), (8 bytes).
    Removing gpt.o(.ARM.exidx.text.Gpt_Notification_Timer6), (8 bytes).
    Removing gpt.o(.ARM.exidx.text.Gpt_Notification_Timer7), (8 bytes).
    Removing gpt.o(.ARM.exidx.text.Gpt_Notification_Timer8), (8 bytes).
    Removing gpt.o(.ARM.exidx.text.Gpt_Notification_Timer9), (8 bytes).
    Removing gpt.o(.text.Gpt_Notification_Timer10), (16 bytes).
    Removing gpt.o(.ARM.exidx.text.Gpt_Notification_Timer10), (8 bytes).
    Removing gpt.o(.ARM.exidx.text.Gpt_Notification_Timer11), (8 bytes).
    Removing gpt.o(.ARM.exidx.text.TIMER0A_Handler), (8 bytes).
    Removing gpt.o(.ARM.exidx.text.TIMER1A_Handler), (8 bytes).
    Removing gpt.o(.ARM.exidx.text.TIMER2A_Handler), (8 bytes).
    Removing gpt.o(.ARM.exidx.text.TIMER3A_Handler), (8 bytes).
    Removing gpt.o(.ARM.exidx.text.TIMER4A_Handler), (8 bytes).
    Removing gpt.o(.ARM.exidx.text.TIMER5A_Handler), (8 bytes).
    Removing gpt.o(.ARM.exidx.text.WTIMER0A_Handler), (8 bytes).
    Removing gpt.o(.ARM.exidx.text.WTIMER1A_Handler), (8 bytes).
    Removing gpt.o(.ARM.exidx.text.WTIMER2A_Handler), (8 bytes).
    Removing gpt.o(.ARM.exidx.text.WTIMER3A_Handler), (8 bytes).
    Removing gpt.o(.ARM.exidx.text.WTIMER4A_Handler), (8 bytes).
    Removing gpt.o(.ARM.exidx.text.WTIMER5A_Handler), (8 bytes).
    Removing gpt.o(.rodata.GptTotalNumberOfTimers), (1 bytes).
    Removing nvic_prog.o(.text), (0 bytes).
    Removing nvic_prog.o(.ARM.exidx.text.NVIC_Init), (8 bytes).
    Removing nvic_prog.o(.ARM.exidx.text.NVIC_SetEnableInterrupt), (8 bytes).
    Removing nvic_prog.o(.ARM.exidx.text.NVIC_SetInterruptPriority), (8 bytes).
    Removing nvic_prog.o(.ARM.exidx.text.NVIC_InterruptVTRegMapper), (8 bytes).
    Removing nvic_prog.o(.text.NVIC_DisableInterrupt), (214 bytes).
    Removing nvic_prog.o(.ARM.exidx.text.NVIC_DisableInterrupt), (8 bytes).
    Removing nvic_prog.o(.text.NVIC_SetInterruptToPending), (214 bytes).
    Removing nvic_prog.o(.ARM.exidx.text.NVIC_SetInterruptToPending), (8 bytes).
    Removing nvic_prog.o(.text.NVIC_ClearPendingInterrupt), (214 bytes).
    Removing nvic_prog.o(.ARM.exidx.text.NVIC_ClearPendingInterrupt), (8 bytes).
    Removing nvic_prog.o(.text.NVIC_GetIsPendingInterupt), (258 bytes).
    Removing nvic_prog.o(.ARM.exidx.text.NVIC_GetIsPendingInterupt), (8 bytes).
    Removing nvic_prog.o(.text.NVIC_SWActivateInterrupt), (54 bytes).
    Removing nvic_prog.o(.ARM.exidx.text.NVIC_SWActivateInterrupt), (8 bytes).
    Removing port.o(.text), (0 bytes).
    Removing port.o(.ARM.exidx.text.Port_Init), (8 bytes).
    Removing port.o(.ARM.exidx.text.Port_ConfigurePinMode), (8 bytes).
    Removing port.o(.ARM.exidx.text.Port_ConfigOutputCurrent), (8 bytes).
    Removing port.o(.ARM.exidx.text.Port_ConfigureAttachresistor), (8 bytes).
    Removing port.o(.text.Port_SetPinDirection), (264 bytes).
    Removing port.o(.ARM.exidx.text.Port_SetPinDirection), (8 bytes).
    Removing port.o(.text.Port_RefreshPortDirection), (256 bytes).
    Removing port.o(.ARM.exidx.text.Port_RefreshPortDirection), (8 bytes).
    Removing port.o(.text.Port_GetVersionInfo), (108 bytes).
    Removing port.o(.ARM.exidx.text.Port_GetVersionInfo), (8 bytes).
    Removing port.o(.text.Port_SetPinMode), (268 bytes).
    Removing port.o(.ARM.exidx.text.Port_SetPinMode), (8 bytes).
    Removing port.o(.text.Port_IsPortModeValid), (232 bytes).
    Removing port.o(.ARM.exidx.text.Port_IsPortModeValid), (8 bytes).
    Removing port.o(.data.Port_VersionInfo), (8 bytes).
    Removing port.o(.data.Port_PinNumberOfAllowedModes), (43 bytes).
    Removing port.o(.data.Port_ModesMapper), (172 bytes).
    Removing port.o(.data.Port_A_Pin_0_Modes), (3 bytes).
    Removing port.o(.data.Port_A_Pin_1_Modes), (3 bytes).
    Removing port.o(.data.Port_A_Pin_2_Modes), (2 bytes).
    Removing port.o(.data.Port_A_Pin_3_Modes), (2 bytes).
    Removing port.o(.data.Port_A_Pin_4_Modes), (2 bytes).
    Removing port.o(.data.Port_A_Pin_5_Modes), (2 bytes).
    Removing port.o(.data.Port_A_Pin_6_Modes), (3 bytes).
    Removing port.o(.data.Port_A_Pin_7_Modes), (3 bytes).
    Removing port.o(.data.Port_B_Pin_0_Modes), (4 bytes).
    Removing port.o(.data.Port_B_Pin_1_Modes), (4 bytes).
    Removing port.o(.data.Port_B_Pin_2_Modes), (3 bytes).
    Removing port.o(.data.Port_B_Pin_3_Modes), (3 bytes).
    Removing port.o(.data.Port_B_Pin_4_Modes), (6 bytes).
    Removing port.o(.data.Port_B_Pin_5_Modes), (6 bytes).
    Removing port.o(.data.Port_B_Pin_6_Modes), (4 bytes).
    Removing port.o(.data.Port_B_Pin_7_Modes), (4 bytes).
    Removing port.o(.data.Port_C_Pin_0_Modes), (3 bytes).
    Removing port.o(.data.Port_C_Pin_1_Modes), (3 bytes).
    Removing port.o(.data.Port_C_Pin_2_Modes), (3 bytes).
    Removing port.o(.data.Port_C_Pin_3_Modes), (3 bytes).
    Removing port.o(.data.Port_C_Pin_4_Modes), (8 bytes).
    Removing port.o(.data.Port_C_Pin_5_Modes), (8 bytes).
    Removing port.o(.data.Port_C_Pin_6_Modes), (6 bytes).
    Removing port.o(.data.Port_C_Pin_7_Modes), (5 bytes).
    Removing port.o(.data.Port_D_Pin_0_Modes), (8 bytes).
    Removing port.o(.data.Port_D_Pin_1_Modes), (8 bytes).
    Removing port.o(.data.Port_D_Pin_2_Modes), (7 bytes).
    Removing port.o(.data.Port_D_Pin_3_Modes), (7 bytes).
    Removing port.o(.data.Port_D_Pin_4_Modes), (4 bytes).
    Removing port.o(.data.Port_D_Pin_5_Modes), (4 bytes).
    Removing port.o(.data.Port_D_Pin_6_Modes), (5 bytes).
    Removing port.o(.data.Port_D_Pin_7_Modes), (5 bytes).
    Removing port.o(.data.Port_E_Pin_0_Modes), (3 bytes).
    Removing port.o(.data.Port_E_Pin_1_Modes), (3 bytes).
    Removing port.o(.data.Port_E_Pin_2_Modes), (2 bytes).
    Removing port.o(.data.Port_E_Pin_3_Modes), (2 bytes).
    Removing port.o(.data.Port_E_Pin_4_Modes), (7 bytes).
    Removing port.o(.data.Port_E_Pin_5_Modes), (7 bytes).
    Removing port.o(.data.Port_F_Pin_0_Modes), (9 bytes).
    Removing port.o(.data.Port_F_Pin_1_Modes), (8 bytes).
    Removing port.o(.data.Port_F_Pin_2_Modes), (6 bytes).
    Removing port.o(.data.Port_F_Pin_3_Modes), (6 bytes).
    Removing port.o(.data.Port_F_Pin_4_Modes), (5 bytes).
    Removing eventrecorder.o(.text), (0 bytes).
    Removing eventrecorder.o(.ARM.exidx.text.EventRecorderTimerSetup), (8 bytes).
    Removing eventrecorder.o(.ARM.exidx.text.EventRecorderTimerGetFreq), (8 bytes).
    Removing eventrecorder.o(.ARM.exidx.text.EventRecorderTimerGetCount), (8 bytes).
    Removing eventrecorder.o(.ARM.exidx.text.EventRecorderInitialize), (8 bytes).
    Removing eventrecorder.o(.ARM.exidx.text.crc16_ccitt), (8 bytes).
    Removing eventrecorder.o(.ARM.exidx.text.EventRecorderEnable), (8 bytes).
    Removing eventrecorder.o(.ARM.exidx.text.EventGetTS), (8 bytes).
    Removing eventrecorder.o(.ARM.exidx.text.EventRecordItem), (8 bytes).
    Removing eventrecorder.o(.ARM.exidx.text.EventRecorderStart), (8 bytes).
    Removing eventrecorder.o(.text.EventRecorderDisable), (146 bytes).
    Removing eventrecorder.o(.ARM.exidx.text.EventRecorderDisable), (8 bytes).
    Removing eventrecorder.o(.text.EventRecorderStop), (74 bytes).
    Removing eventrecorder.o(.ARM.exidx.text.EventRecorderStop), (8 bytes).
    Removing eventrecorder.o(.text.EventRecorderClockUpdate), (54 bytes).
    Removing eventrecorder.o(.ARM.exidx.text.EventRecorderClockUpdate), (8 bytes).
    Removing eventrecorder.o(.text.EventRecordData), (388 bytes).
    Removing eventrecorder.o(.ARM.exidx.text.EventRecordData), (8 bytes).
    Removing eventrecorder.o(.ARM.exidx.text.EventCheckFilter), (8 bytes).
    Removing eventrecorder.o(.text.GetContext), (18 bytes).
    Removing eventrecorder.o(.ARM.exidx.text.GetContext), (8 bytes).
    Removing eventrecorder.o(.ARM.exidx.text.EventRecord2), (8 bytes).
    Removing eventrecorder.o(.text.EventRecord4), (150 bytes).
    Removing eventrecorder.o(.ARM.exidx.text.EventRecord4), (8 bytes).
    Removing eventrecorder.o(.ARM.exidx.text.UpdateTS), (8 bytes).
    Removing eventrecorder.o(.ARM.exidx.text.IncrementOverflowTS), (8 bytes).
    Removing eventrecorder.o(.ARM.exidx.text.atomic_xch32), (8 bytes).
    Removing eventrecorder.o(.ARM.exidx.text.atomic_inc32), (8 bytes).
    Removing eventrecorder.o(.ARM.exidx.text.GetRecordIndex), (8 bytes).
    Removing eventrecorder.o(.ARM.exidx.text.LockRecord), (8 bytes).
    Removing eventrecorder.o(.ARM.exidx.text.UnlockRecord), (8 bytes).
    Removing eventrecorder.o(.ARM.exidx.text.IncrementRecordsWritten), (8 bytes).
    Removing eventrecorder.o(.ARM.exidx.text.IncrementRecordsDumped), (8 bytes).
    Removing eventrecorder.o(.text.atomic_inc8), (36 bytes).
    Removing eventrecorder.o(.ARM.exidx.text.atomic_inc8), (8 bytes).
    Removing system_tm4c123.o(.text), (0 bytes).
    Removing system_tm4c123.o(.text.SystemCoreClockUpdate), (326 bytes).
    Removing system_tm4c123.o(.ARM.exidx.text.SystemCoreClockUpdate), (8 bytes).
    Removing system_tm4c123.o(.text.getOscClk), (360 bytes).
    Removing system_tm4c123.o(.ARM.exidx.text.getOscClk), (8 bytes).
    Removing system_tm4c123.o(.ARM.exidx.text.SystemInit), (8 bytes).

191 unused section(s) (total 5931 bytes) removed from the image.

==============================================================================

Image Symbol Table

    Local Symbols

    Symbol Name                              Value     Ov Type        Size  Object(Section)

    ../clib/angel/boardlib.s                 0x00000000   Number         0  boardinit1.o ABSOLUTE
    ../clib/angel/boardlib.s                 0x00000000   Number         0  boardinit2.o ABSOLUTE
    ../clib/angel/boardlib.s                 0x00000000   Number         0  boardinit3.o ABSOLUTE
    ../clib/angel/boardlib.s                 0x00000000   Number         0  boardshut.o ABSOLUTE
    ../clib/angel/dczerorl2.s                0x00000000   Number         0  __dczerorl2.o ABSOLUTE
    ../clib/angel/handlers.s                 0x00000000   Number         0  __scatter_zi.o ABSOLUTE
    ../clib/angel/kernel.s                   0x00000000   Number         0  __rtentry.o ABSOLUTE
    ../clib/angel/kernel.s                   0x00000000   Number         0  __rtentry2.o ABSOLUTE
    ../clib/angel/kernel.s                   0x00000000   Number         0  __rtentry4.o ABSOLUTE
    ../clib/angel/kernel.s                   0x00000000   Number         0  rtexit.o ABSOLUTE
    ../clib/angel/kernel.s                   0x00000000   Number         0  rtexit2.o ABSOLUTE
    ../clib/angel/rt.s                       0x00000000   Number         0  rt_raise.o ABSOLUTE
    ../clib/angel/scatter.s                  0x00000000   Number         0  __scatter.o ABSOLUTE
    ../clib/angel/startup.s                  0x00000000   Number         0  __main.o ABSOLUTE
    ../clib/angel/sys.s                      0x00000000   Number         0  sys_stackheap_outer.o ABSOLUTE
    ../clib/angel/sys.s                      0x00000000   Number         0  libspace.o ABSOLUTE
    ../clib/angel/sys.s                      0x00000000   Number         0  use_no_semi.o ABSOLUTE
    ../clib/angel/sys.s                      0x00000000   Number         0  indicate_semi.o ABSOLUTE
    ../clib/angel/sysapp.c                   0x00000000   Number         0  sys_exit.o ABSOLUTE
    ../clib/angel/sysapp.c                   0x00000000   Number         0  sys_exit_hlt.o ABSOLUTE
    ../clib/angel/sysapp.c                   0x00000000   Number         0  sys_command.o ABSOLUTE
    ../clib/angel/sysapp.c                   0x00000000   Number         0  sys_command_hlt.o ABSOLUTE
    ../clib/angel/sysapp.c                   0x00000000   Number         0  sys_wrch.o ABSOLUTE
    ../clib/angel/sysapp.c                   0x00000000   Number         0  sys_wrch_hlt.o ABSOLUTE
    ../clib/armsys.c                         0x00000000   Number         0  argv_veneer.o ABSOLUTE
    ../clib/armsys.c                         0x00000000   Number         0  argv_veneer.o ABSOLUTE
    ../clib/armsys.c                         0x00000000   Number         0  _get_argv_nomalloc.o ABSOLUTE
    ../clib/armsys.c                         0x00000000   Number         0  no_argv.o ABSOLUTE
    ../clib/heapalloc.c                      0x00000000   Number         0  hrguard.o ABSOLUTE
    ../clib/heapaux.c                        0x00000000   Number         0  heapauxi.o ABSOLUTE
    ../clib/libinit.s                        0x00000000   Number         0  libinit.o ABSOLUTE
    ../clib/libinit.s                        0x00000000   Number         0  libinit2.o ABSOLUTE
    ../clib/libinit.s                        0x00000000   Number         0  libshutdown.o ABSOLUTE
    ../clib/libinit.s                        0x00000000   Number         0  libshutdown2.o ABSOLUTE
    ../clib/memcpset.s                       0x00000000   Number         0  rt_memcpy_v6.o ABSOLUTE
    ../clib/memcpset.s                       0x00000000   Number         0  rt_memclr_w.o ABSOLUTE
    ../clib/memcpset.s                       0x00000000   Number         0  rt_memcpy_w.o ABSOLUTE
    ../clib/signal.c                         0x00000000   Number         0  defsig_rtmem_outer.o ABSOLUTE
    ../clib/signal.c                         0x00000000   Number         0  defsig_rtmem_formal.o ABSOLUTE
    ../clib/signal.c                         0x00000000   Number         0  defsig_exit.o ABSOLUTE
    ../clib/signal.c                         0x00000000   Number         0  defsig_rtmem_inner.o ABSOLUTE
    ../clib/signal.c                         0x00000000   Number         0  __raise.o ABSOLUTE
    ../clib/signal.c                         0x00000000   Number         0  defsig_general.o ABSOLUTE
    ../clib/signal.c                         0x00000000   Number         0  defsig_abrt_inner.o ABSOLUTE
    ../clib/signal.c                         0x00000000   Number         0  defsig_fpe_inner.o ABSOLUTE
    ../clib/signal.c                         0x00000000   Number         0  defsig_rtred_inner.o ABSOLUTE
    ../clib/signal.c                         0x00000000   Number         0  defsig_stak_inner.o ABSOLUTE
    ../clib/signal.c                         0x00000000   Number         0  defsig_pvfn_inner.o ABSOLUTE
    ../clib/signal.c                         0x00000000   Number         0  defsig_cppl_inner.o ABSOLUTE
    ../clib/signal.c                         0x00000000   Number         0  defsig_segv_inner.o ABSOLUTE
    ../clib/signal.c                         0x00000000   Number         0  defsig_other.o ABSOLUTE
    ../clib/signal.s                         0x00000000   Number         0  defsig.o ABSOLUTE
    ../clib/stdlib.c                         0x00000000   Number         0  exit.o ABSOLUTE
    ../fplib/fpinit.s                        0x00000000   Number         0  fpinit.o ABSOLUTE
    App.c                                    0x00000000   Number         0  app.o ABSOLUTE
    Det.c                                    0x00000000   Number         0  det.o ABSOLUTE
    Dio.c                                    0x00000000   Number         0  dio.o ABSOLUTE
    Dio_Lcfg.c                               0x00000000   Number         0  dio_lcfg.o ABSOLUTE
    Dio_PBcfg.c                              0x00000000   Number         0  dio_pbcfg.o ABSOLUTE
    EventRecorder.c                          0x00000000   Number         0  eventrecorder.o ABSOLUTE
    Gpt.c                                    0x00000000   Number         0  gpt.o ABSOLUTE
    Gpt_Lcfg.c                               0x00000000   Number         0  gpt_lcfg.o ABSOLUTE
    NVIC_Lcfg.c                              0x00000000   Number         0  nvic_lcfg.o ABSOLUTE
    NVIC_Prog.c                              0x00000000   Number         0  nvic_prog.o ABSOLUTE
    Port.c                                   0x00000000   Number         0  port.o ABSOLUTE
    Port_Lcfg.c                              0x00000000   Number         0  port_lcfg.o ABSOLUTE
    Port_PBcfg.c                             0x00000000   Number         0  port_pbcfg.o ABSOLUTE
    RTE/Device/TM4C123GH6PM/startup_TM4C123.s 0x00000000   Number         0  startup_tm4c123.o ABSOLUTE
    dc.s                                     0x00000000   Number         0  dc.o ABSOLUTE
    main.c                                   0x00000000   Number         0  main.o ABSOLUTE
    system_TM4C123.c                         0x00000000   Number         0  system_tm4c123.o ABSOLUTE
    RESET                                    0x00000000   Section      620  startup_tm4c123.o(RESET)
    !!!main                                  0x0000026c   Section        8  __main.o(!!!main)
    !!!scatter                               0x00000274   Section       52  __scatter.o(!!!scatter)
    !!dczerorl2                              0x000002a8   Section       90  __dczerorl2.o(!!dczerorl2)
    !!handler_zi                             0x00000304   Section       28  __scatter_zi.o(!!handler_zi)
    .ARM.Collect$$libinit$$00000000          0x00000320   Section        2  libinit.o(.ARM.Collect$$libinit$$00000000)
    .ARM.Collect$$libinit$$00000001          0x00000322   Section        4  libinit2.o(.ARM.Collect$$libinit$$00000001)
    .ARM.Collect$$libinit$$00000004          0x00000326   Section        0  libinit2.o(.ARM.Collect$$libinit$$00000004)
    .ARM.Collect$$libinit$$0000000A          0x00000326   Section        0  libinit2.o(.ARM.Collect$$libinit$$0000000A)
    .ARM.Collect$$libinit$$0000000C          0x00000326   Section        0  libinit2.o(.ARM.Collect$$libinit$$0000000C)
    .ARM.Collect$$libinit$$0000000E          0x00000326   Section        0  libinit2.o(.ARM.Collect$$libinit$$0000000E)
    .ARM.Collect$$libinit$$00000011          0x00000326   Section        0  libinit2.o(.ARM.Collect$$libinit$$00000011)
    .ARM.Collect$$libinit$$00000013          0x00000326   Section        0  libinit2.o(.ARM.Collect$$libinit$$00000013)
    .ARM.Collect$$libinit$$00000015          0x00000326   Section        0  libinit2.o(.ARM.Collect$$libinit$$00000015)
    .ARM.Collect$$libinit$$00000017          0x00000326   Section        0  libinit2.o(.ARM.Collect$$libinit$$00000017)
    .ARM.Collect$$libinit$$00000019          0x00000326   Section        0  libinit2.o(.ARM.Collect$$libinit$$00000019)
    .ARM.Collect$$libinit$$0000001B          0x00000326   Section        0  libinit2.o(.ARM.Collect$$libinit$$0000001B)
    .ARM.Collect$$libinit$$0000001D          0x00000326   Section        0  libinit2.o(.ARM.Collect$$libinit$$0000001D)
    .ARM.Collect$$libinit$$0000001F          0x00000326   Section        0  libinit2.o(.ARM.Collect$$libinit$$0000001F)
    .ARM.Collect$$libinit$$00000021          0x00000326   Section        0  libinit2.o(.ARM.Collect$$libinit$$00000021)
    .ARM.Collect$$libinit$$00000023          0x00000326   Section        0  libinit2.o(.ARM.Collect$$libinit$$00000023)
    .ARM.Collect$$libinit$$00000025          0x00000326   Section        0  libinit2.o(.ARM.Collect$$libinit$$00000025)
    .ARM.Collect$$libinit$$0000002C          0x00000326   Section        0  libinit2.o(.ARM.Collect$$libinit$$0000002C)
    .ARM.Collect$$libinit$$0000002E          0x00000326   Section        0  libinit2.o(.ARM.Collect$$libinit$$0000002E)
    .ARM.Collect$$libinit$$00000030          0x00000326   Section        0  libinit2.o(.ARM.Collect$$libinit$$00000030)
    .ARM.Collect$$libinit$$00000032          0x00000326   Section        0  libinit2.o(.ARM.Collect$$libinit$$00000032)
    .ARM.Collect$$libinit$$00000033          0x00000326   Section        2  libinit2.o(.ARM.Collect$$libinit$$00000033)
    .ARM.Collect$$libshutdown$$00000000      0x00000328   Section        2  libshutdown.o(.ARM.Collect$$libshutdown$$00000000)
    .ARM.Collect$$libshutdown$$00000002      0x0000032a   Section        0  libshutdown2.o(.ARM.Collect$$libshutdown$$00000002)
    .ARM.Collect$$libshutdown$$00000004      0x0000032a   Section        0  libshutdown2.o(.ARM.Collect$$libshutdown$$00000004)
    .ARM.Collect$$libshutdown$$00000007      0x0000032a   Section        0  libshutdown2.o(.ARM.Collect$$libshutdown$$00000007)
    .ARM.Collect$$libshutdown$$0000000A      0x0000032a   Section        0  libshutdown2.o(.ARM.Collect$$libshutdown$$0000000A)
    .ARM.Collect$$libshutdown$$0000000C      0x0000032a   Section        0  libshutdown2.o(.ARM.Collect$$libshutdown$$0000000C)
    .ARM.Collect$$libshutdown$$0000000F      0x0000032a   Section        0  libshutdown2.o(.ARM.Collect$$libshutdown$$0000000F)
    .ARM.Collect$$libshutdown$$00000010      0x0000032a   Section        2  libshutdown2.o(.ARM.Collect$$libshutdown$$00000010)
    .ARM.Collect$$rtentry$$00000000          0x0000032c   Section        0  __rtentry.o(.ARM.Collect$$rtentry$$00000000)
    .ARM.Collect$$rtentry$$00000002          0x0000032c   Section        0  __rtentry2.o(.ARM.Collect$$rtentry$$00000002)
    .ARM.Collect$$rtentry$$00000004          0x0000032c   Section        6  __rtentry4.o(.ARM.Collect$$rtentry$$00000004)
    .ARM.Collect$$rtentry$$00000009          0x00000332   Section        0  __rtentry2.o(.ARM.Collect$$rtentry$$00000009)
    .ARM.Collect$$rtentry$$0000000A          0x00000332   Section        4  __rtentry2.o(.ARM.Collect$$rtentry$$0000000A)
    .ARM.Collect$$rtentry$$0000000C          0x00000336   Section        0  __rtentry2.o(.ARM.Collect$$rtentry$$0000000C)
    .ARM.Collect$$rtentry$$0000000D          0x00000336   Section        8  __rtentry2.o(.ARM.Collect$$rtentry$$0000000D)
    .ARM.Collect$$rtexit$$00000000           0x0000033e   Section        2  rtexit.o(.ARM.Collect$$rtexit$$00000000)
    .ARM.Collect$$rtexit$$00000002           0x00000340   Section        0  rtexit2.o(.ARM.Collect$$rtexit$$00000002)
    .ARM.Collect$$rtexit$$00000003           0x00000340   Section        4  rtexit2.o(.ARM.Collect$$rtexit$$00000003)
    .ARM.Collect$$rtexit$$00000004           0x00000344   Section        6  rtexit2.o(.ARM.Collect$$rtexit$$00000004)
    $v0                                      0x0000034c   Number         0  startup_tm4c123.o(.text)
    .text                                    0x0000034c   Section      276  startup_tm4c123.o(.text)
    .text                                    0x00000460   Section       78  rt_memclr_w.o(.text)
    .text                                    0x000004ae   Section        0  heapauxi.o(.text)
    .text                                    0x000004b4   Section       74  sys_stackheap_outer.o(.text)
    .text                                    0x000004fe   Section        0  exit.o(.text)
    .text                                    0x00000510   Section        8  libspace.o(.text)
    .text                                    0x00000518   Section        0  sys_exit.o(.text)
    .text                                    0x00000524   Section        2  use_no_semi.o(.text)
    .text                                    0x00000526   Section        0  indicate_semi.o(.text)
    [Anonymous Symbol]                       0x00000528   Section        0  app.o(.text.App_Start)
    [Anonymous Symbol]                       0x00000540   Section        0  app.o(.text.App_getLedOffTime)
    [Anonymous Symbol]                       0x0000054c   Section        0  app.o(.text.App_getLedOnTime)
    [Anonymous Symbol]                       0x00000558   Section        0  det.o(.text.Det_ReportError)
    [Anonymous Symbol]                       0x000005a8   Section        0  dio.o(.text.Dio_Init)
    [Anonymous Symbol]                       0x000005e0   Section        0  dio.o(.text.Dio_WriteChannel)
    EventCheckFilter                         0x000006ad   Thumb Code    60  eventrecorder.o(.text.EventCheckFilter)
    [Anonymous Symbol]                       0x000006ac   Section        0  eventrecorder.o(.text.EventCheckFilter)
    EventGetTS                               0x000006e9   Thumb Code    66  eventrecorder.o(.text.EventGetTS)
    [Anonymous Symbol]                       0x000006e8   Section        0  eventrecorder.o(.text.EventGetTS)
    [Anonymous Symbol]                       0x0000072c   Section        0  eventrecorder.o(.text.EventRecord2)
    EventRecordItem                          0x00000789   Thumb Code   254  eventrecorder.o(.text.EventRecordItem)
    [Anonymous Symbol]                       0x00000788   Section        0  eventrecorder.o(.text.EventRecordItem)
    [Anonymous Symbol]                       0x00000888   Section        0  eventrecorder.o(.text.EventRecorderEnable)
    [Anonymous Symbol]                       0x0000091c   Section        0  eventrecorder.o(.text.EventRecorderInitialize)
    [Anonymous Symbol]                       0x00000ad8   Section        0  eventrecorder.o(.text.EventRecorderStart)
    [Anonymous Symbol]                       0x00000b24   Section        0  eventrecorder.o(.text.EventRecorderTimerGetCount)
    [Anonymous Symbol]                       0x00000b30   Section        0  eventrecorder.o(.text.EventRecorderTimerGetFreq)
    [Anonymous Symbol]                       0x00000b3c   Section        0  eventrecorder.o(.text.EventRecorderTimerSetup)
    GetRecordIndex                           0x00000b61   Thumb Code    18  eventrecorder.o(.text.GetRecordIndex)
    [Anonymous Symbol]                       0x00000b60   Section        0  eventrecorder.o(.text.GetRecordIndex)
    [Anonymous Symbol]                       0x00000b74   Section        0  gpt.o(.text.Gpt_ClearInterruptFlag)
    [Anonymous Symbol]                       0x00000bb8   Section        0  gpt.o(.text.Gpt_EnableNotification)
    [Anonymous Symbol]                       0x00000c0c   Section        0  gpt.o(.text.Gpt_Init)
    [Anonymous Symbol]                       0x00001468   Section        0  gpt.o(.text.Gpt_Notification_Timer0)
    [Anonymous Symbol]                       0x00001478   Section        0  gpt.o(.text.Gpt_Notification_Timer1)
    [Anonymous Symbol]                       0x00001488   Section        0  gpt.o(.text.Gpt_Notification_Timer11)
    [Anonymous Symbol]                       0x00001498   Section        0  gpt.o(.text.Gpt_Notification_Timer2)
    [Anonymous Symbol]                       0x000014a8   Section        0  gpt.o(.text.Gpt_Notification_Timer4)
    [Anonymous Symbol]                       0x000014b8   Section        0  gpt.o(.text.Gpt_Notification_Timer5)
    [Anonymous Symbol]                       0x000014c8   Section        0  gpt.o(.text.Gpt_Notification_Timer6)
    [Anonymous Symbol]                       0x000014d8   Section        0  gpt.o(.text.Gpt_Notification_Timer7)
    [Anonymous Symbol]                       0x000014e8   Section        0  gpt.o(.text.Gpt_Notification_Timer8)
    [Anonymous Symbol]                       0x000014f8   Section        0  gpt.o(.text.Gpt_Notification_Timer9)
    [Anonymous Symbol]                       0x00001508   Section        0  gpt.o(.text.Gpt_StartTimer)
    [Anonymous Symbol]                       0x000016c8   Section        0  gpt.o(.text.Gpt_StopTimer)
    [Anonymous Symbol]                       0x0000170c   Section        0  main.o(.text.ISRUSER1)
    [Anonymous Symbol]                       0x00001750   Section        0  main.o(.text.ISRUSER2)
    IncrementOverflowTS                      0x00001795   Thumb Code    18  eventrecorder.o(.text.IncrementOverflowTS)
    [Anonymous Symbol]                       0x00001794   Section        0  eventrecorder.o(.text.IncrementOverflowTS)
    IncrementRecordsDumped                   0x000017a9   Thumb Code    18  eventrecorder.o(.text.IncrementRecordsDumped)
    [Anonymous Symbol]                       0x000017a8   Section        0  eventrecorder.o(.text.IncrementRecordsDumped)
    IncrementRecordsWritten                  0x000017bd   Thumb Code    18  eventrecorder.o(.text.IncrementRecordsWritten)
    [Anonymous Symbol]                       0x000017bc   Section        0  eventrecorder.o(.text.IncrementRecordsWritten)
    LockRecord                               0x000017d1   Thumb Code    54  eventrecorder.o(.text.LockRecord)
    [Anonymous Symbol]                       0x000017d0   Section        0  eventrecorder.o(.text.LockRecord)
    [Anonymous Symbol]                       0x00001808   Section        0  nvic_prog.o(.text.NVIC_Init)
    [Anonymous Symbol]                       0x00001878   Section        0  nvic_prog.o(.text.NVIC_InterruptVTRegMapper)
    [Anonymous Symbol]                       0x0000189c   Section        0  nvic_prog.o(.text.NVIC_SetEnableInterrupt)
    [Anonymous Symbol]                       0x00001974   Section        0  nvic_prog.o(.text.NVIC_SetInterruptPriority)
    Port_ConfigOutputCurrent                 0x000019ed   Thumb Code   120  port.o(.text.Port_ConfigOutputCurrent)
    [Anonymous Symbol]                       0x000019ec   Section        0  port.o(.text.Port_ConfigOutputCurrent)
    Port_ConfigureAttachresistor             0x00001a65   Thumb Code   120  port.o(.text.Port_ConfigureAttachresistor)
    [Anonymous Symbol]                       0x00001a64   Section        0  port.o(.text.Port_ConfigureAttachresistor)
    Port_ConfigurePinMode                    0x00001add   Thumb Code   280  port.o(.text.Port_ConfigurePinMode)
    [Anonymous Symbol]                       0x00001adc   Section        0  port.o(.text.Port_ConfigurePinMode)
    [Anonymous Symbol]                       0x00001bf4   Section        0  port.o(.text.Port_Init)
    [Anonymous Symbol]                       0x00001e40   Section        0  system_tm4c123.o(.text.SystemInit)
    [Anonymous Symbol]                       0x00001f4c   Section        0  gpt.o(.text.TIMER0A_Handler)
    [Anonymous Symbol]                       0x00001f54   Section        0  gpt.o(.text.TIMER1A_Handler)
    [Anonymous Symbol]                       0x00001f5c   Section        0  gpt.o(.text.TIMER2A_Handler)
    [Anonymous Symbol]                       0x00001f64   Section        0  gpt.o(.text.TIMER3A_Handler)
    [Anonymous Symbol]                       0x00001f68   Section        0  gpt.o(.text.TIMER4A_Handler)
    [Anonymous Symbol]                       0x00001f70   Section        0  gpt.o(.text.TIMER5A_Handler)
    UnlockRecord                             0x00001f79   Thumb Code    50  eventrecorder.o(.text.UnlockRecord)
    [Anonymous Symbol]                       0x00001f78   Section        0  eventrecorder.o(.text.UnlockRecord)
    UpdateTS                                 0x00001fad   Thumb Code    26  eventrecorder.o(.text.UpdateTS)
    [Anonymous Symbol]                       0x00001fac   Section        0  eventrecorder.o(.text.UpdateTS)
    [Anonymous Symbol]                       0x00001fc8   Section        0  gpt.o(.text.WTIMER0A_Handler)
    [Anonymous Symbol]                       0x00001fd0   Section        0  gpt.o(.text.WTIMER1A_Handler)
    [Anonymous Symbol]                       0x00001fd8   Section        0  gpt.o(.text.WTIMER2A_Handler)
    [Anonymous Symbol]                       0x00001fe0   Section        0  gpt.o(.text.WTIMER3A_Handler)
    [Anonymous Symbol]                       0x00001fe8   Section        0  gpt.o(.text.WTIMER4A_Handler)
    [Anonymous Symbol]                       0x00001fec   Section        0  gpt.o(.text.WTIMER5A_Handler)
    atomic_inc32                             0x00001ff5   Thumb Code    32  eventrecorder.o(.text.atomic_inc32)
    [Anonymous Symbol]                       0x00001ff4   Section        0  eventrecorder.o(.text.atomic_inc32)
    atomic_xch32                             0x00002015   Thumb Code    32  eventrecorder.o(.text.atomic_xch32)
    [Anonymous Symbol]                       0x00002014   Section        0  eventrecorder.o(.text.atomic_xch32)
    crc16_ccitt                              0x00002035   Thumb Code   130  eventrecorder.o(.text.crc16_ccitt)
    [Anonymous Symbol]                       0x00002034   Section        0  eventrecorder.o(.text.crc16_ccitt)
    [Anonymous Symbol]                       0x000020b8   Section        0  main.o(.text.main)
    $v0                                      0x0000211c   Number         0  fpinit.o(x$fpl$fpinit)
    x$fpl$fpinit                             0x0000211c   Section       26  fpinit.o(x$fpl$fpinit)
    __tagsym$$used.0                         0x00002140   Number         0  eventrecorder.o(.rodata.EventRecorderInfo)
    Gpt_TimersAddressesMapper                0x00002178   Data          48  gpt.o(.rodata.Gpt_TimersAddressesMapper)
    [Anonymous Symbol]                       0x00002178   Section        0  gpt.o(.rodata.Gpt_TimersAddressesMapper)
    portAPBbaseAddressArray                  0x20000170   Data          24  port.o(.data.portAPBbaseAddressArray)
    [Anonymous Symbol]                       0x20000170   Section        0  port.o(.data.portAPBbaseAddressArray)
    .bss                                     0x200001c0   Section       96  libspace.o(.bss)
    App_LedOffTime                           0x20000220   Data           1  app.o(.bss.App_LedOffTime)
    [Anonymous Symbol]                       0x20000220   Section        0  app.o(.bss.App_LedOffTime)
    App_LedOnTime                            0x20000221   Data           1  app.o(.bss.App_LedOnTime)
    [Anonymous Symbol]                       0x20000221   Section        0  app.o(.bss.App_LedOnTime)
    Dio_ConfigurationChannelsPointer         0x20000228   Data           4  dio.o(.bss.Dio_ConfigurationChannelsPointer)
    [Anonymous Symbol]                       0x20000228   Section        0  dio.o(.bss.Dio_ConfigurationChannelsPointer)
    Gpt_Initialized                          0x2000022d   Data           1  gpt.o(.bss.Gpt_Initialized)
    [Anonymous Symbol]                       0x2000022d   Section        0  gpt.o(.bss.Gpt_Initialized)
    Gpt_NotificationsEnabledStatus           0x20000260   Data          12  gpt.o(.bss.Gpt_NotificationsEnabledStatus)
    [Anonymous Symbol]                       0x20000260   Section        0  gpt.o(.bss.Gpt_NotificationsEnabledStatus)
    Gpt_PredefinedTimerConfigurations        0x2000026c   Data           5  gpt.o(.bss.Gpt_PredefinedTimerConfigurations)
    [Anonymous Symbol]                       0x2000026c   Section        0  gpt.o(.bss.Gpt_PredefinedTimerConfigurations)
    Gpt_PredefinedTimersInitialized          0x20000271   Data           1  gpt.o(.bss.Gpt_PredefinedTimersInitialized)
    [Anonymous Symbol]                       0x20000271   Section        0  gpt.o(.bss.Gpt_PredefinedTimersInitialized)
    Port_ConfigurationPinsPointer            0x20000274   Data           4  port.o(.bss.Port_ConfigurationPinsPointer)
    [Anonymous Symbol]                       0x20000274   Section        0  port.o(.bss.Port_ConfigurationPinsPointer)
    EventBuffer                              0x20000280   Data        1024  eventrecorder.o(.bss.noinit)
    [Anonymous Symbol]                       0x20000280   Section        0  eventrecorder.o(.bss.noinit)
    EventFilter                              0x20000680   Data         128  eventrecorder.o(.bss.noinit)
    EventStatus                              0x20000700   Data          36  eventrecorder.o(.bss.noinit)
    Heap_Mem                                 0x20000728   Data           0  startup_tm4c123.o(HEAP)
    Stack_Mem                                0x20000728   Data         512  startup_tm4c123.o(STACK)
    HEAP                                     0x20000728   Section        0  startup_tm4c123.o(HEAP)
    STACK                                    0x20000728   Section      512  startup_tm4c123.o(STACK)
    __initial_sp                             0x20000928   Data           0  startup_tm4c123.o(STACK)

    Global Symbols

    Symbol Name                              Value     Ov Type        Size  Object(Section)

    BuildAttributes$$THM_ISAv4$E$P$D$K$B$S$7EM$VFPi3$EXTD16$VFPS$VFMA$PE$A:L22UL41UL21$X:L11$S22US41US21$IEEE1$IW$~IW$USESV6$~STKCKD$USESV7$~SHL$OSPACE$ROPI$EBA8$UX$STANDARDLIB$REQ8$PRES8$EABIv2 0x00000000   Number         0  anon$$obj.o ABSOLUTE
    __Vectors                                0x00000000   Data           4  startup_tm4c123.o(RESET)
    __ARM_exceptions_init                     - Undefined Weak Reference
    __alloca_initialize                       - Undefined Weak Reference
    __arm_preinit_                            - Undefined Weak Reference
    __cpp_initialize__aeabi_                  - Undefined Weak Reference
    __cxa_finalize                            - Undefined Weak Reference
    __rt_locale                               - Undefined Weak Reference
    __sigvec_lookup                           - Undefined Weak Reference
    _atexit_init                              - Undefined Weak Reference
    _call_atexit_fns                          - Undefined Weak Reference
    _clock_init                               - Undefined Weak Reference
    _fp_trap_init                             - Undefined Weak Reference
    _fp_trap_shutdown                         - Undefined Weak Reference
    _get_lc_collate                           - Undefined Weak Reference
    _get_lc_ctype                             - Undefined Weak Reference
    _get_lc_monetary                          - Undefined Weak Reference
    _get_lc_numeric                           - Undefined Weak Reference
    _get_lc_time                              - Undefined Weak Reference
    _getenv_init                              - Undefined Weak Reference
    _handle_redirection                       - Undefined Weak Reference
    _init_alloc                               - Undefined Weak Reference
    _init_user_alloc                          - Undefined Weak Reference
    _initio                                   - Undefined Weak Reference
    _rand_init                                - Undefined Weak Reference
    _signal_finish                            - Undefined Weak Reference
    _signal_init                              - Undefined Weak Reference
    _terminate_alloc                          - Undefined Weak Reference
    _terminate_user_alloc                     - Undefined Weak Reference
    _terminateio                              - Undefined Weak Reference
    __Vectors_End                            0x0000026c   Data           0  startup_tm4c123.o(RESET)
    __Vectors_Size                           0x0000026c   Number         0  startup_tm4c123.o ABSOLUTE
    __main                                   0x0000026d   Thumb Code     8  __main.o(!!!main)
    __scatterload                            0x00000275   Thumb Code     0  __scatter.o(!!!scatter)
    __scatterload_rt2                        0x00000275   Thumb Code    44  __scatter.o(!!!scatter)
    __scatterload_rt2_thumb_only             0x00000275   Thumb Code     0  __scatter.o(!!!scatter)
    __scatterload_null                       0x00000283   Thumb Code     0  __scatter.o(!!!scatter)
    __decompress                             0x000002a9   Thumb Code    90  __dczerorl2.o(!!dczerorl2)
    __decompress1                            0x000002a9   Thumb Code     0  __dczerorl2.o(!!dczerorl2)
    __scatterload_zeroinit                   0x00000305   Thumb Code    28  __scatter_zi.o(!!handler_zi)
    __rt_lib_init                            0x00000321   Thumb Code     0  libinit.o(.ARM.Collect$$libinit$$00000000)
    __rt_lib_init_fp_1                       0x00000323   Thumb Code     0  libinit2.o(.ARM.Collect$$libinit$$00000001)
    __rt_lib_init_alloca_1                   0x00000327   Thumb Code     0  libinit2.o(.ARM.Collect$$libinit$$0000002E)
    __rt_lib_init_argv_1                     0x00000327   Thumb Code     0  libinit2.o(.ARM.Collect$$libinit$$0000002C)
    __rt_lib_init_atexit_1                   0x00000327   Thumb Code     0  libinit2.o(.ARM.Collect$$libinit$$0000001B)
    __rt_lib_init_clock_1                    0x00000327   Thumb Code     0  libinit2.o(.ARM.Collect$$libinit$$00000021)
    __rt_lib_init_cpp_1                      0x00000327   Thumb Code     0  libinit2.o(.ARM.Collect$$libinit$$00000032)
    __rt_lib_init_exceptions_1               0x00000327   Thumb Code     0  libinit2.o(.ARM.Collect$$libinit$$00000030)
    __rt_lib_init_fp_trap_1                  0x00000327   Thumb Code     0  libinit2.o(.ARM.Collect$$libinit$$0000001F)
    __rt_lib_init_getenv_1                   0x00000327   Thumb Code     0  libinit2.o(.ARM.Collect$$libinit$$00000023)
    __rt_lib_init_heap_1                     0x00000327   Thumb Code     0  libinit2.o(.ARM.Collect$$libinit$$0000000A)
    __rt_lib_init_lc_collate_1               0x00000327   Thumb Code     0  libinit2.o(.ARM.Collect$$libinit$$00000011)
    __rt_lib_init_lc_ctype_1                 0x00000327   Thumb Code     0  libinit2.o(.ARM.Collect$$libinit$$00000013)
    __rt_lib_init_lc_monetary_1              0x00000327   Thumb Code     0  libinit2.o(.ARM.Collect$$libinit$$00000015)
    __rt_lib_init_lc_numeric_1               0x00000327   Thumb Code     0  libinit2.o(.ARM.Collect$$libinit$$00000017)
    __rt_lib_init_lc_time_1                  0x00000327   Thumb Code     0  libinit2.o(.ARM.Collect$$libinit$$00000019)
    __rt_lib_init_preinit_1                  0x00000327   Thumb Code     0  libinit2.o(.ARM.Collect$$libinit$$00000004)
    __rt_lib_init_rand_1                     0x00000327   Thumb Code     0  libinit2.o(.ARM.Collect$$libinit$$0000000E)
    __rt_lib_init_return                     0x00000327   Thumb Code     0  libinit2.o(.ARM.Collect$$libinit$$00000033)
    __rt_lib_init_signal_1                   0x00000327   Thumb Code     0  libinit2.o(.ARM.Collect$$libinit$$0000001D)
    __rt_lib_init_stdio_1                    0x00000327   Thumb Code     0  libinit2.o(.ARM.Collect$$libinit$$00000025)
    __rt_lib_init_user_alloc_1               0x00000327   Thumb Code     0  libinit2.o(.ARM.Collect$$libinit$$0000000C)
    __rt_lib_shutdown                        0x00000329   Thumb Code     0  libshutdown.o(.ARM.Collect$$libshutdown$$00000000)
    __rt_lib_shutdown_cpp_1                  0x0000032b   Thumb Code     0  libshutdown2.o(.ARM.Collect$$libshutdown$$00000002)
    __rt_lib_shutdown_fp_trap_1              0x0000032b   Thumb Code     0  libshutdown2.o(.ARM.Collect$$libshutdown$$00000007)
    __rt_lib_shutdown_heap_1                 0x0000032b   Thumb Code     0  libshutdown2.o(.ARM.Collect$$libshutdown$$0000000F)
    __rt_lib_shutdown_return                 0x0000032b   Thumb Code     0  libshutdown2.o(.ARM.Collect$$libshutdown$$00000010)
    __rt_lib_shutdown_signal_1               0x0000032b   Thumb Code     0  libshutdown2.o(.ARM.Collect$$libshutdown$$0000000A)
    __rt_lib_shutdown_stdio_1                0x0000032b   Thumb Code     0  libshutdown2.o(.ARM.Collect$$libshutdown$$00000004)
    __rt_lib_shutdown_user_alloc_1           0x0000032b   Thumb Code     0  libshutdown2.o(.ARM.Collect$$libshutdown$$0000000C)
    __rt_entry                               0x0000032d   Thumb Code     0  __rtentry.o(.ARM.Collect$$rtentry$$00000000)
    __rt_entry_presh_1                       0x0000032d   Thumb Code     0  __rtentry2.o(.ARM.Collect$$rtentry$$00000002)
    __rt_entry_sh                            0x0000032d   Thumb Code     0  __rtentry4.o(.ARM.Collect$$rtentry$$00000004)
    __rt_entry_li                            0x00000333   Thumb Code     0  __rtentry2.o(.ARM.Collect$$rtentry$$0000000A)
    __rt_entry_postsh_1                      0x00000333   Thumb Code     0  __rtentry2.o(.ARM.Collect$$rtentry$$00000009)
    __rt_entry_main                          0x00000337   Thumb Code     0  __rtentry2.o(.ARM.Collect$$rtentry$$0000000D)
    __rt_entry_postli_1                      0x00000337   Thumb Code     0  __rtentry2.o(.ARM.Collect$$rtentry$$0000000C)
    __rt_exit                                0x0000033f   Thumb Code     0  rtexit.o(.ARM.Collect$$rtexit$$00000000)
    __rt_exit_ls                             0x00000341   Thumb Code     0  rtexit2.o(.ARM.Collect$$rtexit$$00000003)
    __rt_exit_prels_1                        0x00000341   Thumb Code     0  rtexit2.o(.ARM.Collect$$rtexit$$00000002)
    __rt_exit_exit                           0x00000345   Thumb Code     0  rtexit2.o(.ARM.Collect$$rtexit$$00000004)
    Reset_Handler                            0x0000034d   Thumb Code     8  startup_tm4c123.o(.text)
    NMI_Handler                              0x00000355   Thumb Code     2  startup_tm4c123.o(.text)
    HardFault_Handler                        0x00000357   Thumb Code     2  startup_tm4c123.o(.text)
    MemManage_Handler                        0x00000359   Thumb Code     2  startup_tm4c123.o(.text)
    BusFault_Handler                         0x0000035b   Thumb Code     2  startup_tm4c123.o(.text)
    UsageFault_Handler                       0x0000035d   Thumb Code     2  startup_tm4c123.o(.text)
    SVC_Handler                              0x0000035f   Thumb Code     2  startup_tm4c123.o(.text)
    DebugMon_Handler                         0x00000361   Thumb Code     2  startup_tm4c123.o(.text)
    PendSV_Handler                           0x00000363   Thumb Code     2  startup_tm4c123.o(.text)
    SysTick_Handler                          0x00000365   Thumb Code     2  startup_tm4c123.o(.text)
    GPIOA_Handler                            0x00000367   Thumb Code     2  startup_tm4c123.o(.text)
    GPIOB_Handler                            0x00000369   Thumb Code     2  startup_tm4c123.o(.text)
    GPIOC_Handler                            0x0000036b   Thumb Code     2  startup_tm4c123.o(.text)
    GPIOD_Handler                            0x0000036d   Thumb Code     2  startup_tm4c123.o(.text)
    GPIOE_Handler                            0x0000036f   Thumb Code     2  startup_tm4c123.o(.text)
    UART0_Handler                            0x00000371   Thumb Code     2  startup_tm4c123.o(.text)
    UART1_Handler                            0x00000373   Thumb Code     2  startup_tm4c123.o(.text)
    SSI0_Handler                             0x00000375   Thumb Code     2  startup_tm4c123.o(.text)
    I2C0_Handler                             0x00000377   Thumb Code     2  startup_tm4c123.o(.text)
    PMW0_FAULT_Handler                       0x00000379   Thumb Code     2  startup_tm4c123.o(.text)
    PWM0_0_Handler                           0x0000037b   Thumb Code     2  startup_tm4c123.o(.text)
    PWM0_1_Handler                           0x0000037d   Thumb Code     2  startup_tm4c123.o(.text)
    PWM0_2_Handler                           0x0000037f   Thumb Code     2  startup_tm4c123.o(.text)
    QEI0_Handler                             0x00000381   Thumb Code     2  startup_tm4c123.o(.text)
    ADC0SS0_Handler                          0x00000383   Thumb Code     2  startup_tm4c123.o(.text)
    ADC0SS1_Handler                          0x00000385   Thumb Code     2  startup_tm4c123.o(.text)
    ADC0SS2_Handler                          0x00000387   Thumb Code     2  startup_tm4c123.o(.text)
    ADC0SS3_Handler                          0x00000389   Thumb Code     2  startup_tm4c123.o(.text)
    WDT0_Handler                             0x0000038b   Thumb Code     2  startup_tm4c123.o(.text)
    TIMER0B_Handler                          0x0000038f   Thumb Code     2  startup_tm4c123.o(.text)
    TIMER1B_Handler                          0x00000393   Thumb Code     2  startup_tm4c123.o(.text)
    TIMER2B_Handler                          0x00000397   Thumb Code     2  startup_tm4c123.o(.text)
    COMP0_Handler                            0x00000399   Thumb Code     2  startup_tm4c123.o(.text)
    COMP1_Handler                            0x0000039b   Thumb Code     2  startup_tm4c123.o(.text)
    COMP2_Handler                            0x0000039d   Thumb Code     2  startup_tm4c123.o(.text)
    SYSCTL_Handler                           0x0000039f   Thumb Code     2  startup_tm4c123.o(.text)
    FLASH_Handler                            0x000003a1   Thumb Code     2  startup_tm4c123.o(.text)
    GPIOF_Handler                            0x000003a3   Thumb Code     2  startup_tm4c123.o(.text)
    GPIOG_Handler                            0x000003a5   Thumb Code     2  startup_tm4c123.o(.text)
    GPIOH_Handler                            0x000003a7   Thumb Code     2  startup_tm4c123.o(.text)
    UART2_Handler                            0x000003a9   Thumb Code     2  startup_tm4c123.o(.text)
    SSI1_Handler                             0x000003ab   Thumb Code     2  startup_tm4c123.o(.text)
    TIMER3B_Handler                          0x000003af   Thumb Code     2  startup_tm4c123.o(.text)
    I2C1_Handler                             0x000003b1   Thumb Code     2  startup_tm4c123.o(.text)
    QEI1_Handler                             0x000003b3   Thumb Code     2  startup_tm4c123.o(.text)
    CAN0_Handler                             0x000003b5   Thumb Code     2  startup_tm4c123.o(.text)
    CAN1_Handler                             0x000003b7   Thumb Code     2  startup_tm4c123.o(.text)
    CAN2_Handler                             0x000003b9   Thumb Code     2  startup_tm4c123.o(.text)
    HIB_Handler                              0x000003bb   Thumb Code     2  startup_tm4c123.o(.text)
    USB0_Handler                             0x000003bd   Thumb Code     2  startup_tm4c123.o(.text)
    PWM0_3_Handler                           0x000003bf   Thumb Code     2  startup_tm4c123.o(.text)
    UDMA_Handler                             0x000003c1   Thumb Code     2  startup_tm4c123.o(.text)
    UDMAERR_Handler                          0x000003c3   Thumb Code     2  startup_tm4c123.o(.text)
    ADC1SS0_Handler                          0x000003c5   Thumb Code     2  startup_tm4c123.o(.text)
    ADC1SS1_Handler                          0x000003c7   Thumb Code     2  startup_tm4c123.o(.text)
    ADC1SS2_Handler                          0x000003c9   Thumb Code     2  startup_tm4c123.o(.text)
    ADC1SS3_Handler                          0x000003cb   Thumb Code     2  startup_tm4c123.o(.text)
    GPIOJ_Handler                            0x000003cd   Thumb Code     2  startup_tm4c123.o(.text)
    GPIOK_Handler                            0x000003cf   Thumb Code     2  startup_tm4c123.o(.text)
    GPIOL_Handler                            0x000003d1   Thumb Code     2  startup_tm4c123.o(.text)
    SSI2_Handler                             0x000003d3   Thumb Code     2  startup_tm4c123.o(.text)
    SSI3_Handler                             0x000003d5   Thumb Code     2  startup_tm4c123.o(.text)
    UART3_Handler                            0x000003d7   Thumb Code     2  startup_tm4c123.o(.text)
    UART4_Handler                            0x000003d9   Thumb Code     2  startup_tm4c123.o(.text)
    UART5_Handler                            0x000003db   Thumb Code     2  startup_tm4c123.o(.text)
    UART6_Handler                            0x000003dd   Thumb Code     2  startup_tm4c123.o(.text)
    UART7_Handler                            0x000003df   Thumb Code     2  startup_tm4c123.o(.text)
    I2C2_Handler                             0x000003e1   Thumb Code     2  startup_tm4c123.o(.text)
    I2C3_Handler                             0x000003e3   Thumb Code     2  startup_tm4c123.o(.text)
    TIMER4B_Handler                          0x000003e7   Thumb Code     2  startup_tm4c123.o(.text)
    TIMER5B_Handler                          0x000003eb   Thumb Code     2  startup_tm4c123.o(.text)
    WTIMER0B_Handler                         0x000003ef   Thumb Code     2  startup_tm4c123.o(.text)
    WTIMER1B_Handler                         0x000003f3   Thumb Code     2  startup_tm4c123.o(.text)
    WTIMER2B_Handler                         0x000003f7   Thumb Code     2  startup_tm4c123.o(.text)
    WTIMER3B_Handler                         0x000003fb   Thumb Code     2  startup_tm4c123.o(.text)
    WTIMER4B_Handler                         0x000003ff   Thumb Code     2  startup_tm4c123.o(.text)
    WTIMER5B_Handler                         0x00000403   Thumb Code     2  startup_tm4c123.o(.text)
    FPU_Handler                              0x00000405   Thumb Code     2  startup_tm4c123.o(.text)
    I2C4_Handler                             0x00000407   Thumb Code     2  startup_tm4c123.o(.text)
    I2C5_Handler                             0x00000409   Thumb Code     2  startup_tm4c123.o(.text)
    GPIOM_Handler                            0x0000040b   Thumb Code     2  startup_tm4c123.o(.text)
    GPION_Handler                            0x0000040d   Thumb Code     2  startup_tm4c123.o(.text)
    QEI2_Handler                             0x0000040f   Thumb Code     2  startup_tm4c123.o(.text)
    GPIOP0_Handler                           0x00000411   Thumb Code     2  startup_tm4c123.o(.text)
    GPIOP1_Handler                           0x00000413   Thumb Code     2  startup_tm4c123.o(.text)
    GPIOP2_Handler                           0x00000415   Thumb Code     2  startup_tm4c123.o(.text)
    GPIOP3_Handler                           0x00000417   Thumb Code     2  startup_tm4c123.o(.text)
    GPIOP4_Handler                           0x00000419   Thumb Code     2  startup_tm4c123.o(.text)
    GPIOP5_Handler                           0x0000041b   Thumb Code     2  startup_tm4c123.o(.text)
    GPIOP6_Handler                           0x0000041d   Thumb Code     2  startup_tm4c123.o(.text)
    GPIOP7_Handler                           0x0000041f   Thumb Code     2  startup_tm4c123.o(.text)
    GPIOQ0_Handler                           0x00000421   Thumb Code     2  startup_tm4c123.o(.text)
    GPIOQ1_Handler                           0x00000423   Thumb Code     2  startup_tm4c123.o(.text)
    GPIOQ2_Handler                           0x00000425   Thumb Code     2  startup_tm4c123.o(.text)
    GPIOQ3_Handler                           0x00000427   Thumb Code     2  startup_tm4c123.o(.text)
    GPIOQ4_Handler                           0x00000429   Thumb Code     2  startup_tm4c123.o(.text)
    GPIOQ5_Handler                           0x0000042b   Thumb Code     2  startup_tm4c123.o(.text)
    GPIOQ6_Handler                           0x0000042d   Thumb Code     2  startup_tm4c123.o(.text)
    GPIOQ7_Handler                           0x0000042f   Thumb Code     2  startup_tm4c123.o(.text)
    GPIOR_Handler                            0x00000431   Thumb Code     2  startup_tm4c123.o(.text)
    GPIOS_Handler                            0x00000433   Thumb Code     2  startup_tm4c123.o(.text)
    PMW1_0_Handler                           0x00000435   Thumb Code     2  startup_tm4c123.o(.text)
    PWM1_1_Handler                           0x00000437   Thumb Code     2  startup_tm4c123.o(.text)
    PWM1_2_Handler                           0x00000439   Thumb Code     2  startup_tm4c123.o(.text)
    PWM1_3_Handler                           0x0000043b   Thumb Code     2  startup_tm4c123.o(.text)
    PWM1_FAULT_Handler                       0x0000043d   Thumb Code     2  startup_tm4c123.o(.text)
    __user_initial_stackheap                 0x00000441   Thumb Code     0  startup_tm4c123.o(.text)
    __aeabi_memclr4                          0x00000461   Thumb Code     0  rt_memclr_w.o(.text)
    __aeabi_memclr8                          0x00000461   Thumb Code     0  rt_memclr_w.o(.text)
    __rt_memclr_w                            0x00000461   Thumb Code     0  rt_memclr_w.o(.text)
    _memset_w                                0x00000465   Thumb Code    74  rt_memclr_w.o(.text)
    __use_two_region_memory                  0x000004af   Thumb Code     2  heapauxi.o(.text)
    __rt_heap_escrow$2region                 0x000004b1   Thumb Code     2  heapauxi.o(.text)
    __rt_heap_expand$2region                 0x000004b3   Thumb Code     2  heapauxi.o(.text)
    __user_setup_stackheap                   0x000004b5   Thumb Code    74  sys_stackheap_outer.o(.text)
    exit                                     0x000004ff   Thumb Code    18  exit.o(.text)
    __user_libspace                          0x00000511   Thumb Code     8  libspace.o(.text)
    __user_perproc_libspace                  0x00000511   Thumb Code     0  libspace.o(.text)
    __user_perthread_libspace                0x00000511   Thumb Code     0  libspace.o(.text)
    _sys_exit                                0x00000519   Thumb Code     8  sys_exit.o(.text)
    __I$use$semihosting                      0x00000525   Thumb Code     0  use_no_semi.o(.text)
    __use_no_semihosting_swi                 0x00000525   Thumb Code     2  use_no_semi.o(.text)
    __semihosting_library_function           0x00000527   Thumb Code     0  indicate_semi.o(.text)
    App_Start                                0x00000529   Thumb Code    24  app.o(.text.App_Start)
    App_getLedOffTime                        0x00000541   Thumb Code    12  app.o(.text.App_getLedOffTime)
    App_getLedOnTime                         0x0000054d   Thumb Code    12  app.o(.text.App_getLedOnTime)
    Det_ReportError                          0x00000559   Thumb Code    80  det.o(.text.Det_ReportError)
    Dio_Init                                 0x000005a9   Thumb Code    56  dio.o(.text.Dio_Init)
    Dio_WriteChannel                         0x000005e1   Thumb Code   202  dio.o(.text.Dio_WriteChannel)
    EventRecord2                             0x0000072d   Thumb Code    90  eventrecorder.o(.text.EventRecord2)
    EventRecorderEnable                      0x00000889   Thumb Code   146  eventrecorder.o(.text.EventRecorderEnable)
    EventRecorderInitialize                  0x0000091d   Thumb Code   442  eventrecorder.o(.text.EventRecorderInitialize)
    EventRecorderStart                       0x00000ad9   Thumb Code    74  eventrecorder.o(.text.EventRecorderStart)
    EventRecorderTimerGetCount               0x00000b25   Thumb Code    12  eventrecorder.o(.text.EventRecorderTimerGetCount)
    EventRecorderTimerGetFreq                0x00000b31   Thumb Code    12  eventrecorder.o(.text.EventRecorderTimerGetFreq)
    EventRecorderTimerSetup                  0x00000b3d   Thumb Code    36  eventrecorder.o(.text.EventRecorderTimerSetup)
    Gpt_ClearInterruptFlag                   0x00000b75   Thumb Code    66  gpt.o(.text.Gpt_ClearInterruptFlag)
    Gpt_EnableNotification                   0x00000bb9   Thumb Code    82  gpt.o(.text.Gpt_EnableNotification)
    Gpt_Init                                 0x00000c0d   Thumb Code  2138  gpt.o(.text.Gpt_Init)
    Gpt_Notification_Timer0                  0x00001469   Thumb Code    16  gpt.o(.text.Gpt_Notification_Timer0)
    Gpt_Notification_Timer1                  0x00001479   Thumb Code    16  gpt.o(.text.Gpt_Notification_Timer1)
    Gpt_Notification_Timer11                 0x00001489   Thumb Code    16  gpt.o(.text.Gpt_Notification_Timer11)
    Gpt_Notification_Timer2                  0x00001499   Thumb Code    16  gpt.o(.text.Gpt_Notification_Timer2)
    Gpt_Notification_Timer4                  0x000014a9   Thumb Code    16  gpt.o(.text.Gpt_Notification_Timer4)
    Gpt_Notification_Timer5                  0x000014b9   Thumb Code    16  gpt.o(.text.Gpt_Notification_Timer5)
    Gpt_Notification_Timer6                  0x000014c9   Thumb Code    16  gpt.o(.text.Gpt_Notification_Timer6)
    Gpt_Notification_Timer7                  0x000014d9   Thumb Code    16  gpt.o(.text.Gpt_Notification_Timer7)
    Gpt_Notification_Timer8                  0x000014e9   Thumb Code    16  gpt.o(.text.Gpt_Notification_Timer8)
    Gpt_Notification_Timer9                  0x000014f9   Thumb Code    16  gpt.o(.text.Gpt_Notification_Timer9)
    Gpt_StartTimer                           0x00001509   Thumb Code   446  gpt.o(.text.Gpt_StartTimer)
    Gpt_StopTimer                            0x000016c9   Thumb Code    66  gpt.o(.text.Gpt_StopTimer)
    ISRUSER1                                 0x0000170d   Thumb Code    66  main.o(.text.ISRUSER1)
    ISRUSER2                                 0x00001751   Thumb Code    68  main.o(.text.ISRUSER2)
    NVIC_Init                                0x00001809   Thumb Code   112  nvic_prog.o(.text.NVIC_Init)
    NVIC_InterruptVTRegMapper                0x00001879   Thumb Code    36  nvic_prog.o(.text.NVIC_InterruptVTRegMapper)
    NVIC_SetEnableInterrupt                  0x0000189d   Thumb Code   214  nvic_prog.o(.text.NVIC_SetEnableInterrupt)
    NVIC_SetInterruptPriority                0x00001975   Thumb Code   120  nvic_prog.o(.text.NVIC_SetInterruptPriority)
    Port_Init                                0x00001bf5   Thumb Code   588  port.o(.text.Port_Init)
    SystemInit                               0x00001e41   Thumb Code   268  system_tm4c123.o(.text.SystemInit)
    TIMER0A_Handler                          0x00001f4d   Thumb Code     8  gpt.o(.text.TIMER0A_Handler)
    TIMER1A_Handler                          0x00001f55   Thumb Code     8  gpt.o(.text.TIMER1A_Handler)
    TIMER2A_Handler                          0x00001f5d   Thumb Code     8  gpt.o(.text.TIMER2A_Handler)
    TIMER3A_Handler                          0x00001f65   Thumb Code     4  gpt.o(.text.TIMER3A_Handler)
    TIMER4A_Handler                          0x00001f69   Thumb Code     8  gpt.o(.text.TIMER4A_Handler)
    TIMER5A_Handler                          0x00001f71   Thumb Code     8  gpt.o(.text.TIMER5A_Handler)
    WTIMER0A_Handler                         0x00001fc9   Thumb Code     8  gpt.o(.text.WTIMER0A_Handler)
    WTIMER1A_Handler                         0x00001fd1   Thumb Code     8  gpt.o(.text.WTIMER1A_Handler)
    WTIMER2A_Handler                         0x00001fd9   Thumb Code     8  gpt.o(.text.WTIMER2A_Handler)
    WTIMER3A_Handler                         0x00001fe1   Thumb Code     8  gpt.o(.text.WTIMER3A_Handler)
    WTIMER4A_Handler                         0x00001fe9   Thumb Code     4  gpt.o(.text.WTIMER4A_Handler)
    WTIMER5A_Handler                         0x00001fed   Thumb Code     8  gpt.o(.text.WTIMER5A_Handler)
    main                                     0x000020b9   Thumb Code   100  main.o(.text.main)
    _fp_init                                 0x0000211d   Thumb Code    26  fpinit.o(x$fpl$fpinit)
    __fplib_config_fpu_vfp                   0x00002135   Thumb Code     0  fpinit.o(x$fpl$fpinit)
    __fplib_config_pureend_doubles           0x00002135   Thumb Code     0  fpinit.o(x$fpl$fpinit)
    Dio_Configuration                        0x00002136   Data          10  dio_pbcfg.o(.rodata.Dio_Configuration)
    EventRecorderInfo                        0x00002140   Data          24  eventrecorder.o(.rodata.EventRecorderInfo)
    Gpt_Configuration                        0x00002158   Data          32  gpt_lcfg.o(.rodata.Gpt_Configuration)
    Region$$Table$$Base                      0x000021a8   Number         0  anon$$obj.o(Region$$Table)
    Region$$Table$$Limit                     0x000021c8   Number         0  anon$$obj.o(Region$$Table)
    NVIC_interruptConfiguration              0x20000000   Data          12  nvic_lcfg.o(.data.NVIC_interruptConfiguration)
    Port_Configuration                       0x2000000c   Data         351  port_pbcfg.o(.data.Port_Configuration)
    SystemCoreClock                          0x2000016c   Data           4  system_tm4c123.o(.data.SystemCoreClock)
    portAddressMapper                        0x20000188   Data          24  dio.o(.data.portAddressMapper)
    __libspace_start                         0x200001c0   Data          96  libspace.o(.bss)
    __temporary_stack_top$libspace           0x20000220   Data           0  libspace.o(.bss)
    Det_ApiId                                0x20000222   Data           1  det.o(.bss.Det_ApiId)
    Det_ErrorId                              0x20000223   Data           1  det.o(.bss.Det_ErrorId)
    Det_InstanceId                           0x20000224   Data           1  det.o(.bss.Det_InstanceId)
    Det_ModuleId                             0x20000226   Data           2  det.o(.bss.Det_ModuleId)
    Dio_InitializeStatus                     0x2000022c   Data           1  dio.o(.bss.Dio_InitializeStatus)
    Gpt_Notification_ptr_Timer0              0x20000230   Data           4  gpt.o(.bss.Gpt_Notification_ptr_Timer0)
    Gpt_Notification_ptr_Timer1              0x20000234   Data           4  gpt.o(.bss.Gpt_Notification_ptr_Timer1)
    Gpt_Notification_ptr_Timer10             0x20000238   Data           4  gpt.o(.bss.Gpt_Notification_ptr_Timer10)
    Gpt_Notification_ptr_Timer11             0x2000023c   Data           4  gpt.o(.bss.Gpt_Notification_ptr_Timer11)
    Gpt_Notification_ptr_Timer2              0x20000240   Data           4  gpt.o(.bss.Gpt_Notification_ptr_Timer2)
    Gpt_Notification_ptr_Timer3              0x20000244   Data           4  gpt.o(.bss.Gpt_Notification_ptr_Timer3)
    Gpt_Notification_ptr_Timer4              0x20000248   Data           4  gpt.o(.bss.Gpt_Notification_ptr_Timer4)
    Gpt_Notification_ptr_Timer5              0x2000024c   Data           4  gpt.o(.bss.Gpt_Notification_ptr_Timer5)
    Gpt_Notification_ptr_Timer6              0x20000250   Data           4  gpt.o(.bss.Gpt_Notification_ptr_Timer6)
    Gpt_Notification_ptr_Timer7              0x20000254   Data           4  gpt.o(.bss.Gpt_Notification_ptr_Timer7)
    Gpt_Notification_ptr_Timer8              0x20000258   Data           4  gpt.o(.bss.Gpt_Notification_ptr_Timer8)
    Gpt_Notification_ptr_Timer9              0x2000025c   Data           4  gpt.o(.bss.Gpt_Notification_ptr_Timer9)
    Port_InitializeStatus                    0x20000278   Data           1  port.o(.bss.Port_InitializeStatus)



==============================================================================

Memory Map of the image

  Image Entry point : 0x0000034d

  Load Region LR_1 (Base: 0x00000000, Size: 0x00002368, Max: 0xffffffff, ABSOLUTE, COMPRESSED[0x0000226c])

    Execution Region ER_RO (Exec base: 0x00000000, Load base: 0x00000000, Size: 0x000021c8, Max: 0xffffffff, ABSOLUTE)

    Exec Addr    Load Addr    Size         Type   Attr      Idx    E Section Name        Object

    0x00000000   0x00000000   0x0000026c   Data   RO          351    RESET               startup_tm4c123.o
    0x0000026c   0x0000026c   0x00000008   Code   RO          380  * !!!main             c_w.l(__main.o)
    0x00000274   0x00000274   0x00000034   Code   RO          547    !!!scatter          c_w.l(__scatter.o)
    0x000002a8   0x000002a8   0x0000005a   Code   RO          545    !!dczerorl2         c_w.l(__dczerorl2.o)
    0x00000302   0x00000302   0x00000002   PAD
    0x00000304   0x00000304   0x0000001c   Code   RO          549    !!handler_zi        c_w.l(__scatter_zi.o)
    0x00000320   0x00000320   0x00000002   Code   RO          409    .ARM.Collect$$libinit$$00000000  c_w.l(libinit.o)
    0x00000322   0x00000322   0x00000004   Code   RO          415    .ARM.Collect$$libinit$$00000001  c_w.l(libinit2.o)
    0x00000326   0x00000326   0x00000000   Code   RO          418    .ARM.Collect$$libinit$$00000004  c_w.l(libinit2.o)
    0x00000326   0x00000326   0x00000000   Code   RO          421    .ARM.Collect$$libinit$$0000000A  c_w.l(libinit2.o)
    0x00000326   0x00000326   0x00000000   Code   RO          423    .ARM.Collect$$libinit$$0000000C  c_w.l(libinit2.o)
    0x00000326   0x00000326   0x00000000   Code   RO          425    .ARM.Collect$$libinit$$0000000E  c_w.l(libinit2.o)
    0x00000326   0x00000326   0x00000000   Code   RO          428    .ARM.Collect$$libinit$$00000011  c_w.l(libinit2.o)
    0x00000326   0x00000326   0x00000000   Code   RO          430    .ARM.Collect$$libinit$$00000013  c_w.l(libinit2.o)
    0x00000326   0x00000326   0x00000000   Code   RO          432    .ARM.Collect$$libinit$$00000015  c_w.l(libinit2.o)
    0x00000326   0x00000326   0x00000000   Code   RO          434    .ARM.Collect$$libinit$$00000017  c_w.l(libinit2.o)
    0x00000326   0x00000326   0x00000000   Code   RO          436    .ARM.Collect$$libinit$$00000019  c_w.l(libinit2.o)
    0x00000326   0x00000326   0x00000000   Code   RO          438    .ARM.Collect$$libinit$$0000001B  c_w.l(libinit2.o)
    0x00000326   0x00000326   0x00000000   Code   RO          440    .ARM.Collect$$libinit$$0000001D  c_w.l(libinit2.o)
    0x00000326   0x00000326   0x00000000   Code   RO          442    .ARM.Collect$$libinit$$0000001F  c_w.l(libinit2.o)
    0x00000326   0x00000326   0x00000000   Code   RO          444    .ARM.Collect$$libinit$$00000021  c_w.l(libinit2.o)
    0x00000326   0x00000326   0x00000000   Code   RO          446    .ARM.Collect$$libinit$$00000023  c_w.l(libinit2.o)
    0x00000326   0x00000326   0x00000000   Code   RO          448    .ARM.Collect$$libinit$$00000025  c_w.l(libinit2.o)
    0x00000326   0x00000326   0x00000000   Code   RO          452    .ARM.Collect$$libinit$$0000002C  c_w.l(libinit2.o)
    0x00000326   0x00000326   0x00000000   Code   RO          454    .ARM.Collect$$libinit$$0000002E  c_w.l(libinit2.o)
    0x00000326   0x00000326   0x00000000   Code   RO          456    .ARM.Collect$$libinit$$00000030  c_w.l(libinit2.o)
    0x00000326   0x00000326   0x00000000   Code   RO          458    .ARM.Collect$$libinit$$00000032  c_w.l(libinit2.o)
    0x00000326   0x00000326   0x00000002   Code   RO          459    .ARM.Collect$$libinit$$00000033  c_w.l(libinit2.o)
    0x00000328   0x00000328   0x00000002   Code   RO          481    .ARM.Collect$$libshutdown$$00000000  c_w.l(libshutdown.o)
    0x0000032a   0x0000032a   0x00000000   Code   RO          496    .ARM.Collect$$libshutdown$$00000002  c_w.l(libshutdown2.o)
    0x0000032a   0x0000032a   0x00000000   Code   RO          498    .ARM.Collect$$libshutdown$$00000004  c_w.l(libshutdown2.o)
    0x0000032a   0x0000032a   0x00000000   Code   RO          501    .ARM.Collect$$libshutdown$$00000007  c_w.l(libshutdown2.o)
    0x0000032a   0x0000032a   0x00000000   Code   RO          504    .ARM.Collect$$libshutdown$$0000000A  c_w.l(libshutdown2.o)
    0x0000032a   0x0000032a   0x00000000   Code   RO          506    .ARM.Collect$$libshutdown$$0000000C  c_w.l(libshutdown2.o)
    0x0000032a   0x0000032a   0x00000000   Code   RO          509    .ARM.Collect$$libshutdown$$0000000F  c_w.l(libshutdown2.o)
    0x0000032a   0x0000032a   0x00000002   Code   RO          510    .ARM.Collect$$libshutdown$$00000010  c_w.l(libshutdown2.o)
    0x0000032c   0x0000032c   0x00000000   Code   RO          382    .ARM.Collect$$rtentry$$00000000  c_w.l(__rtentry.o)
    0x0000032c   0x0000032c   0x00000000   Code   RO          386    .ARM.Collect$$rtentry$$00000002  c_w.l(__rtentry2.o)
    0x0000032c   0x0000032c   0x00000006   Code   RO          398    .ARM.Collect$$rtentry$$00000004  c_w.l(__rtentry4.o)
    0x00000332   0x00000332   0x00000000   Code   RO          388    .ARM.Collect$$rtentry$$00000009  c_w.l(__rtentry2.o)
    0x00000332   0x00000332   0x00000004   Code   RO          389    .ARM.Collect$$rtentry$$0000000A  c_w.l(__rtentry2.o)
    0x00000336   0x00000336   0x00000000   Code   RO          391    .ARM.Collect$$rtentry$$0000000C  c_w.l(__rtentry2.o)
    0x00000336   0x00000336   0x00000008   Code   RO          392    .ARM.Collect$$rtentry$$0000000D  c_w.l(__rtentry2.o)
    0x0000033e   0x0000033e   0x00000002   Code   RO          413    .ARM.Collect$$rtexit$$00000000  c_w.l(rtexit.o)
    0x00000340   0x00000340   0x00000000   Code   RO          461    .ARM.Collect$$rtexit$$00000002  c_w.l(rtexit2.o)
    0x00000340   0x00000340   0x00000004   Code   RO          462    .ARM.Collect$$rtexit$$00000003  c_w.l(rtexit2.o)
    0x00000344   0x00000344   0x00000006   Code   RO          463    .ARM.Collect$$rtexit$$00000004  c_w.l(rtexit2.o)
    0x0000034a   0x0000034a   0x00000002   PAD
    0x0000034c   0x0000034c   0x00000114   Code   RO          352  * .text               startup_tm4c123.o
    0x00000460   0x00000460   0x0000004e   Code   RO          376    .text               c_w.l(rt_memclr_w.o)
    0x000004ae   0x000004ae   0x00000006   Code   RO          378    .text               c_w.l(heapauxi.o)
    0x000004b4   0x000004b4   0x0000004a   Code   RO          400    .text               c_w.l(sys_stackheap_outer.o)
    0x000004fe   0x000004fe   0x00000012   Code   RO          402    .text               c_w.l(exit.o)
    0x00000510   0x00000510   0x00000008   Code   RO          410    .text               c_w.l(libspace.o)
    0x00000518   0x00000518   0x0000000c   Code   RO          471    .text               c_w.l(sys_exit.o)
    0x00000524   0x00000524   0x00000002   Code   RO          486    .text               c_w.l(use_no_semi.o)
    0x00000526   0x00000526   0x00000000   Code   RO          488    .text               c_w.l(indicate_semi.o)
    0x00000526   0x00000526   0x00000002   PAD
    0x00000528   0x00000528   0x00000018   Code   RO           18    .text.App_Start     app.o
    0x00000540   0x00000540   0x0000000c   Code   RO           26    .text.App_getLedOffTime  app.o
    0x0000054c   0x0000054c   0x0000000c   Code   RO           24    .text.App_getLedOnTime  app.o
    0x00000558   0x00000558   0x00000050   Code   RO           63    .text.Det_ReportError  det.o
    0x000005a8   0x000005a8   0x00000038   Code   RO           78    .text.Dio_Init      dio.o
    0x000005e0   0x000005e0   0x000000ca   Code   RO           80    .text.Dio_WriteChannel  dio.o
    0x000006aa   0x000006aa   0x00000002   PAD
    0x000006ac   0x000006ac   0x0000003c   Code   RO          313    .text.EventCheckFilter  eventrecorder.o
    0x000006e8   0x000006e8   0x00000042   Code   RO          299    .text.EventGetTS    eventrecorder.o
    0x0000072a   0x0000072a   0x00000002   PAD
    0x0000072c   0x0000072c   0x0000005a   Code   RO          317    .text.EventRecord2  eventrecorder.o
    0x00000786   0x00000786   0x00000002   PAD
    0x00000788   0x00000788   0x000000fe   Code   RO          301    .text.EventRecordItem  eventrecorder.o
    0x00000886   0x00000886   0x00000002   PAD
    0x00000888   0x00000888   0x00000092   Code   RO          297    .text.EventRecorderEnable  eventrecorder.o
    0x0000091a   0x0000091a   0x00000002   PAD
    0x0000091c   0x0000091c   0x000001ba   Code   RO          293    .text.EventRecorderInitialize  eventrecorder.o
    0x00000ad6   0x00000ad6   0x00000002   PAD
    0x00000ad8   0x00000ad8   0x0000004a   Code   RO          303    .text.EventRecorderStart  eventrecorder.o
    0x00000b22   0x00000b22   0x00000002   PAD
    0x00000b24   0x00000b24   0x0000000c   Code   RO          291    .text.EventRecorderTimerGetCount  eventrecorder.o
    0x00000b30   0x00000b30   0x0000000c   Code   RO          289    .text.EventRecorderTimerGetFreq  eventrecorder.o
    0x00000b3c   0x00000b3c   0x00000024   Code   RO          287    .text.EventRecorderTimerSetup  eventrecorder.o
    0x00000b60   0x00000b60   0x00000012   Code   RO          329    .text.GetRecordIndex  eventrecorder.o
    0x00000b72   0x00000b72   0x00000002   PAD
    0x00000b74   0x00000b74   0x00000042   Code   RO          113    .text.Gpt_ClearInterruptFlag  gpt.o
    0x00000bb6   0x00000bb6   0x00000002   PAD
    0x00000bb8   0x00000bb8   0x00000052   Code   RO          107    .text.Gpt_EnableNotification  gpt.o
    0x00000c0a   0x00000c0a   0x00000002   PAD
    0x00000c0c   0x00000c0c   0x0000085a   Code   RO          103    .text.Gpt_Init      gpt.o
    0x00001466   0x00001466   0x00000002   PAD
    0x00001468   0x00001468   0x00000010   Code   RO          115    .text.Gpt_Notification_Timer0  gpt.o
    0x00001478   0x00001478   0x00000010   Code   RO          117    .text.Gpt_Notification_Timer1  gpt.o
    0x00001488   0x00001488   0x00000010   Code   RO          137    .text.Gpt_Notification_Timer11  gpt.o
    0x00001498   0x00001498   0x00000010   Code   RO          119    .text.Gpt_Notification_Timer2  gpt.o
    0x000014a8   0x000014a8   0x00000010   Code   RO          123    .text.Gpt_Notification_Timer4  gpt.o
    0x000014b8   0x000014b8   0x00000010   Code   RO          125    .text.Gpt_Notification_Timer5  gpt.o
    0x000014c8   0x000014c8   0x00000010   Code   RO          127    .text.Gpt_Notification_Timer6  gpt.o
    0x000014d8   0x000014d8   0x00000010   Code   RO          129    .text.Gpt_Notification_Timer7  gpt.o
    0x000014e8   0x000014e8   0x00000010   Code   RO          131    .text.Gpt_Notification_Timer8  gpt.o
    0x000014f8   0x000014f8   0x00000010   Code   RO          133    .text.Gpt_Notification_Timer9  gpt.o
    0x00001508   0x00001508   0x000001be   Code   RO          109    .text.Gpt_StartTimer  gpt.o
    0x000016c6   0x000016c6   0x00000002   PAD
    0x000016c8   0x000016c8   0x00000042   Code   RO          111    .text.Gpt_StopTimer  gpt.o
    0x0000170a   0x0000170a   0x00000002   PAD
    0x0000170c   0x0000170c   0x00000042   Code   RO            4    .text.ISRUSER1      main.o
    0x0000174e   0x0000174e   0x00000002   PAD
    0x00001750   0x00001750   0x00000044   Code   RO            6    .text.ISRUSER2      main.o
    0x00001794   0x00001794   0x00000012   Code   RO          323    .text.IncrementOverflowTS  eventrecorder.o
    0x000017a6   0x000017a6   0x00000002   PAD
    0x000017a8   0x000017a8   0x00000012   Code   RO          337    .text.IncrementRecordsDumped  eventrecorder.o
    0x000017ba   0x000017ba   0x00000002   PAD
    0x000017bc   0x000017bc   0x00000012   Code   RO          335    .text.IncrementRecordsWritten  eventrecorder.o
    0x000017ce   0x000017ce   0x00000002   PAD
    0x000017d0   0x000017d0   0x00000036   Code   RO          331    .text.LockRecord    eventrecorder.o
    0x00001806   0x00001806   0x00000002   PAD
    0x00001808   0x00001808   0x00000070   Code   RO          188    .text.NVIC_Init     nvic_prog.o
    0x00001878   0x00001878   0x00000024   Code   RO          194    .text.NVIC_InterruptVTRegMapper  nvic_prog.o
    0x0000189c   0x0000189c   0x000000d6   Code   RO          190    .text.NVIC_SetEnableInterrupt  nvic_prog.o
    0x00001972   0x00001972   0x00000002   PAD
    0x00001974   0x00001974   0x00000078   Code   RO          192    .text.NVIC_SetInterruptPriority  nvic_prog.o
    0x000019ec   0x000019ec   0x00000078   Code   RO          217    .text.Port_ConfigOutputCurrent  port.o
    0x00001a64   0x00001a64   0x00000078   Code   RO          219    .text.Port_ConfigureAttachresistor  port.o
    0x00001adc   0x00001adc   0x00000118   Code   RO          215    .text.Port_ConfigurePinMode  port.o
    0x00001bf4   0x00001bf4   0x0000024c   Code   RO          213    .text.Port_Init     port.o
    0x00001e40   0x00001e40   0x0000010c   Code   RO          363    .text.SystemInit    system_tm4c123.o
    0x00001f4c   0x00001f4c   0x00000008   Code   RO          139    .text.TIMER0A_Handler  gpt.o
    0x00001f54   0x00001f54   0x00000008   Code   RO          141    .text.TIMER1A_Handler  gpt.o
    0x00001f5c   0x00001f5c   0x00000008   Code   RO          143    .text.TIMER2A_Handler  gpt.o
    0x00001f64   0x00001f64   0x00000004   Code   RO          145    .text.TIMER3A_Handler  gpt.o
    0x00001f68   0x00001f68   0x00000008   Code   RO          147    .text.TIMER4A_Handler  gpt.o
    0x00001f70   0x00001f70   0x00000008   Code   RO          149    .text.TIMER5A_Handler  gpt.o
    0x00001f78   0x00001f78   0x00000032   Code   RO          333    .text.UnlockRecord  eventrecorder.o
    0x00001faa   0x00001faa   0x00000002   PAD
    0x00001fac   0x00001fac   0x0000001a   Code   RO          321    .text.UpdateTS      eventrecorder.o
    0x00001fc6   0x00001fc6   0x00000002   PAD
    0x00001fc8   0x00001fc8   0x00000008   Code   RO          151    .text.WTIMER0A_Handler  gpt.o
    0x00001fd0   0x00001fd0   0x00000008   Code   RO          153    .text.WTIMER1A_Handler  gpt.o
    0x00001fd8   0x00001fd8   0x00000008   Code   RO          155    .text.WTIMER2A_Handler  gpt.o
    0x00001fe0   0x00001fe0   0x00000008   Code   RO          157    .text.WTIMER3A_Handler  gpt.o
    0x00001fe8   0x00001fe8   0x00000004   Code   RO          159    .text.WTIMER4A_Handler  gpt.o
    0x00001fec   0x00001fec   0x00000008   Code   RO          161    .text.WTIMER5A_Handler  gpt.o
    0x00001ff4   0x00001ff4   0x00000020   Code   RO          327    .text.atomic_inc32  eventrecorder.o
    0x00002014   0x00002014   0x00000020   Code   RO          325    .text.atomic_xch32  eventrecorder.o
    0x00002034   0x00002034   0x00000082   Code   RO          295    .text.crc16_ccitt   eventrecorder.o
    0x000020b6   0x000020b6   0x00000002   PAD
    0x000020b8   0x000020b8   0x00000064   Code   RO            2    .text.main          main.o
    0x0000211c   0x0000211c   0x0000001a   Code   RO          469    x$fpl$fpinit        fz_wm.l(fpinit.o)
    0x00002136   0x00002136   0x0000000a   Data   RO           38    .rodata.Dio_Configuration  dio_pbcfg.o
    0x00002140   0x00002140   0x00000018   Data   RO          342    .rodata.EventRecorderInfo  eventrecorder.o
    0x00002158   0x00002158   0x00000020   Data   RO           44    .rodata.Gpt_Configuration  gpt_lcfg.o
    0x00002178   0x00002178   0x00000030   Data   RO          177    .rodata.Gpt_TimersAddressesMapper  gpt.o
    0x000021a8   0x000021a8   0x00000020   Data   RO          544    Region$$Table       anon$$obj.o


    Execution Region ER_RW (Exec base: 0x20000000, Load base: 0x000021c8, Size: 0x000001a0, Max: 0xffffffff, ABSOLUTE, COMPRESSED[0x000000a4])

    Exec Addr    Load Addr    Size         Type   Attr      Idx    E Section Name        Object

    0x20000000   COMPRESSED   0x0000000c   Data   RW           50    .data.NVIC_interruptConfiguration  nvic_lcfg.o
    0x2000000c   COMPRESSED   0x0000015f   Data   RW           57    .data.Port_Configuration  port_pbcfg.o
    0x2000016b   COMPRESSED   0x00000001   PAD
    0x2000016c   COMPRESSED   0x00000004   Data   RW          365    .data.SystemCoreClock  system_tm4c123.o
    0x20000170   COMPRESSED   0x00000018   Data   RW          233    .data.portAPBbaseAddressArray  port.o
    0x20000188   COMPRESSED   0x00000018   Data   RW           92    .data.portAddressMapper  dio.o


    Execution Region ER_ZI (Exec base: 0x200001c0, Load base: 0x0000226c, Size: 0x00000768, Max: 0xffffffff, ABSOLUTE)

    Exec Addr    Load Addr    Size         Type   Attr      Idx    E Section Name        Object

    0x200001c0        -       0x00000060   Zero   RW          411    .bss                c_w.l(libspace.o)
    0x20000220        -       0x00000001   Zero   RW           29    .bss.App_LedOffTime  app.o
    0x20000221        -       0x00000001   Zero   RW           28    .bss.App_LedOnTime  app.o
    0x20000222        -       0x00000001   Zero   RW           69    .bss.Det_ApiId      det.o
    0x20000223        -       0x00000001   Zero   RW           70    .bss.Det_ErrorId    det.o
    0x20000224        -       0x00000001   Zero   RW           68    .bss.Det_InstanceId  det.o
    0x20000225   0x0000226c   0x00000001   PAD
    0x20000226        -       0x00000002   Zero   RW           67    .bss.Det_ModuleId   det.o
    0x20000228        -       0x00000004   Zero   RW           94    .bss.Dio_ConfigurationChannelsPointer  dio.o
    0x2000022c        -       0x00000001   Zero   RW           93    .bss.Dio_InitializeStatus  dio.o
    0x2000022d        -       0x00000001   Zero   RW          179    .bss.Gpt_Initialized  gpt.o
    0x2000022e   0x0000226c   0x00000002   PAD
    0x20000230        -       0x00000004   Zero   RW          164    .bss.Gpt_Notification_ptr_Timer0  gpt.o
    0x20000234        -       0x00000004   Zero   RW          165    .bss.Gpt_Notification_ptr_Timer1  gpt.o
    0x20000238        -       0x00000004   Zero   RW          174    .bss.Gpt_Notification_ptr_Timer10  gpt.o
    0x2000023c        -       0x00000004   Zero   RW          175    .bss.Gpt_Notification_ptr_Timer11  gpt.o
    0x20000240        -       0x00000004   Zero   RW          166    .bss.Gpt_Notification_ptr_Timer2  gpt.o
    0x20000244        -       0x00000004   Zero   RW          167    .bss.Gpt_Notification_ptr_Timer3  gpt.o
    0x20000248        -       0x00000004   Zero   RW          168    .bss.Gpt_Notification_ptr_Timer4  gpt.o
    0x2000024c        -       0x00000004   Zero   RW          169    .bss.Gpt_Notification_ptr_Timer5  gpt.o
    0x20000250        -       0x00000004   Zero   RW          170    .bss.Gpt_Notification_ptr_Timer6  gpt.o
    0x20000254        -       0x00000004   Zero   RW          171    .bss.Gpt_Notification_ptr_Timer7  gpt.o
    0x20000258        -       0x00000004   Zero   RW          172    .bss.Gpt_Notification_ptr_Timer8  gpt.o
    0x2000025c        -       0x00000004   Zero   RW          173    .bss.Gpt_Notification_ptr_Timer9  gpt.o
    0x20000260        -       0x0000000c   Zero   RW          180    .bss.Gpt_NotificationsEnabledStatus  gpt.o
    0x2000026c        -       0x00000005   Zero   RW          176    .bss.Gpt_PredefinedTimerConfigurations  gpt.o
    0x20000271        -       0x00000001   Zero   RW          178    .bss.Gpt_PredefinedTimersInitialized  gpt.o
    0x20000272   0x0000226c   0x00000002   PAD
    0x20000274        -       0x00000004   Zero   RW          232    .bss.Port_ConfigurationPinsPointer  port.o
    0x20000278        -       0x00000001   Zero   RW          231    .bss.Port_InitializeStatus  port.o
    0x20000279   0x0000226c   0x00000007   PAD
    0x20000280        -       0x000004a4   Zero   RW          341    .bss.noinit         eventrecorder.o
    0x20000724   0x0000226c   0x00000004   PAD
    0x20000728        -       0x00000000   Zero   RW          350    HEAP                startup_tm4c123.o
    0x20000728        -       0x00000200   Zero   RW          349    STACK               startup_tm4c123.o


==============================================================================

Image component sizes


      Code (inc. data)   RO Data    RW Data    ZI Data      Debug   Object Name

        48          0          0          0          2        970   app.o
        80          0          0          0          5       1066   det.o
       258          0          0         24          5       3402   dio.o
         0          0         10          0          0        737   dio_pbcfg.o
      1588          0         24          0       1188       8498   eventrecorder.o
      3046         12         48          0         67       7306   gpt.o
         0          0         32          0          0       1015   gpt_lcfg.o
       234          0          0          0          0        838   main.o
         0          0          0         12          0        676   nvic_lcfg.o
       482          6          0          0          0       3064   nvic_prog.o
      1108         20          0         24          5       6724   port.o
         0          0          0        351          0       1116   port_pbcfg.o
       276         24        620          0        512       5464   startup_tm4c123.o
       268          0          0          4          0       6719   system_tm4c123.o

    ----------------------------------------------------------------------
      7432         62        766        416       1800      47595   Object Totals
         0          0         32          0          0          0   (incl. Generated)
        44          0          0          1         16          0   (incl. Padding)

    ----------------------------------------------------------------------

      Code (inc. data)   RO Data    RW Data    ZI Data      Debug   Library Member Name

        90          0          0          0          0          0   __dczerorl2.o
         8          0          0          0          0         68   __main.o
         0          0          0          0          0          0   __rtentry.o
        12          0          0          0          0          0   __rtentry2.o
         6          0          0          0          0          0   __rtentry4.o
        52          8          0          0          0          0   __scatter.o
        28          0          0          0          0          0   __scatter_zi.o
        18          0          0          0          0         80   exit.o
         6          0          0          0          0        152   heapauxi.o
         0          0          0          0          0          0   indicate_semi.o
         2          0          0          0          0          0   libinit.o
         6          0          0          0          0          0   libinit2.o
         2          0          0          0          0          0   libshutdown.o
         2          0          0          0          0          0   libshutdown2.o
         8          4          0          0         96         68   libspace.o
        78          0          0          0          0         80   rt_memclr_w.o
         2          0          0          0          0          0   rtexit.o
        10          0          0          0          0          0   rtexit2.o
        12          4          0          0          0         68   sys_exit.o
        74          0          0          0          0         80   sys_stackheap_outer.o
         2          0          0          0          0         68   use_no_semi.o
        26          0          0          0          0        116   fpinit.o

    ----------------------------------------------------------------------
       450         16          0          0         96        780   Library Totals
         6          0          0          0          0          0   (incl. Padding)

    ----------------------------------------------------------------------

      Code (inc. data)   RO Data    RW Data    ZI Data      Debug   Library Name

       418         16          0          0         96        664   c_w.l
        26          0          0          0          0        116   fz_wm.l

    ----------------------------------------------------------------------
       450         16          0          0         96        780   Library Totals

    ----------------------------------------------------------------------

==============================================================================


      Code (inc. data)   RO Data    RW Data    ZI Data      Debug   

      7882         78        766        416       1896      48007   Grand Totals
      7882         78        766        164       1896      48007   ELF Image Totals (compressed)
      7882         78        766        164          0          0   ROM Totals

==============================================================================

    Total RO  Size (Code + RO Data)                 8648 (   8.45kB)
    Total RW  Size (RW Data + ZI Data)              2312 (   2.26kB)
    Total ROM Size (Code + RO Data + RW Data)       8812 (   8.61kB)

==============================================================================

