Component: ARM Compiler 6.16 Tool: armlink [5dfeaa00]

==============================================================================

Section Cross References

    main.o(.text.main) refers to port_pbcfg.o(.data.Port_Configuration) for Port_Configuration
    main.o(.text.main) refers to port.o(.text.Port_Init) for Port_Init
    main.o(.text.main) refers to nvic_prog.o(.text.NVIC_Init) for NVIC_Init
    main.o(.text.main) refers to gpt_lcfg.o(.rodata.Gpt_Configuration) for Gpt_Configuration
    main.o(.text.main) refers to gpt.o(.text.Gpt_Init) for Gpt_Init
    main.o(.ARM.exidx.text.main) refers to main.o(.text.main) for [Anonymous Symbol]
    main.o(.text.GPIOF_Handler) refers to dio.o(.text.Dio_WriteChannel) for Dio_WriteChannel
    main.o(.ARM.exidx.text.GPIOF_Handler) refers to main.o(.text.GPIOF_Handler) for [Anonymous Symbol]
    main.o(.text.TIMER0A_Handler) refers to dio.o(.text.Dio_WriteChannel) for Dio_WriteChannel
    main.o(.ARM.exidx.text.TIMER0A_Handler) refers to main.o(.text.TIMER0A_Handler) for [Anonymous Symbol]
    det.o(.text.Det_ReportError) refers to det.o(.bss.Det_ModuleId) for Det_ModuleId
    det.o(.text.Det_ReportError) refers to det.o(.bss.Det_InstanceId) for Det_InstanceId
    det.o(.text.Det_ReportError) refers to det.o(.bss.Det_ApiId) for Det_ApiId
    det.o(.text.Det_ReportError) refers to det.o(.bss.Det_ErrorId) for Det_ErrorId
    det.o(.ARM.exidx.text.Det_ReportError) refers to det.o(.text.Det_ReportError) for [Anonymous Symbol]
    det.o(.text.Det_TestLastReportError) refers to det.o(.bss.Det_ModuleId) for Det_ModuleId
    det.o(.text.Det_TestLastReportError) refers to det.o(.bss.Det_InstanceId) for Det_InstanceId
    det.o(.text.Det_TestLastReportError) refers to det.o(.bss.Det_ApiId) for Det_ApiId
    det.o(.text.Det_TestLastReportError) refers to det.o(.bss.Det_ErrorId) for Det_ErrorId
    det.o(.ARM.exidx.text.Det_TestLastReportError) refers to det.o(.text.Det_TestLastReportError) for [Anonymous Symbol]
    port.o(.text.Port_Init) refers to det.o(.text.Det_ReportError) for Det_ReportError
    port.o(.text.Port_Init) refers to port.o(.bss.Port_InitializeStatus) for Port_InitializeStatus
    port.o(.text.Port_Init) refers to port.o(.bss.Port_ConfigurationPinsPointer) for Port_ConfigurationPinsPointer
    port.o(.text.Port_Init) refers to port.o(.data.portAPBbaseAddressArray) for portAPBbaseAddressArray
    port.o(.text.Port_Init) refers to port.o(.text.Port_ConfigurePinMode) for Port_ConfigurePinMode
    port.o(.text.Port_Init) refers to port.o(.text.Port_ConfigOutputCurrent) for Port_ConfigOutputCurrent
    port.o(.text.Port_Init) refers to port.o(.text.Port_ConfigureAttachresistor) for Port_ConfigureAttachresistor
    port.o(.ARM.exidx.text.Port_Init) refers to port.o(.text.Port_Init) for [Anonymous Symbol]
    port.o(.ARM.exidx.text.Port_ConfigurePinMode) refers to port.o(.text.Port_ConfigurePinMode) for [Anonymous Symbol]
    port.o(.ARM.exidx.text.Port_ConfigOutputCurrent) refers to port.o(.text.Port_ConfigOutputCurrent) for [Anonymous Symbol]
    port.o(.ARM.exidx.text.Port_ConfigureAttachresistor) refers to port.o(.text.Port_ConfigureAttachresistor) for [Anonymous Symbol]
    port.o(.text.Port_SetPinDirection) refers to port.o(.bss.Port_ConfigurationPinsPointer) for Port_ConfigurationPinsPointer
    port.o(.text.Port_SetPinDirection) refers to port.o(.data.portAPBbaseAddressArray) for portAPBbaseAddressArray
    port.o(.text.Port_SetPinDirection) refers to port.o(.bss.Port_InitializeStatus) for Port_InitializeStatus
    port.o(.text.Port_SetPinDirection) refers to det.o(.text.Det_ReportError) for Det_ReportError
    port.o(.ARM.exidx.text.Port_SetPinDirection) refers to port.o(.text.Port_SetPinDirection) for [Anonymous Symbol]
    port.o(.text.Port_RefreshPortDirection) refers to port.o(.bss.Port_InitializeStatus) for Port_InitializeStatus
    port.o(.text.Port_RefreshPortDirection) refers to det.o(.text.Det_ReportError) for Det_ReportError
    port.o(.text.Port_RefreshPortDirection) refers to port.o(.bss.Port_ConfigurationPinsPointer) for Port_ConfigurationPinsPointer
    port.o(.text.Port_RefreshPortDirection) refers to port.o(.data.portAPBbaseAddressArray) for portAPBbaseAddressArray
    port.o(.ARM.exidx.text.Port_RefreshPortDirection) refers to port.o(.text.Port_RefreshPortDirection) for [Anonymous Symbol]
    port.o(.text.Port_GetVersionInfo) refers to port.o(.bss.Port_InitializeStatus) for Port_InitializeStatus
    port.o(.text.Port_GetVersionInfo) refers to det.o(.text.Det_ReportError) for Det_ReportError
    port.o(.text.Port_GetVersionInfo) refers to port.o(.data.Port_VersionInfo) for Port_VersionInfo
    port.o(.ARM.exidx.text.Port_GetVersionInfo) refers to port.o(.text.Port_GetVersionInfo) for [Anonymous Symbol]
    port.o(.text.Port_SetPinMode) refers to port.o(.bss.Port_ConfigurationPinsPointer) for Port_ConfigurationPinsPointer
    port.o(.text.Port_SetPinMode) refers to port.o(.data.portAPBbaseAddressArray) for portAPBbaseAddressArray
[...]
    nvic_prog.o(.ARM.exidx.text.NVIC_DisableInterrupt) refers to nvic_prog.o(.text.NVIC_DisableInterrupt) for [Anonymous Symbol]
    nvic_prog.o(.text.NVIC_SetInterruptToPending) refers to nvic_prog.o(.text.NVIC_InterruptVTRegMapper) for NVIC_InterruptVTRegMapper
    nvic_prog.o(.ARM.exidx.text.NVIC_SetInterruptToPending) refers to nvic_prog.o(.text.NVIC_SetInterruptToPending) for [Anonymous Symbol]
    nvic_prog.o(.text.NVIC_ClearPendingInterrupt) refers to nvic_prog.o(.text.NVIC_InterruptVTRegMapper) for NVIC_InterruptVTRegMapper
    nvic_prog.o(.ARM.exidx.text.NVIC_ClearPendingInterrupt) refers to nvic_prog.o(.text.NVIC_ClearPendingInterrupt) for [Anonymous Symbol]
    nvic_prog.o(.text.NVIC_GetIsPendingInterupt) refers to nvic_prog.o(.text.NVIC_InterruptVTRegMapper) for NVIC_InterruptVTRegMapper
    nvic_prog.o(.ARM.exidx.text.NVIC_GetIsPendingInterupt) refers to nvic_prog.o(.text.NVIC_GetIsPendingInterupt) for [Anonymous Symbol]
    nvic_prog.o(.ARM.exidx.text.NVIC_SWActivateInterrupt) refers to nvic_prog.o(.text.NVIC_SWActivateInterrupt) for [Anonymous Symbol]
    gpt.o(.text.Gpt_Init) refers to gpt.o(.bss.Gpt_PredefinedTimersInitialized) for Gpt_PredefinedTimersInitialized
    gpt.o(.ARM.exidx.text.Gpt_Init) refers to gpt.o(.text.Gpt_Init) for [Anonymous Symbol]
    eventrecorder.o(.ARM.exidx.text.EventRecorderTimerSetup) refers to eventrecorder.o(.text.EventRecorderTimerSetup) for [Anonymous Symbol]
    eventrecorder.o(.text.EventRecorderTimerGetFreq) refers to system_tm4c123.o(.data.SystemCoreClock) for SystemCoreClock
    eventrecorder.o(.ARM.exidx.text.EventRecorderTimerGetFreq) refers to eventrecorder.o(.text.EventRecorderTimerGetFreq) for [Anonymous Symbol]
    eventrecorder.o(.ARM.exidx.text.EventRecorderTimerGetCount) refers to eventrecorder.o(.text.EventRecorderTimerGetCount) for [Anonymous Symbol]
    eventrecorder.o(.text.EventRecorderInitialize) refers to eventrecorder.o(.bss.noinit) for EventStatus
    eventrecorder.o(.text.EventRecorderInitialize) refers to rt_memclr_w.o(.text) for __aeabi_memclr4
    eventrecorder.o(.text.EventRecorderInitialize) refers to eventrecorder.o(.rodata.EventRecorderInfo) for EventRecorderInfo
    eventrecorder.o(.text.EventRecorderInitialize) refers to eventrecorder.o(.text.crc16_ccitt) for crc16_ccitt
    eventrecorder.o(.text.EventRecorderInitialize) refers to eventrecorder.o(.text.EventRecorderTimerSetup) for EventRecorderTimerSetup
    eventrecorder.o(.text.EventRecorderInitialize) refers to eventrecorder.o(.text.EventRecorderTimerGetFreq) for EventRecorderTimerGetFreq
    eventrecorder.o(.text.EventRecorderInitialize) refers to eventrecorder.o(.text.EventRecorderEnable) for EventRecorderEnable
    eventrecorder.o(.text.EventRecorderInitialize) refers to eventrecorder.o(.text.EventGetTS) for EventGetTS
    eventrecorder.o(.text.EventRecorderInitialize) refers to eventrecorder.o(.text.EventRecordItem) for EventRecordItem
    eventrecorder.o(.text.EventRecorderInitialize) refers to eventrecorder.o(.text.EventRecorderStart) for EventRecorderStart
    eventrecorder.o(.ARM.exidx.text.EventRecorderInitialize) refers to eventrecorder.o(.text.EventRecorderInitialize) for [Anonymous Symbol]
    eventrecorder.o(.ARM.exidx.text.crc16_ccitt) refers to eventrecorder.o(.text.crc16_ccitt) for [Anonymous Symbol]
    eventrecorder.o(.text.EventRecorderEnable) refers to eventrecorder.o(.bss.noinit) for EventFilter
    eventrecorder.o(.ARM.exidx.text.EventRecorderEnable) refers to eventrecorder.o(.text.EventRecorderEnable) for [Anonymous Symbol]
    eventrecorder.o(.text.EventGetTS) refers to eventrecorder.o(.bss.noinit) for EventStatus
    eventrecorder.o(.text.EventGetTS) refers to eventrecorder.o(.text.EventRecorderTimerGetCount) for EventRecorderTimerGetCount
    eventrecorder.o(.text.EventGetTS) refers to eventrecorder.o(.text.UpdateTS) for UpdateTS
    eventrecorder.o(.text.EventGetTS) refers to eventrecorder.o(.text.IncrementOverflowTS) for IncrementOverflowTS
    eventrecorder.o(.ARM.exidx.text.EventGetTS) refers to eventrecorder.o(.text.EventGetTS) for [Anonymous Symbol]
    eventrecorder.o(.text.EventRecordItem) refers to eventrecorder.o(.text.GetRecordIndex) for GetRecordIndex
    eventrecorder.o(.text.EventRecordItem) refers to eventrecorder.o(.bss.noinit) for EventBuffer
    eventrecorder.o(.text.EventRecordItem) refers to eventrecorder.o(.text.LockRecord) for LockRecord
    eventrecorder.o(.text.EventRecordItem) refers to eventrecorder.o(.text.UnlockRecord) for UnlockRecord
    eventrecorder.o(.text.EventRecordItem) refers to eventrecorder.o(.text.IncrementRecordsWritten) for IncrementRecordsWritten
    eventrecorder.o(.text.EventRecordItem) refers to eventrecorder.o(.text.IncrementRecordsDumped) for IncrementRecordsDumped
    eventrecorder.o(.ARM.exidx.text.EventRecordItem) refers to eventrecorder.o(.text.EventRecordItem) for [Anonymous Symbol]
    eventrecorder.o(.text.EventRecorderStart) refers to eventrecorder.o(.bss.noinit) for EventStatus
    eventrecorder.o(.text.EventRecorderStart) refers to eventrecorder.o(.text.EventGetTS) for EventGetTS
    eventrecorder.o(.text.EventRecorderStart) refers to eventrecorder.o(.text.EventRecordItem) for EventRecordItem
    eventrecorder.o(.ARM.exidx.text.EventRecorderStart) refers to eventrecorder.o(.text.EventRecorderStart) for [Anonymous Symbol]
    eventrecorder.o(.text.EventRecorderDisable) refers to eventrecorder.o(.bss.noinit) for EventFilter
    eventrecorder.o(.ARM.exidx.text.EventRecorderDisable) refers to eventrecorder.o(.text.EventRecorderDisable) for [Anonymous Symbol]
    eventrecorder.o(.text.EventRecorderStop) refers to eventrecorder.o(.bss.noinit) for EventStatus
    eventrecorder.o(.text.EventRecorderStop) refers to eventrecorder.o(.text.EventGetTS) for EventGetTS
    eventrecorder.o(.text.EventRecorderStop) refers to eventrecorder.o(.text.EventRecordItem) for EventRecordItem
    eventrecorder.o(.ARM.exidx.text.EventRecorderStop) refers to eventrecorder.o(.text.EventRecorderStop) for [Anonymous Symbol]
    eventrecorder.o(.text.EventRecorderClockUpdate) refers to eventrecorder.o(.text.EventRecorderTimerGetFreq) for EventRecorderTimerGetFreq
    eventrecorder.o(.text.EventRecorderClockUpdate) refers to eventrecorder.o(.bss.noinit) for EventStatus
    eventrecorder.o(.text.EventRecorderClockUpdate) refers to eventrecorder.o(.text.EventGetTS) for EventGetTS
    eventrecorder.o(.text.EventRecorderClockUpdate) refers to eventrecorder.o(.text.EventRecordItem) for EventRecordItem
    eventrecorder.o(.ARM.exidx.text.EventRecorderClockUpdate) refers to eventrecorder.o(.text.EventRecorderClockUpdate) for [Anonymous Symbol]
    eventrecorder.o(.text.EventRecordData) refers to eventrecorder.o(.text.EventCheckFilter) for EventCheckFilter
    eventrecorder.o(.text.EventRecordData) refers to eventrecorder.o(.text.EventGetTS) for EventGetTS
    eventrecorder.o(.text.EventRecordData) refers to eventrecorder.o(.text.EventRecordItem) for EventRecordItem
    eventrecorder.o(.text.EventRecordData) refers to rt_memcpy_v6.o(.text) for __aeabi_memcpy
    eventrecorder.o(.text.EventRecordData) refers to eventrecorder.o(.text.GetContext) for GetContext
    eventrecorder.o(.ARM.exidx.text.EventRecordData) refers to eventrecorder.o(.text.EventRecordData) for [Anonymous Symbol]
    eventrecorder.o(.text.EventCheckFilter) refers to eventrecorder.o(.bss.noinit) for EventStatus
    eventrecorder.o(.ARM.exidx.text.EventCheckFilter) refers to eventrecorder.o(.text.EventCheckFilter) for [Anonymous Symbol]
    eventrecorder.o(.text.GetContext) refers to eventrecorder.o(.bss.noinit) for EventStatus
    eventrecorder.o(.text.GetContext) refers to eventrecorder.o(.text.atomic_inc8) for atomic_inc8
    eventrecorder.o(.ARM.exidx.text.GetContext) refers to eventrecorder.o(.text.GetContext) for [Anonymous Symbol]
    eventrecorder.o(.text.EventRecord2) refers to eventrecorder.o(.text.EventCheckFilter) for EventCheckFilter
    eventrecorder.o(.text.EventRecord2) refers to eventrecorder.o(.text.EventGetTS) for EventGetTS
    eventrecorder.o(.text.EventRecord2) refers to eventrecorder.o(.text.EventRecordItem) for EventRecordItem
    eventrecorder.o(.ARM.exidx.text.EventRecord2) refers to eventrecorder.o(.text.EventRecord2) for [Anonymous Symbol]
    eventrecorder.o(.text.EventRecord4) refers to eventrecorder.o(.text.EventCheckFilter) for EventCheckFilter
    eventrecorder.o(.text.EventRecord4) refers to eventrecorder.o(.text.EventGetTS) for EventGetTS
    eventrecorder.o(.text.EventRecord4) refers to eventrecorder.o(.text.GetContext) for GetContext
    eventrecorder.o(.text.EventRecord4) refers to eventrecorder.o(.text.EventRecordItem) for EventRecordItem
    eventrecorder.o(.ARM.exidx.text.EventRecord4) refers to eventrecorder.o(.text.EventRecord4) for [Anonymous Symbol]
    eventrecorder.o(.text.UpdateTS) refers to eventrecorder.o(.bss.noinit) for EventStatus
    eventrecorder.o(.text.UpdateTS) refers to eventrecorder.o(.text.atomic_xch32) for atomic_xch32
    eventrecorder.o(.ARM.exidx.text.UpdateTS) refers to eventrecorder.o(.text.UpdateTS) for [Anonymous Symbol]
    eventrecorder.o(.text.IncrementOverflowTS) refers to eventrecorder.o(.bss.noinit) for EventStatus
    eventrecorder.o(.text.IncrementOverflowTS) refers to eventrecorder.o(.text.atomic_inc32) for atomic_inc32
    eventrecorder.o(.ARM.exidx.text.IncrementOverflowTS) refers to eventrecorder.o(.text.IncrementOverflowTS) for [Anonymous Symbol]
    eventrecorder.o(.ARM.exidx.text.atomic_xch32) refers to eventrecorder.o(.text.atomic_xch32) for [Anonymous Symbol]
    eventrecorder.o(.ARM.exidx.text.atomic_inc32) refers to eventrecorder.o(.text.atomic_inc32) for [Anonymous Symbol]
    eventrecorder.o(.text.GetRecordIndex) refers to eventrecorder.o(.bss.noinit) for EventStatus
    eventrecorder.o(.text.GetRecordIndex) refers to eventrecorder.o(.text.atomic_inc32) for atomic_inc32
    eventrecorder.o(.ARM.exidx.text.GetRecordIndex) refers to eventrecorder.o(.text.GetRecordIndex) for [Anonymous Symbol]
    eventrecorder.o(.ARM.exidx.text.LockRecord) refers to eventrecorder.o(.text.LockRecord) for [Anonymous Symbol]
    eventrecorder.o(.ARM.exidx.text.UnlockRecord) refers to eventrecorder.o(.text.UnlockRecord) for [Anonymous Symbol]
    eventrecorder.o(.text.IncrementRecordsWritten) refers to eventrecorder.o(.bss.noinit) for EventStatus
    eventrecorder.o(.text.IncrementRecordsWritten) refers to eventrecorder.o(.text.atomic_inc32) for atomic_inc32
    eventrecorder.o(.ARM.exidx.text.IncrementRecordsWritten) refers to eventrecorder.o(.text.IncrementRecordsWritten) for [Anonymous Symbol]
    eventrecorder.o(.text.IncrementRecordsDumped) refers to eventrecorder.o(.bss.noinit) for EventStatus
    eventrecorder.o(.text.IncrementRecordsDumped) refers to eventrecorder.o(.text.atomic_inc32) for atomic_inc32
    eventrecorder.o(.ARM.exidx.text.IncrementRecordsDumped) refers to eventrecorder.o(.text.IncrementRecordsDumped) for [Anonymous Symbol]
    eventrecorder.o(.ARM.exidx.text.atomic_inc8) refers to eventrecorder.o(.text.atomic_inc8) for [Anonymous Symbol]
    eventrecorder.o(.rodata.EventRecorderInfo) refers to eventrecorder.o(.bss.noinit) for [Anonymous Symbol]
    startup_tm4c123.o(STACK) refers (Special) to heapauxi.o(.text) for __use_two_region_memory
    startup_tm4c123.o(HEAP) refers (Special) to heapauxi.o(.text) for __use_two_region_memory
    startup_tm4c123.o(RESET) refers (Special) to heapauxi.o(.text) for __use_two_region_memory
    startup_tm4c123.o(RESET) refers to startup_tm4c123.o(STACK) for __initial_sp
    startup_tm4c123.o(RESET) refers to startup_tm4c123.o(.text) for Reset_Handler
    startup_tm4c123.o(RESET) refers to main.o(.text.TIMER0A_Handler) for TIMER0A_Handler
    startup_tm4c123.o(RESET) refers to main.o(.text.GPIOF_Handler) for GPIOF_Handler
    startup_tm4c123.o(.text) refers (Special) to heapauxi.o(.text) for __use_two_region_memory
    startup_tm4c123.o(.text) refers to system_tm4c123.o(.text.SystemInit) for SystemInit
    startup_tm4c123.o(.text) refers to __main.o(!!!main) for __main
    startup_tm4c123.o(.text) refers to startup_tm4c123.o(HEAP) for Heap_Mem
    startup_tm4c123.o(.text) refers to startup_tm4c123.o(STACK) for Stack_Mem
    system_tm4c123.o(.text.SystemCoreClockUpdate) refers to system_tm4c123.o(.text.getOscClk) for getOscClk
    system_tm4c123.o(.text.SystemCoreClockUpdate) refers to system_tm4c123.o(.data.SystemCoreClock) for SystemCoreClock
    system_tm4c123.o(.ARM.exidx.text.SystemCoreClockUpdate) refers to system_tm4c123.o(.text.SystemCoreClockUpdate) for [Anonymous Symbol]
    system_tm4c123.o(.ARM.exidx.text.getOscClk) refers to system_tm4c123.o(.text.getOscClk) for [Anonymous Symbol]
    system_tm4c123.o(.ARM.exidx.text.SystemInit) refers to system_tm4c123.o(.text.SystemInit) for [Anonymous Symbol]
    rt_memcpy_v6.o(.text) refers to rt_memcpy_w.o(.text) for __aeabi_memcpy4
    __main.o(!!!main) refers to __rtentry.o(.ARM.Collect$$rtentry$$00000000) for __rt_entry
    __rtentry.o(.ARM.Collect$$rtentry$$00000000) refers (Special) to __rtentry2.o(.ARM.Collect$$rtentry$$0000000A) for __rt_entry_li
    __rtentry.o(.ARM.Collect$$rtentry$$00000000) refers (Special) to __rtentry2.o(.ARM.Collect$$rtentry$$0000000D) for __rt_entry_main
    __rtentry.o(.ARM.Collect$$rtentry$$00000000) refers (Special) to __rtentry2.o(.ARM.Collect$$rtentry$$0000000C) for __rt_entry_postli_1
    __rtentry.o(.ARM.Collect$$rtentry$$00000000) refers (Special) to __rtentry2.o(.ARM.Collect$$rtentry$$00000009) for __rt_entry_postsh_1
    __rtentry.o(.ARM.Collect$$rtentry$$00000000) refers (Special) to __rtentry2.o(.ARM.Collect$$rtentry$$00000002) for __rt_entry_presh_1
    __rtentry.o(.ARM.Collect$$rtentry$$00000000) refers (Special) to __rtentry4.o(.ARM.Collect$$rtentry$$00000004) for __rt_entry_sh
    __rtentry2.o(.ARM.Collect$$rtentry$$00000008) refers to boardinit2.o(.text) for _platform_post_stackheap_init
    __rtentry2.o(.ARM.Collect$$rtentry$$0000000A) refers to libinit.o(.ARM.Collect$$libinit$$00000000) for __rt_lib_init
    __rtentry2.o(.ARM.Collect$$rtentry$$0000000B) refers to boardinit3.o(.text) for _platform_post_lib_init
    __rtentry2.o(.ARM.Collect$$rtentry$$0000000D) refers to main.o(.text.main) for main
    __rtentry2.o(.ARM.Collect$$rtentry$$0000000D) refers to exit.o(.text) for exit
    __rtentry2.o(.ARM.exidx) refers to __rtentry2.o(.ARM.Collect$$rtentry$$00000001) for .ARM.Collect$$rtentry$$00000001
    __rtentry2.o(.ARM.exidx) refers to __rtentry2.o(.ARM.Collect$$rtentry$$00000008) for .ARM.Collect$$rtentry$$00000008
    __rtentry2.o(.ARM.exidx) refers to __rtentry2.o(.ARM.Collect$$rtentry$$0000000A) for .ARM.Collect$$rtentry$$0000000A
    __rtentry2.o(.ARM.exidx) refers to __rtentry2.o(.ARM.Collect$$rtentry$$0000000B) for .ARM.Collect$$rtentry$$0000000B
    __rtentry2.o(.ARM.exidx) refers to __rtentry2.o(.ARM.Collect$$rtentry$$0000000D) for .ARM.Collect$$rtentry$$0000000D
    __rtentry4.o(.ARM.Collect$$rtentry$$00000004) refers to sys_stackheap_outer.o(.text) for __user_setup_stackheap
    __rtentry4.o(.ARM.exidx) refers to __rtentry4.o(.ARM.Collect$$rtentry$$00000004) for .ARM.Collect$$rtentry$$00000004
    sys_stackheap_outer.o(.text) refers to libspace.o(.text) for __user_perproc_libspace
    sys_stackheap_outer.o(.text) refers to startup_tm4c123.o(.text) for __user_initial_stackheap
    exit.o(.text) refers to rtexit.o(.ARM.Collect$$rtexit$$00000000) for __rt_exit
    libinit.o(.ARM.Collect$$libinit$$00000000) refers (Special) to libinit2.o(.ARM.Collect$$libinit$$0000002E) for __rt_lib_init_alloca_1
    libinit.o(.ARM.Collect$$libinit$$00000000) refers (Special) to libinit2.o(.ARM.Collect$$libinit$$0000002C) for __rt_lib_init_argv_1
    libinit.o(.ARM.Collect$$libinit$$00000000) refers (Special) to libinit2.o(.ARM.Collect$$libinit$$0000001B) for __rt_lib_init_atexit_1
    libinit.o(.ARM.Collect$$libinit$$00000000) refers (Special) to libinit2.o(.ARM.Collect$$libinit$$00000021) for __rt_lib_init_clock_1
    libinit.o(.ARM.Collect$$libinit$$00000000) refers (Special) to libinit2.o(.ARM.Collect$$libinit$$00000032) for __rt_lib_init_cpp_1
    libinit.o(.ARM.Collect$$libinit$$00000000) refers (Special) to libinit2.o(.ARM.Collect$$libinit$$00000030) for __rt_lib_init_exceptions_1
    libinit.o(.ARM.Collect$$libinit$$00000000) refers (Special) to libinit2.o(.ARM.Collect$$libinit$$00000001) for __rt_lib_init_fp_1
    libinit.o(.ARM.Collect$$libinit$$00000000) refers (Special) to libinit2.o(.ARM.Collect$$libinit$$0000001F) for __rt_lib_init_fp_trap_1
    libinit.o(.ARM.Collect$$libinit$$00000000) refers (Special) to libinit2.o(.ARM.Collect$$libinit$$00000023) for __rt_lib_init_getenv_1
    libinit.o(.ARM.Collect$$libinit$$00000000) refers (Special) to libinit2.o(.ARM.Collect$$libinit$$0000000A) for __rt_lib_init_heap_1
    libinit.o(.ARM.Collect$$libinit$$00000000) refers (Special) to libinit2.o(.ARM.Collect$$libinit$$00000011) for __rt_lib_init_lc_collate_1
    libinit.o(.ARM.Collect$$libinit$$00000000) refers (Special) to libinit2.o(.ARM.Collect$$libinit$$00000013) for __rt_lib_init_lc_ctype_1
    libinit.o(.ARM.Collect$$libinit$$00000000) refers (Special) to libinit2.o(.ARM.Collect$$libinit$$00000015) for __rt_lib_init_lc_monetary_1
    libinit.o(.ARM.Collect$$libinit$$00000000) refers (Special) to libinit2.o(.ARM.Collect$$libinit$$00000017) for __rt_lib_init_lc_numeric_1
    libinit.o(.ARM.Collect$$libinit$$00000000) refers (Special) to libinit2.o(.ARM.Collect$$libinit$$00000019) for __rt_lib_init_lc_time_1
    libinit.o(.ARM.Collect$$libinit$$00000000) refers (Special) to libinit2.o(.ARM.Collect$$libinit$$00000004) for __rt_lib_init_preinit_1
    libinit.o(.ARM.Collect$$libinit$$00000000) refers (Special) to libinit2.o(.ARM.Collect$$libinit$$0000000E) for __rt_lib_init_rand_1
    libinit.o(.ARM.Collect$$libinit$$00000000) refers (Special) to libinit2.o(.ARM.Collect$$libinit$$00000033) for __rt_lib_init_return
    libinit.o(.ARM.Collect$$libinit$$00000000) refers (Special) to libinit2.o(.ARM.Collect$$libinit$$0000001D) for __rt_lib_init_signal_1
    libinit.o(.ARM.Collect$$libinit$$00000000) refers (Special) to libinit2.o(.ARM.Collect$$libinit$$00000025) for __rt_lib_init_stdio_1
    libinit.o(.ARM.Collect$$libinit$$00000000) refers (Special) to libinit2.o(.ARM.Collect$$libinit$$0000000C) for __rt_lib_init_user_alloc_1
    libspace.o(.text) refers to libspace.o(.bss) for __libspace_start
    rtexit.o(.ARM.Collect$$rtexit$$00000000) refers (Special) to rtexit2.o(.ARM.Collect$$rtexit$$00000004) for __rt_exit_exit
    rtexit.o(.ARM.Collect$$rtexit$$00000000) refers (Special) to rtexit2.o(.ARM.Collect$$rtexit$$00000003) for __rt_exit_ls
    rtexit.o(.ARM.Collect$$rtexit$$00000000) refers (Special) to rtexit2.o(.ARM.Collect$$rtexit$$00000002) for __rt_exit_prels_1
    rtexit.o(.ARM.exidx) refers (Special) to rtexit2.o(.ARM.Collect$$rtexit$$00000004) for __rt_exit_exit
    rtexit.o(.ARM.exidx) refers (Special) to rtexit2.o(.ARM.Collect$$rtexit$$00000003) for __rt_exit_ls
    rtexit.o(.ARM.exidx) refers (Special) to rtexit2.o(.ARM.Collect$$rtexit$$00000002) for __rt_exit_prels_1
    rtexit.o(.ARM.exidx) refers to rtexit.o(.ARM.Collect$$rtexit$$00000000) for .ARM.Collect$$rtexit$$00000000
    libinit2.o(.ARM.Collect$$libinit$$00000001) refers to fpinit.o(x$fpl$fpinit) for _fp_init
    libinit2.o(.ARM.Collect$$libinit$$00000010) refers to libinit2.o(.ARM.Collect$$libinit$$0000000F) for .ARM.Collect$$libinit$$0000000F
    libinit2.o(.ARM.Collect$$libinit$$00000012) refers to libinit2.o(.ARM.Collect$$libinit$$0000000F) for .ARM.Collect$$libinit$$0000000F
    libinit2.o(.ARM.Collect$$libinit$$00000014) refers to libinit2.o(.ARM.Collect$$libinit$$0000000F) for .ARM.Collect$$libinit$$0000000F
    libinit2.o(.ARM.Collect$$libinit$$00000016) refers to libinit2.o(.ARM.Collect$$libinit$$0000000F) for .ARM.Collect$$libinit$$0000000F
    libinit2.o(.ARM.Collect$$libinit$$00000018) refers to libinit2.o(.ARM.Collect$$libinit$$0000000F) for .ARM.Collect$$libinit$$0000000F
    libinit2.o(.ARM.Collect$$libinit$$00000026) refers to argv_veneer.o(.emb_text) for __ARM_argv_veneer
    libinit2.o(.ARM.Collect$$libinit$$00000027) refers to argv_veneer.o(.emb_text) for __ARM_argv_veneer
    rtexit2.o(.ARM.Collect$$rtexit$$00000003) refers to libshutdown.o(.ARM.Collect$$libshutdown$$00000000) for __rt_lib_shutdown
    rtexit2.o(.ARM.Collect$$rtexit$$00000004) refers to sys_exit.o(.text) for _sys_exit
    rtexit2.o(.ARM.exidx) refers to rtexit2.o(.ARM.Collect$$rtexit$$00000001) for .ARM.Collect$$rtexit$$00000001
    rtexit2.o(.ARM.exidx) refers to rtexit2.o(.ARM.Collect$$rtexit$$00000003) for .ARM.Collect$$rtexit$$00000003
    rtexit2.o(.ARM.exidx) refers to rtexit2.o(.ARM.Collect$$rtexit$$00000004) for .ARM.Collect$$rtexit$$00000004
    argv_veneer.o(.emb_text) refers to no_argv.o(.text) for __ARM_get_argv
    sys_exit.o(.text) refers (Special) to use_no_semi.o(.text) for __I$use$semihosting
    sys_exit.o(.text) refers (Special) to indicate_semi.o(.text) for __semihosting_library_function
    sys_exit_hlt.o(.text) refers (Special) to use_no_semi.o(.text) for __I$use$semihosting
    sys_exit_hlt.o(.text) refers (Special) to indicate_semi.o(.text) for __semihosting_library_function
    _get_argv_nomalloc.o(.text) refers (Special) to hrguard.o(.text) for __heap_region$guard
    _get_argv_nomalloc.o(.text) refers to defsig_rtmem_outer.o(.text) for __rt_SIGRTMEM
    _get_argv_nomalloc.o(.text) refers to sys_command.o(.text) for _sys_command_string
    libshutdown.o(.ARM.Collect$$libshutdown$$00000000) refers (Special) to libshutdown2.o(.ARM.Collect$$libshutdown$$00000002) for __rt_lib_shutdown_cpp_1
    libshutdown.o(.ARM.Collect$$libshutdown$$00000000) refers (Special) to libshutdown2.o(.ARM.Collect$$libshutdown$$00000007) for __rt_lib_shutdown_fp_trap_1
    libshutdown.o(.ARM.Collect$$libshutdown$$00000000) refers (Special) to libshutdown2.o(.ARM.Collect$$libshutdown$$0000000F) for __rt_lib_shutdown_heap_1
    libshutdown.o(.ARM.Collect$$libshutdown$$00000000) refers (Special) to libshutdown2.o(.ARM.Collect$$libshutdown$$00000010) for __rt_lib_shutdown_return
    libshutdown.o(.ARM.Collect$$libshutdown$$00000000) refers (Special) to libshutdown2.o(.ARM.Collect$$libshutdown$$0000000A) for __rt_lib_shutdown_signal_1
    libshutdown.o(.ARM.Collect$$libshutdown$$00000000) refers (Special) to libshutdown2.o(.ARM.Collect$$libshutdown$$00000004) for __rt_lib_shutdown_stdio_1
    libshutdown.o(.ARM.Collect$$libshutdown$$00000000) refers (Special) to libshutdown2.o(.ARM.Collect$$libshutdown$$0000000C) for __rt_lib_shutdown_user_alloc_1
    sys_command.o(.text) refers (Special) to use_no_semi.o(.text) for __I$use$semihosting
    sys_command.o(.text) refers (Special) to indicate_semi.o(.text) for __semihosting_library_function
    sys_command_hlt.o(.text) refers (Special) to use_no_semi.o(.text) for __I$use$semihosting
    sys_command_hlt.o(.text) refers (Special) to indicate_semi.o(.text) for __semihosting_library_function
    defsig_rtmem_outer.o(.text) refers to defsig_rtmem_inner.o(.text) for __rt_SIGRTMEM_inner
    defsig_rtmem_outer.o(.text) refers to defsig_exit.o(.text) for __sig_exit
    defsig_rtmem_formal.o(.text) refers to rt_raise.o(.text) for __rt_raise
    rt_raise.o(.text) refers to __raise.o(.text) for __raise
    rt_raise.o(.text) refers to sys_exit.o(.text) for _sys_exit
    defsig_exit.o(.text) refers to sys_exit.o(.text) for _sys_exit
    defsig_rtmem_inner.o(.text) refers to defsig_general.o(.text) for __default_signal_display
    __raise.o(.text) refers to defsig.o(CL$$defsig) for __default_signal_handler
    defsig_general.o(.text) refers to sys_wrch.o(.text) for _ttywrch
    sys_wrch.o(.text) refers (Special) to use_no_semi.o(.text) for __I$use$semihosting
    sys_wrch.o(.text) refers (Special) to indicate_semi.o(.text) for __semihosting_library_function
    sys_wrch_hlt.o(.text) refers (Special) to use_no_semi.o(.text) for __I$use$semihosting
    sys_wrch_hlt.o(.text) refers (Special) to indicate_semi.o(.text) for __semihosting_library_function
    defsig.o(CL$$defsig) refers to defsig_rtmem_inner.o(.text) for __rt_SIGRTMEM_inner
    defsig_abrt_inner.o(.text) refers to defsig_general.o(.text) for __default_signal_display
    defsig_fpe_inner.o(.text) refers to defsig_general.o(.text) for __default_signal_display
    defsig_rtred_inner.o(.text) refers to defsig_general.o(.text) for __default_signal_display
    defsig_stak_inner.o(.text) refers to defsig_general.o(.text) for __default_signal_display
    defsig_pvfn_inner.o(.text) refers to defsig_general.o(.text) for __default_signal_display
    defsig_cppl_inner.o(.text) refers to defsig_general.o(.text) for __default_signal_display
    defsig_segv_inner.o(.text) refers to defsig_general.o(.text) for __default_signal_display
    defsig_other.o(.text) refers to defsig_general.o(.text) for __default_signal_display


==============================================================================

Removing Unused input sections from the image.

    Removing main.o(.text), (0 bytes).
    Removing main.o(.ARM.exidx.text.main), (8 bytes).
    Removing main.o(.ARM.exidx.text.GPIOF_Handler), (8 bytes).
    Removing main.o(.ARM.exidx.text.TIMER0A_Handler), (8 bytes).
    Removing main.o(.ARM.use_no_argv), (4 bytes).
    Removing det.o(.text), (0 bytes).
    Removing det.o(.ARM.exidx.text.Det_ReportError), (8 bytes).
    Removing det.o(.text.Det_TestLastReportError), (176 bytes).
    Removing det.o(.ARM.exidx.text.Det_TestLastReportError), (8 bytes).
    Removing dio_pbcfg.o(.text), (0 bytes).
    Removing dio_pbcfg.o(.rodata.Dio_Configuration), (10 bytes).
    Removing dio_lcfg.o(.text), (0 bytes).
    Removing port_lcfg.o(.text), (0 bytes).
    Removing port_pbcfg.o(.text), (0 bytes).
    Removing nvic_lcfg.o(.text), (0 bytes).
    Removing gpt_lcfg.o(.text), (0 bytes).
    Removing port.o(.text), (0 bytes).
    Removing port.o(.ARM.exidx.text.Port_Init), (8 bytes).
    Removing port.o(.ARM.exidx.text.Port_ConfigurePinMode), (8 bytes).
    Removing port.o(.ARM.exidx.text.Port_ConfigOutputCurrent), (8 bytes).
    Removing port.o(.ARM.exidx.text.Port_ConfigureAttachresistor), (8 bytes).
    Removing port.o(.text.Port_SetPinDirection), (264 bytes).
    Removing port.o(.ARM.exidx.text.Port_SetPinDirection), (8 bytes).
    Removing port.o(.text.Port_RefreshPortDirection), (256 bytes).
    Removing port.o(.ARM.exidx.text.Port_RefreshPortDirection), (8 bytes).
    Removing port.o(.text.Port_GetVersionInfo), (108 bytes).
    Removing port.o(.ARM.exidx.text.Port_GetVersionInfo), (8 bytes).
    Removing port.o(.text.Port_SetPinMode), (268 bytes).
    Removing port.o(.ARM.exidx.text.Port_SetPinMode), (8 bytes).
    Removing port.o(.text.Port_IsPortModeValid), (232 bytes).
    Removing port.o(.ARM.exidx.text.Port_IsPortModeValid), (8 bytes).
    Removing port.o(.data.Port_VersionInfo), (8 bytes).
    Removing port.o(.data.Port_PinNumberOfAllowedModes), (43 bytes).
    Removing port.o(.data.Port_ModesMapper), (172 bytes).
    Removing port.o(.data.Port_A_Pin_0_Modes), (3 bytes).
    Removing port.o(.data.Port_A_Pin_1_Modes), (3 bytes).
    Removing port.o(.data.Port_A_Pin_2_Modes), (2 bytes).
    Removing port.o(.data.Port_A_Pin_3_Modes), (2 bytes).
    Removing port.o(.data.Port_A_Pin_4_Modes), (2 bytes).
    Removing port.o(.data.Port_A_Pin_5_Modes), (2 bytes).
    Removing port.o(.data.Port_A_Pin_6_Modes), (3 bytes).
    Removing port.o(.data.Port_A_Pin_7_Modes), (3 bytes).
    Removing port.o(.data.Port_B_Pin_0_Modes), (4 bytes).
    Removing port.o(.data.Port_B_Pin_1_Modes), (4 bytes).
    Removing port.o(.data.Port_B_Pin_2_Modes), (3 bytes).
    Removing port.o(.data.Port_B_Pin_3_Modes), (3 bytes).
    Removing port.o(.data.Port_B_Pin_4_Modes), (6 bytes).
    Removing port.o(.data.Port_B_Pin_5_Modes), (6 bytes).
    Removing port.o(.data.Port_B_Pin_6_Modes), (4 bytes).
    Removing port.o(.data.Port_B_Pin_7_Modes), (4 bytes).
    Removing port.o(.data.Port_C_Pin_0_Modes), (3 bytes).
    Removing port.o(.data.Port_C_Pin_1_Modes), (3 bytes).
    Removing port.o(.data.Port_C_Pin_2_Modes), (3 bytes).
    Removing port.o(.data.Port_C_Pin_3_Modes), (3 bytes).
    Removing port.o(.data.Port_C_Pin_4_Modes), (8 bytes).
    Removing port.o(.data.Port_C_Pin_5_Modes), (8 bytes).
    Removing port.o(.data.Port_C_Pin_6_Modes), (6 bytes).
    Removing port.o(.data.Port_C_Pin_7_Modes), (5 bytes).
    Removing port.o(.data.Port_D_Pin_0_Modes), (8 bytes).
    Removing port.o(.data.Port_D_Pin_1_Modes), (8 bytes).
    Removing port.o(.data.Port_D_Pin_2_Modes), (7 bytes).
    Removing port.o(.data.Port_D_Pin_3_Modes), (7 bytes).
    Removing port.o(.data.Port_D_Pin_4_Modes), (4 bytes).
    Removing port.o(.data.Port_D_Pin_5_Modes), (4 bytes).
    Removing port.o(.data.Port_D_Pin_6_Modes), (5 bytes).
    Removing port.o(.data.Port_D_Pin_7_Modes), (5 bytes).
    Removing port.o(.data.Port_E_Pin_0_Modes), (3 bytes).
    Removing port.o(.data.Port_E_Pin_1_Modes), (3 bytes).
    Removing port.o(.data.Port_E_Pin_2_Modes), (2 bytes).
    Removing port.o(.data.Port_E_Pin_3_Modes), (2 bytes).
    Removing port.o(.data.Port_E_Pin_4_Modes), (7 bytes).
    Removing port.o(.data.Port_E_Pin_5_Modes), (7 bytes).
    Removing port.o(.data.Port_F_Pin_0_Modes), (9 bytes).
    Removing port.o(.data.Port_F_Pin_1_Modes), (8 bytes).
    Removing port.o(.data.Port_F_Pin_2_Modes), (6 bytes).
    Removing port.o(.data.Port_F_Pin_3_Modes), (6 bytes).
    Removing port.o(.data.Port_F_Pin_4_Modes), (5 bytes).
    Removing dio.o(.text), (0 bytes).
    Removing dio.o(.text.Dio_Init), (56 bytes).
    Removing dio.o(.ARM.exidx.text.Dio_Init), (8 bytes).
    Removing dio.o(.ARM.exidx.text.Dio_WriteChannel), (8 bytes).
    Removing dio.o(.text.Dio_ReadChannel), (196 bytes).
    Removing dio.o(.ARM.exidx.text.Dio_ReadChannel), (8 bytes).
    Removing dio.o(.text.Dio_FlipChannel), (168 bytes).
    Removing dio.o(.ARM.exidx.text.Dio_FlipChannel), (8 bytes).
    Removing dio.o(.text.Dio_WritePort), (126 bytes).
    Removing dio.o(.ARM.exidx.text.Dio_WritePort), (8 bytes).
    Removing dio.o(.text.Dio_ReadPort), (126 bytes).
    Removing dio.o(.ARM.exidx.text.Dio_ReadPort), (8 bytes).
    Removing dio.o(.text.Dio_GetVersionInfo), (108 bytes).
    Removing dio.o(.ARM.exidx.text.Dio_GetVersionInfo), (8 bytes).
    Removing dio.o(.data.Port_VersionInfo), (8 bytes).
    Removing nvic_prog.o(.text), (0 bytes).
    Removing nvic_prog.o(.ARM.exidx.text.NVIC_Init), (8 bytes).
    Removing nvic_prog.o(.ARM.exidx.text.NVIC_SetEnableInterrupt), (8 bytes).
    Removing nvic_prog.o(.ARM.exidx.text.NVIC_SetInterruptPriority), (8 bytes).
    Removing nvic_prog.o(.ARM.exidx.text.NVIC_InterruptVTRegMapper), (8 bytes).
    Removing nvic_prog.o(.text.NVIC_DisableInterrupt), (214 bytes).
    Removing nvic_prog.o(.ARM.exidx.text.NVIC_DisableInterrupt), (8 bytes).
    Removing nvic_prog.o(.text.NVIC_SetInterruptToPending), (214 bytes).
    Removing nvic_prog.o(.ARM.exidx.text.NVIC_SetInterruptToPending), (8 bytes).
    Removing nvic_prog.o(.text.NVIC_ClearPendingInterrupt), (214 bytes).
    Removing nvic_prog.o(.ARM.exidx.text.NVIC_ClearPendingInterrupt), (8 bytes).
    Removing nvic_prog.o(.text.NVIC_GetIsPendingInterupt), (258 bytes).
    Removing nvic_prog.o(.ARM.exidx.text.NVIC_GetIsPendingInterupt), (8 bytes).
    Removing nvic_prog.o(.text.NVIC_SWActivateInterrupt), (54 bytes).
    Removing nvic_prog.o(.ARM.exidx.text.NVIC_SWActivateInterrupt), (8 bytes).
    Removing gpt.o(.text), (0 bytes).
    Removing gpt.o(.ARM.exidx.text.Gpt_Init), (8 bytes).
    Removing gpt.o(.rodata.GptTotalNumberOfTimers), (1 bytes).
    Removing eventrecorder.o(.text), (0 bytes).
    Removing eventrecorder.o(.text.EventRecorderTimerSetup), (36 bytes).
    Removing eventrecorder.o(.ARM.exidx.text.EventRecorderTimerSetup), (8 bytes).
    Removing eventrecorder.o(.text.EventRecorderTimerGetFreq), (12 bytes).
    Removing eventrecorder.o(.ARM.exidx.text.EventRecorderTimerGetFreq), (8 bytes).
    Removing eventrecorder.o(.text.EventRecorderTimerGetCount), (12 bytes).
    Removing eventrecorder.o(.ARM.exidx.text.EventRecorderTimerGetCount), (8 bytes).
    Removing eventrecorder.o(.text.EventRecorderInitialize), (442 bytes).
    Removing eventrecorder.o(.ARM.exidx.text.EventRecorderInitialize), (8 bytes).
    Removing eventrecorder.o(.text.crc16_ccitt), (130 bytes).
    Removing eventrecorder.o(.ARM.exidx.text.crc16_ccitt), (8 bytes).
    Removing eventrecorder.o(.text.EventRecorderEnable), (146 bytes).
    Removing eventrecorder.o(.ARM.exidx.text.EventRecorderEnable), (8 bytes).
    Removing eventrecorder.o(.text.EventGetTS), (66 bytes).
    Removing eventrecorder.o(.ARM.exidx.text.EventGetTS), (8 bytes).
    Removing eventrecorder.o(.text.EventRecordItem), (254 bytes).
    Removing eventrecorder.o(.ARM.exidx.text.EventRecordItem), (8 bytes).
    Removing eventrecorder.o(.text.EventRecorderStart), (74 bytes).
    Removing eventrecorder.o(.ARM.exidx.text.EventRecorderStart), (8 bytes).
    Removing eventrecorder.o(.text.EventRecorderDisable), (146 bytes).
    Removing eventrecorder.o(.ARM.exidx.text.EventRecorderDisable), (8 bytes).
    Removing eventrecorder.o(.text.EventRecorderStop), (74 bytes).
    Removing eventrecorder.o(.ARM.exidx.text.EventRecorderStop), (8 bytes).
    Removing eventrecorder.o(.text.EventRecorderClockUpdate), (54 bytes).
    Removing eventrecorder.o(.ARM.exidx.text.EventRecorderClockUpdate), (8 bytes).
    Removing eventrecorder.o(.text.EventRecordData), (388 bytes).
    Removing eventrecorder.o(.ARM.exidx.text.EventRecordData), (8 bytes).
    Removing eventrecorder.o(.text.EventCheckFilter), (60 bytes).
    Removing eventrecorder.o(.ARM.exidx.text.EventCheckFilter), (8 bytes).
    Removing eventrecorder.o(.text.GetContext), (18 bytes).
    Removing eventrecorder.o(.ARM.exidx.text.GetContext), (8 bytes).
    Removing eventrecorder.o(.text.EventRecord2), (90 bytes).
    Removing eventrecorder.o(.ARM.exidx.text.EventRecord2), (8 bytes).
    Removing eventrecorder.o(.text.EventRecord4), (150 bytes).
    Removing eventrecorder.o(.ARM.exidx.text.EventRecord4), (8 bytes).
    Removing eventrecorder.o(.text.UpdateTS), (26 bytes).
    Removing eventrecorder.o(.ARM.exidx.text.UpdateTS), (8 bytes).
    Removing eventrecorder.o(.text.IncrementOverflowTS), (18 bytes).
    Removing eventrecorder.o(.ARM.exidx.text.IncrementOverflowTS), (8 bytes).
    Removing eventrecorder.o(.text.atomic_xch32), (32 bytes).
    Removing eventrecorder.o(.ARM.exidx.text.atomic_xch32), (8 bytes).
    Removing eventrecorder.o(.text.atomic_inc32), (32 bytes).
    Removing eventrecorder.o(.ARM.exidx.text.atomic_inc32), (8 bytes).
    Removing eventrecorder.o(.text.GetRecordIndex), (18 bytes).
    Removing eventrecorder.o(.ARM.exidx.text.GetRecordIndex), (8 bytes).
    Removing eventrecorder.o(.text.LockRecord), (54 bytes).
    Removing eventrecorder.o(.ARM.exidx.text.LockRecord), (8 bytes).
    Removing eventrecorder.o(.text.UnlockRecord), (50 bytes).
    Removing eventrecorder.o(.ARM.exidx.text.UnlockRecord), (8 bytes).
    Removing eventrecorder.o(.text.IncrementRecordsWritten), (18 bytes).
    Removing eventrecorder.o(.ARM.exidx.text.IncrementRecordsWritten), (8 bytes).
    Removing eventrecorder.o(.text.IncrementRecordsDumped), (18 bytes).
    Removing eventrecorder.o(.ARM.exidx.text.IncrementRecordsDumped), (8 bytes).
    Removing eventrecorder.o(.text.atomic_inc8), (36 bytes).
    Removing eventrecorder.o(.ARM.exidx.text.atomic_inc8), (8 bytes).
    Removing system_tm4c123.o(.text), (0 bytes).
    Removing system_tm4c123.o(.text.SystemCoreClockUpdate), (326 bytes).
    Removing system_tm4c123.o(.ARM.exidx.text.SystemCoreClockUpdate), (8 bytes).
    Removing system_tm4c123.o(.text.getOscClk), (360 bytes).
    Removing system_tm4c123.o(.ARM.exidx.text.getOscClk), (8 bytes).
    Removing system_tm4c123.o(.ARM.exidx.text.SystemInit), (8 bytes).
    Removing system_tm4c123.o(.data.SystemCoreClock), (4 bytes).

172 unused section(s) (total 7115 bytes) removed from the image.

==============================================================================

Image Symbol Table

    Local Symbols

    Symbol Name                              Value     Ov Type        Size  Object(Section)

    ../clib/angel/boardlib.s                 0x00000000   Number         0  boardinit1.o ABSOLUTE
    ../clib/angel/boardlib.s                 0x00000000   Number         0  boardinit2.o ABSOLUTE
    ../clib/angel/boardlib.s                 0x00000000   Number         0  boardinit3.o ABSOLUTE
    ../clib/angel/boardlib.s                 0x00000000   Number         0  boardshut.o ABSOLUTE
    ../clib/angel/dczerorl2.s                0x00000000   Number         0  __dczerorl2.o ABSOLUTE
    ../clib/angel/handlers.s                 0x00000000   Number         0  __scatter_zi.o ABSOLUTE
    ../clib/angel/kernel.s                   0x00000000   Number         0  __rtentry.o ABSOLUTE
    ../clib/angel/kernel.s                   0x00000000   Number         0  __rtentry2.o ABSOLUTE
    ../clib/angel/kernel.s                   0x00000000   Number         0  __rtentry4.o ABSOLUTE
    ../clib/angel/kernel.s                   0x00000000   Number         0  rtexit.o ABSOLUTE
    ../clib/angel/kernel.s                   0x00000000   Number         0  rtexit2.o ABSOLUTE
    ../clib/angel/rt.s                       0x00000000   Number         0  rt_raise.o ABSOLUTE
    ../clib/angel/scatter.s                  0x00000000   Number         0  __scatter.o ABSOLUTE
    ../clib/angel/startup.s                  0x00000000   Number         0  __main.o ABSOLUTE
    ../clib/angel/sys.s                      0x00000000   Number         0  sys_stackheap_outer.o ABSOLUTE
    ../clib/angel/sys.s                      0x00000000   Number         0  libspace.o ABSOLUTE
    ../clib/angel/sys.s                      0x00000000   Number         0  use_no_semi.o ABSOLUTE
    ../clib/angel/sys.s                      0x00000000   Number         0  indicate_semi.o ABSOLUTE
    ../clib/angel/sysapp.c                   0x00000000   Number         0  sys_exit.o ABSOLUTE
    ../clib/angel/sysapp.c                   0x00000000   Number         0  sys_exit_hlt.o ABSOLUTE
    ../clib/angel/sysapp.c                   0x00000000   Number         0  sys_command.o ABSOLUTE
    ../clib/angel/sysapp.c                   0x00000000   Number         0  sys_command_hlt.o ABSOLUTE
    ../clib/angel/sysapp.c                   0x00000000   Number         0  sys_wrch.o ABSOLUTE
    ../clib/angel/sysapp.c                   0x00000000   Number         0  sys_wrch_hlt.o ABSOLUTE
    ../clib/armsys.c                         0x00000000   Number         0  argv_veneer.o ABSOLUTE
    ../clib/armsys.c                         0x00000000   Number         0  argv_veneer.o ABSOLUTE
    ../clib/armsys.c                         0x00000000   Number         0  _get_argv_nomalloc.o ABSOLUTE
    ../clib/armsys.c                         0x00000000   Number         0  no_argv.o ABSOLUTE
    ../clib/heapalloc.c                      0x00000000   Number         0  hrguard.o ABSOLUTE
    ../clib/heapaux.c                        0x00000000   Number         0  heapauxi.o ABSOLUTE
    ../clib/libinit.s                        0x00000000   Number         0  libinit.o ABSOLUTE
    ../clib/libinit.s                        0x00000000   Number         0  libinit2.o ABSOLUTE
    ../clib/libinit.s                        0x00000000   Number         0  libshutdown.o ABSOLUTE
    ../clib/libinit.s                        0x00000000   Number         0  libshutdown2.o ABSOLUTE
    ../clib/memcpset.s                       0x00000000   Number         0  rt_memcpy_v6.o ABSOLUTE
    ../clib/memcpset.s                       0x00000000   Number         0  rt_memclr_w.o ABSOLUTE
    ../clib/memcpset.s                       0x00000000   Number         0  rt_memcpy_w.o ABSOLUTE
    ../clib/signal.c                         0x00000000   Number         0  defsig_rtmem_outer.o ABSOLUTE
    ../clib/signal.c                         0x00000000   Number         0  defsig_rtmem_formal.o ABSOLUTE
    ../clib/signal.c                         0x00000000   Number         0  defsig_exit.o ABSOLUTE
    ../clib/signal.c                         0x00000000   Number         0  defsig_rtmem_inner.o ABSOLUTE
    ../clib/signal.c                         0x00000000   Number         0  __raise.o ABSOLUTE
    ../clib/signal.c                         0x00000000   Number         0  defsig_general.o ABSOLUTE
    ../clib/signal.c                         0x00000000   Number         0  defsig_abrt_inner.o ABSOLUTE
    ../clib/signal.c                         0x00000000   Number         0  defsig_fpe_inner.o ABSOLUTE
    ../clib/signal.c                         0x00000000   Number         0  defsig_rtred_inner.o ABSOLUTE
    ../clib/signal.c                         0x00000000   Number         0  defsig_stak_inner.o ABSOLUTE
    ../clib/signal.c                         0x00000000   Number         0  defsig_pvfn_inner.o ABSOLUTE
    ../clib/signal.c                         0x00000000   Number         0  defsig_cppl_inner.o ABSOLUTE
    ../clib/signal.c                         0x00000000   Number         0  defsig_segv_inner.o ABSOLUTE
    ../clib/signal.c                         0x00000000   Number         0  defsig_other.o ABSOLUTE
    ../clib/signal.s                         0x00000000   Number         0  defsig.o ABSOLUTE
    ../clib/stdlib.c                         0x00000000   Number         0  exit.o ABSOLUTE
    ../fplib/fpinit.s                        0x00000000   Number         0  fpinit.o ABSOLUTE
    Det.c                                    0x00000000   Number         0  det.o ABSOLUTE
    Dio.c                                    0x00000000   Number         0  dio.o ABSOLUTE
    Dio_Lcfg.c                               0x00000000   Number         0  dio_lcfg.o ABSOLUTE
    Dio_PBcfg.c                              0x00000000   Number         0  dio_pbcfg.o ABSOLUTE
    EventRecorder.c                          0x00000000   Number         0  eventrecorder.o ABSOLUTE
    Gpt.c                                    0x00000000   Number         0  gpt.o ABSOLUTE
    Gpt_Lcfg.c                               0x00000000   Number         0  gpt_lcfg.o ABSOLUTE
    NVIC_Lcfg.c                              0x00000000   Number         0  nvic_lcfg.o ABSOLUTE
    NVIC_Prog.c                              0x00000000   Number         0  nvic_prog.o ABSOLUTE
    Port.c                                   0x00000000   Number         0  port.o ABSOLUTE
    Port_Lcfg.c                              0x00000000   Number         0  port_lcfg.o ABSOLUTE
    Port_PBcfg.c                             0x00000000   Number         0  port_pbcfg.o ABSOLUTE
    RTE/Device/TM4C123GH6PM/startup_TM4C123.s 0x00000000   Number         0  startup_tm4c123.o ABSOLUTE
    dc.s                                     0x00000000   Number         0  dc.o ABSOLUTE
    main.c                                   0x00000000   Number         0  main.o ABSOLUTE
    system_TM4C123.c                         0x00000000   Number         0  system_tm4c123.o ABSOLUTE
    RESET                                    0x00000000   Section      620  startup_tm4c123.o(RESET)
    !!!main                                  0x0000026c   Section        8  __main.o(!!!main)
    !!!scatter                               0x00000274   Section       52  __scatter.o(!!!scatter)
    !!dczerorl2                              0x000002a8   Section       90  __dczerorl2.o(!!dczerorl2)
    !!handler_zi                             0x00000304   Section       28  __scatter_zi.o(!!handler_zi)
    .ARM.Collect$$libinit$$00000000          0x00000320   Section        2  libinit.o(.ARM.Collect$$libinit$$00000000)
    .ARM.Collect$$libinit$$00000001          0x00000322   Section        4  libinit2.o(.ARM.Collect$$libinit$$00000001)
    .ARM.Collect$$libinit$$00000004          0x00000326   Section        0  libinit2.o(.ARM.Collect$$libinit$$00000004)
    .ARM.Collect$$libinit$$0000000A          0x00000326   Section        0  libinit2.o(.ARM.Collect$$libinit$$0000000A)
    .ARM.Collect$$libinit$$0000000C          0x00000326   Section        0  libinit2.o(.ARM.Collect$$libinit$$0000000C)
    .ARM.Collect$$libinit$$0000000E          0x00000326   Section        0  libinit2.o(.ARM.Collect$$libinit$$0000000E)
    .ARM.Collect$$libinit$$00000011          0x00000326   Section        0  libinit2.o(.ARM.Collect$$libinit$$00000011)
    .ARM.Collect$$libinit$$00000013          0x00000326   Section        0  libinit2.o(.ARM.Collect$$libinit$$00000013)
    .ARM.Collect$$libinit$$00000015          0x00000326   Section        0  libinit2.o(.ARM.Collect$$libinit$$00000015)
    .ARM.Collect$$libinit$$00000017          0x00000326   Section        0  libinit2.o(.ARM.Collect$$libinit$$00000017)
    .ARM.Collect$$libinit$$00000019          0x00000326   Section        0  libinit2.o(.ARM.Collect$$libinit$$00000019)
    .ARM.Collect$$libinit$$0000001B          0x00000326   Section        0  libinit2.o(.ARM.Collect$$libinit$$0000001B)
    .ARM.Collect$$libinit$$0000001D          0x00000326   Section        0  libinit2.o(.ARM.Collect$$libinit$$0000001D)
    .ARM.Collect$$libinit$$0000001F          0x00000326   Section        0  libinit2.o(.ARM.Collect$$libinit$$0000001F)
    .ARM.Collect$$libinit$$00000021          0x00000326   Section        0  libinit2.o(.ARM.Collect$$libinit$$00000021)
    .ARM.Collect$$libinit$$00000023          0x00000326   Section        0  libinit2.o(.ARM.Collect$$libinit$$00000023)
    .ARM.Collect$$libinit$$00000025          0x00000326   Section        0  libinit2.o(.ARM.Collect$$libinit$$00000025)
    .ARM.Collect$$libinit$$0000002C          0x00000326   Section        0  libinit2.o(.ARM.Collect$$libinit$$0000002C)
    .ARM.Collect$$libinit$$0000002E          0x00000326   Section        0  libinit2.o(.ARM.Collect$$libinit$$0000002E)
    .ARM.Collect$$libinit$$00000030          0x00000326   Section        0  libinit2.o(.ARM.Collect$$libinit$$00000030)
    .ARM.Collect$$libinit$$00000032          0x00000326   Section        0  libinit2.o(.ARM.Collect$$libinit$$00000032)
    .ARM.Collect$$libinit$$00000033          0x00000326   Section        2  libinit2.o(.ARM.Collect$$libinit$$00000033)
    .ARM.Collect$$libshutdown$$00000000      0x00000328   Section        2  libshutdown.o(.ARM.Collect$$libshutdown$$00000000)
    .ARM.Collect$$libshutdown$$00000002      0x0000032a   Section        0  libshutdown2.o(.ARM.Collect$$libshutdown$$00000002)
    .ARM.Collect$$libshutdown$$00000004      0x0000032a   Section        0  libshutdown2.o(.ARM.Collect$$libshutdown$$00000004)
    .ARM.Collect$$libshutdown$$00000007      0x0000032a   Section        0  libshutdown2.o(.ARM.Collect$$libshutdown$$00000007)
    .ARM.Collect$$libshutdown$$0000000A      0x0000032a   Section        0  libshutdown2.o(.ARM.Collect$$libshutdown$$0000000A)
    .ARM.Collect$$libshutdown$$0000000C      0x0000032a   Section        0  libshutdown2.o(.ARM.Collect$$libshutdown$$0000000C)
    .ARM.Collect$$libshutdown$$0000000F      0x0000032a   Section        0  libshutdown2.o(.ARM.Collect$$libshutdown$$0000000F)
    .ARM.Collect$$libshutdown$$00000010      0x0000032a   Section        2  libshutdown2.o(.ARM.Collect$$libshutdown$$00000010)
    .ARM.Collect$$rtentry$$00000000          0x0000032c   Section        0  __rtentry.o(.ARM.Collect$$rtentry$$00000000)
    .ARM.Collect$$rtentry$$00000002          0x0000032c   Section        0  __rtentry2.o(.ARM.Collect$$rtentry$$00000002)
    .ARM.Collect$$rtentry$$00000004          0x0000032c   Section        6  __rtentry4.o(.ARM.Collect$$rtentry$$00000004)
    .ARM.Collect$$rtentry$$00000009          0x00000332   Section        0  __rtentry2.o(.ARM.Collect$$rtentry$$00000009)
    .ARM.Collect$$rtentry$$0000000A          0x00000332   Section        4  __rtentry2.o(.ARM.Collect$$rtentry$$0000000A)
    .ARM.Collect$$rtentry$$0000000C          0x00000336   Section        0  __rtentry2.o(.ARM.Collect$$rtentry$$0000000C)
    .ARM.Collect$$rtentry$$0000000D          0x00000336   Section        8  __rtentry2.o(.ARM.Collect$$rtentry$$0000000D)
    .ARM.Collect$$rtexit$$00000000           0x0000033e   Section        2  rtexit.o(.ARM.Collect$$rtexit$$00000000)
    .ARM.Collect$$rtexit$$00000002           0x00000340   Section        0  rtexit2.o(.ARM.Collect$$rtexit$$00000002)
    .ARM.Collect$$rtexit$$00000003           0x00000340   Section        4  rtexit2.o(.ARM.Collect$$rtexit$$00000003)
    .ARM.Collect$$rtexit$$00000004           0x00000344   Section        6  rtexit2.o(.ARM.Collect$$rtexit$$00000004)
    $v0                                      0x0000034c   Number         0  startup_tm4c123.o(.text)
    .text                                    0x0000034c   Section      276  startup_tm4c123.o(.text)
    .text                                    0x00000460   Section        0  heapauxi.o(.text)
    .text                                    0x00000466   Section       74  sys_stackheap_outer.o(.text)
    .text                                    0x000004b0   Section        0  exit.o(.text)
    .text                                    0x000004c4   Section        8  libspace.o(.text)
    .text                                    0x000004cc   Section        0  sys_exit.o(.text)
    .text                                    0x000004d8   Section        2  use_no_semi.o(.text)
    .text                                    0x000004da   Section        0  indicate_semi.o(.text)
    [Anonymous Symbol]                       0x000004dc   Section        0  det.o(.text.Det_ReportError)
    [Anonymous Symbol]                       0x0000052c   Section        0  dio.o(.text.Dio_WriteChannel)
    [Anonymous Symbol]                       0x000005f8   Section        0  main.o(.text.GPIOF_Handler)
    [Anonymous Symbol]                       0x00000604   Section        0  gpt.o(.text.Gpt_Init)
    [Anonymous Symbol]                       0x0000085c   Section        0  nvic_prog.o(.text.NVIC_Init)
    [Anonymous Symbol]                       0x000008d0   Section        0  nvic_prog.o(.text.NVIC_InterruptVTRegMapper)
    [Anonymous Symbol]                       0x000008f4   Section        0  nvic_prog.o(.text.NVIC_SetEnableInterrupt)
    [Anonymous Symbol]                       0x000009cc   Section        0  nvic_prog.o(.text.NVIC_SetInterruptPriority)
    Port_ConfigOutputCurrent                 0x00000a45   Thumb Code   120  port.o(.text.Port_ConfigOutputCurrent)
    [Anonymous Symbol]                       0x00000a44   Section        0  port.o(.text.Port_ConfigOutputCurrent)
    Port_ConfigureAttachresistor             0x00000abd   Thumb Code   120  port.o(.text.Port_ConfigureAttachresistor)
    [Anonymous Symbol]                       0x00000abc   Section        0  port.o(.text.Port_ConfigureAttachresistor)
    Port_ConfigurePinMode                    0x00000b35   Thumb Code   280  port.o(.text.Port_ConfigurePinMode)
    [Anonymous Symbol]                       0x00000b34   Section        0  port.o(.text.Port_ConfigurePinMode)
    [Anonymous Symbol]                       0x00000c4c   Section        0  port.o(.text.Port_Init)
    [Anonymous Symbol]                       0x00000e98   Section        0  system_tm4c123.o(.text.SystemInit)
    [Anonymous Symbol]                       0x00000eac   Section        0  main.o(.text.TIMER0A_Handler)
    [Anonymous Symbol]                       0x00000eb8   Section        0  main.o(.text.main)
    $v0                                      0x00000ee0   Number         0  fpinit.o(x$fpl$fpinit)
    x$fpl$fpinit                             0x00000ee0   Section       26  fpinit.o(x$fpl$fpinit)
    __tagsym$$used.0                         0x00000efc   Number         0  eventrecorder.o(.rodata.EventRecorderInfo)
    portAPBbaseAddressArray                  0x20000168   Data          24  port.o(.data.portAPBbaseAddressArray)
    [Anonymous Symbol]                       0x20000168   Section        0  port.o(.data.portAPBbaseAddressArray)
    .bss                                     0x200001c0   Section       96  libspace.o(.bss)
    Dio_ConfigurationChannelsPointer         0x20000228   Data           4  dio.o(.bss.Dio_ConfigurationChannelsPointer)
    [Anonymous Symbol]                       0x20000228   Section        0  dio.o(.bss.Dio_ConfigurationChannelsPointer)
    Port_ConfigurationPinsPointer            0x20000230   Data           4  port.o(.bss.Port_ConfigurationPinsPointer)
    [Anonymous Symbol]                       0x20000230   Section        0  port.o(.bss.Port_ConfigurationPinsPointer)
    EventBuffer                              0x20000240   Data        1024  eventrecorder.o(.bss.noinit)
    [Anonymous Symbol]                       0x20000240   Section        0  eventrecorder.o(.bss.noinit)
    EventFilter                              0x20000640   Data         128  eventrecorder.o(.bss.noinit)
    EventStatus                              0x200006c0   Data          36  eventrecorder.o(.bss.noinit)
    Heap_Mem                                 0x200006e8   Data           0  startup_tm4c123.o(HEAP)
    Stack_Mem                                0x200006e8   Data         512  startup_tm4c123.o(STACK)
    HEAP                                     0x200006e8   Section        0  startup_tm4c123.o(HEAP)
    STACK                                    0x200006e8   Section      512  startup_tm4c123.o(STACK)
    __initial_sp                             0x200008e8   Data           0  startup_tm4c123.o(STACK)

    Global Symbols

    Symbol Name                              Value     Ov Type        Size  Object(Section)

    BuildAttributes$$THM_ISAv4$E$P$D$K$B$S$7EM$VFPi3$EXTD16$VFPS$VFMA$PE$A:L22UL41UL21$X:L11$S22US41US21$IEEE1$IW$~IW$USESV6$~STKCKD$USESV7$~SHL$OSPACE$ROPI$EBA8$UX$STANDARDLIB$REQ8$PRES8$EABIv2 0x00000000   Number         0  anon$$obj.o ABSOLUTE
    __Vectors                                0x00000000   Data           4  startup_tm4c123.o(RESET)
    __ARM_exceptions_init                     - Undefined Weak Reference
    __alloca_initialize                       - Undefined Weak Reference
    __arm_preinit_                            - Undefined Weak Reference
    __cpp_initialize__aeabi_                  - Undefined Weak Reference
    __cxa_finalize                            - Undefined Weak Reference
    __rt_locale                               - Undefined Weak Reference
    __sigvec_lookup                           - Undefined Weak Reference
    _atexit_init                              - Undefined Weak Reference
    _call_atexit_fns                          - Undefined Weak Reference
    _clock_init                               - Undefined Weak Reference
    _fp_trap_init                             - Undefined Weak Reference
    _fp_trap_shutdown                         - Undefined Weak Reference
    _get_lc_collate                           - Undefined Weak Reference
    _get_lc_ctype                             - Undefined Weak Reference
    _get_lc_monetary                          - Undefined Weak Reference
    _get_lc_numeric                           - Undefined Weak Reference
    _get_lc_time                              - Undefined Weak Reference
    _getenv_init                              - Undefined Weak Reference
    _handle_redirection                       - Undefined Weak Reference
    _init_alloc                               - Undefined Weak Reference
    _init_user_alloc                          - Undefined Weak Reference
    _initio                                   - Undefined Weak Reference
    _rand_init                                - Undefined Weak Reference
    _signal_finish                            - Undefined Weak Reference
    _signal_init                              - Undefined Weak Reference
    _terminate_alloc                          - Undefined Weak Reference
    _terminate_user_alloc                     - Undefined Weak Reference
    _terminateio                              - Undefined Weak Reference
    __Vectors_End                            0x0000026c   Data           0  startup_tm4c123.o(RESET)
    __Vectors_Size                           0x0000026c   Number         0  startup_tm4c123.o ABSOLUTE
    __main                                   0x0000026d   Thumb Code     8  __main.o(!!!main)
    __scatterload                            0x00000275   Thumb Code     0  __scatter.o(!!!scatter)
    __scatterload_rt2                        0x00000275   Thumb Code    44  __scatter.o(!!!scatter)
    __scatterload_rt2_thumb_only             0x00000275   Thumb Code     0  __scatter.o(!!!scatter)
    __scatterload_null                       0x00000283   Thumb Code     0  __scatter.o(!!!scatter)
    __decompress                             0x000002a9   Thumb Code    90  __dczerorl2.o(!!dczerorl2)
    __decompress1                            0x000002a9   Thumb Code     0  __dczerorl2.o(!!dczerorl2)
    __scatterload_zeroinit                   0x00000305   Thumb Code    28  __scatter_zi.o(!!handler_zi)
    __rt_lib_init                            0x00000321   Thumb Code     0  libinit.o(.ARM.Collect$$libinit$$00000000)
    __rt_lib_init_fp_1                       0x00000323   Thumb Code     0  libinit2.o(.ARM.Collect$$libinit$$00000001)
    __rt_lib_init_alloca_1                   0x00000327   Thumb Code     0  libinit2.o(.ARM.Collect$$libinit$$0000002E)
    __rt_lib_init_argv_1                     0x00000327   Thumb Code     0  libinit2.o(.ARM.Collect$$libinit$$0000002C)
    __rt_lib_init_atexit_1                   0x00000327   Thumb Code     0  libinit2.o(.ARM.Collect$$libinit$$0000001B)
    __rt_lib_init_clock_1                    0x00000327   Thumb Code     0  libinit2.o(.ARM.Collect$$libinit$$00000021)
    __rt_lib_init_cpp_1                      0x00000327   Thumb Code     0  libinit2.o(.ARM.Collect$$libinit$$00000032)
    __rt_lib_init_exceptions_1               0x00000327   Thumb Code     0  libinit2.o(.ARM.Collect$$libinit$$00000030)
    __rt_lib_init_fp_trap_1                  0x00000327   Thumb Code     0  libinit2.o(.ARM.Collect$$libinit$$0000001F)
    __rt_lib_init_getenv_1                   0x00000327   Thumb Code     0  libinit2.o(.ARM.Collect$$libinit$$00000023)
    __rt_lib_init_heap_1                     0x00000327   Thumb Code     0  libinit2.o(.ARM.Collect$$libinit$$0000000A)
    __rt_lib_init_lc_collate_1               0x00000327   Thumb Code     0  libinit2.o(.ARM.Collect$$libinit$$00000011)
    __rt_lib_init_lc_ctype_1                 0x00000327   Thumb Code     0  libinit2.o(.ARM.Collect$$libinit$$00000013)
    __rt_lib_init_lc_monetary_1              0x00000327   Thumb Code     0  libinit2.o(.ARM.Collect$$libinit$$00000015)
    __rt_lib_init_lc_numeric_1               0x00000327   Thumb Code     0  libinit2.o(.ARM.Collect$$libinit$$00000017)
    __rt_lib_init_lc_time_1                  0x00000327   Thumb Code     0  libinit2.o(.ARM.Collect$$libinit$$00000019)
    __rt_lib_init_preinit_1                  0x00000327   Thumb Code     0  libinit2.o(.ARM.Collect$$libinit$$00000004)
    __rt_lib_init_rand_1                     0x00000327   Thumb Code     0  libinit2.o(.ARM.Collect$$libinit$$0000000E)
    __rt_lib_init_return                     0x00000327   Thumb Code     0  libinit2.o(.ARM.Collect$$libinit$$00000033)
    __rt_lib_init_signal_1                   0x00000327   Thumb Code     0  libinit2.o(.ARM.Collect$$libinit$$0000001D)
    __rt_lib_init_stdio_1                    0x00000327   Thumb Code     0  libinit2.o(.ARM.Collect$$libinit$$00000025)
    __rt_lib_init_user_alloc_1               0x00000327   Thumb Code     0  libinit2.o(.ARM.Collect$$libinit$$0000000C)
    __rt_lib_shutdown                        0x00000329   Thumb Code     0  libshutdown.o(.ARM.Collect$$libshutdown$$00000000)
    __rt_lib_shutdown_cpp_1                  0x0000032b   Thumb Code     0  libshutdown2.o(.ARM.Collect$$libshutdown$$00000002)
    __rt_lib_shutdown_fp_trap_1              0x0000032b   Thumb Code     0  libshutdown2.o(.ARM.Collect$$libshutdown$$00000007)
    __rt_lib_shutdown_heap_1                 0x0000032b   Thumb Code     0  libshutdown2.o(.ARM.Collect$$libshutdown$$0000000F)
    __rt_lib_shutdown_return                 0x0000032b   Thumb Code     0  libshutdown2.o(.ARM.Collect$$libshutdown$$00000010)
    __rt_lib_shutdown_signal_1               0x0000032b   Thumb Code     0  libshutdown2.o(.ARM.Collect$$libshutdown$$0000000A)
    __rt_lib_shutdown_stdio_1                0x0000032b   Thumb Code     0  libshutdown2.o(.ARM.Collect$$libshutdown$$00000004)
    __rt_lib_shutdown_user_alloc_1           0x0000032b   Thumb Code     0  libshutdown2.o(.ARM.Collect$$libshutdown$$0000000C)
    __rt_entry                               0x0000032d   Thumb Code     0  __rtentry.o(.ARM.Collect$$rtentry$$00000000)
    __rt_entry_presh_1                       0x0000032d   Thumb Code     0  __rtentry2.o(.ARM.Collect$$rtentry$$00000002)
    __rt_entry_sh                            0x0000032d   Thumb Code     0  __rtentry4.o(.ARM.Collect$$rtentry$$00000004)
    __rt_entry_li                            0x00000333   Thumb Code     0  __rtentry2.o(.ARM.Collect$$rtentry$$0000000A)
    __rt_entry_postsh_1                      0x00000333   Thumb Code     0  __rtentry2.o(.ARM.Collect$$rtentry$$00000009)
    __rt_entry_main                          0x00000337   Thumb Code     0  __rtentry2.o(.ARM.Collect$$rtentry$$0000000D)
    __rt_entry_postli_1                      0x00000337   Thumb Code     0  __rtentry2.o(.ARM.Collect$$rtentry$$0000000C)
    __rt_exit                                0x0000033f   Thumb Code     0  rtexit.o(.ARM.Collect$$rtexit$$00000000)
    __rt_exit_ls                             0x00000341   Thumb Code     0  rtexit2.o(.ARM.Collect$$rtexit$$00000003)
    __rt_exit_prels_1                        0x00000341   Thumb Code     0  rtexit2.o(.ARM.Collect$$rtexit$$00000002)
    __rt_exit_exit                           0x00000345   Thumb Code     0  rtexit2.o(.ARM.Collect$$rtexit$$00000004)
    Reset_Handler                            0x0000034d   Thumb Code     8  startup_tm4c123.o(.text)
    NMI_Handler                              0x00000355   Thumb Code     2  startup_tm4c123.o(.text)
    HardFault_Handler                        0x00000357   Thumb Code     2  startup_tm4c123.o(.text)
    MemManage_Handler                        0x00000359   Thumb Code     2  startup_tm4c123.o(.text)
    BusFault_Handler                         0x0000035b   Thumb Code     2  startup_tm4c123.o(.text)
    UsageFault_Handler                       0x0000035d   Thumb Code     2  startup_tm4c123.o(.text)
    SVC_Handler                              0x0000035f   Thumb Code     2  startup_tm4c123.o(.text)
    DebugMon_Handler                         0x00000361   Thumb Code     2  startup_tm4c123.o(.text)
    PendSV_Handler                           0x00000363   Thumb Code     2  startup_tm4c123.o(.text)
    SysTick_Handler                          0x00000365   Thumb Code     2  startup_tm4c123.o(.text)
    GPIOA_Handler                            0x00000367   Thumb Code     2  startup_tm4c123.o(.text)
    GPIOB_Handler                            0x00000369   Thumb Code     2  startup_tm4c123.o(.text)
    GPIOC_Handler                            0x0000036b   Thumb Code     2  startup_tm4c123.o(.text)
    GPIOD_Handler                            0x0000036d   Thumb Code     2  startup_tm4c123.o(.text)
    GPIOE_Handler                            0x0000036f   Thumb Code     2  startup_tm4c123.o(.text)
    UART0_Handler                            0x00000371   Thumb Code     2  startup_tm4c123.o(.text)
    UART1_Handler                            0x00000373   Thumb Code     2  startup_tm4c123.o(.text)
    SSI0_Handler                             0x00000375   Thumb Code     2  startup_tm4c123.o(.text)
    I2C0_Handler                             0x00000377   Thumb Code     2  startup_tm4c123.o(.text)
    PMW0_FAULT_Handler                       0x00000379   Thumb Code     2  startup_tm4c123.o(.text)
    PWM0_0_Handler                           0x0000037b   Thumb Code     2  startup_tm4c123.o(.text)
    PWM0_1_Handler                           0x0000037d   Thumb Code     2  startup_tm4c123.o(.text)
    PWM0_2_Handler                           0x0000037f   Thumb Code     2  startup_tm4c123.o(.text)
    QEI0_Handler                             0x00000381   Thumb Code     2  startup_tm4c123.o(.text)
    ADC0SS0_Handler                          0x00000383   Thumb Code     2  startup_tm4c123.o(.text)
    ADC0SS1_Handler                          0x00000385   Thumb Code     2  startup_tm4c123.o(.text)
    ADC0SS2_Handler                          0x00000387   Thumb Code     2  startup_tm4c123.o(.text)
    ADC0SS3_Handler                          0x00000389   Thumb Code     2  startup_tm4c123.o(.text)
    WDT0_Handler                             0x0000038b   Thumb Code     2  startup_tm4c123.o(.text)
    TIMER0B_Handler                          0x0000038f   Thumb Code     2  startup_tm4c123.o(.text)
    TIMER1A_Handler                          0x00000391   Thumb Code     2  startup_tm4c123.o(.text)
    TIMER1B_Handler                          0x00000393   Thumb Code     2  startup_tm4c123.o(.text)
    TIMER2A_Handler                          0x00000395   Thumb Code     2  startup_tm4c123.o(.text)
    TIMER2B_Handler                          0x00000397   Thumb Code     2  startup_tm4c123.o(.text)
    COMP0_Handler                            0x00000399   Thumb Code     2  startup_tm4c123.o(.text)
    COMP1_Handler                            0x0000039b   Thumb Code     2  startup_tm4c123.o(.text)
    COMP2_Handler                            0x0000039d   Thumb Code     2  startup_tm4c123.o(.text)
    SYSCTL_Handler                           0x0000039f   Thumb Code     2  startup_tm4c123.o(.text)
    FLASH_Handler                            0x000003a1   Thumb Code     2  startup_tm4c123.o(.text)
    GPIOG_Handler                            0x000003a5   Thumb Code     2  startup_tm4c123.o(.text)
    GPIOH_Handler                            0x000003a7   Thumb Code     2  startup_tm4c123.o(.text)
    UART2_Handler                            0x000003a9   Thumb Code     2  startup_tm4c123.o(.text)
    SSI1_Handler                             0x000003ab   Thumb Code     2  startup_tm4c123.o(.text)
    TIMER3A_Handler                          0x000003ad   Thumb Code     2  startup_tm4c123.o(.text)
    TIMER3B_Handler                          0x000003af   Thumb Code     2  startup_tm4c123.o(.text)
    I2C1_Handler                             0x000003b1   Thumb Code     2  startup_tm4c123.o(.text)
    QEI1_Handler                             0x000003b3   Thumb Code     2  startup_tm4c123.o(.text)
    CAN0_Handler                             0x000003b5   Thumb Code     2  startup_tm4c123.o(.text)
    CAN1_Handler                             0x000003b7   Thumb Code     2  startup_tm4c123.o(.text)
    CAN2_Handler                             0x000003b9   Thumb Code     2  startup_tm4c123.o(.text)
    HIB_Handler                              0x000003bb   Thumb Code     2  startup_tm4c123.o(.text)
    USB0_Handler                             0x000003bd   Thumb Code     2  startup_tm4c123.o(.text)
    PWM0_3_Handler                           0x000003bf   Thumb Code     2  startup_tm4c123.o(.text)
    UDMA_Handler                             0x000003c1   Thumb Code     2  startup_tm4c123.o(.text)
    UDMAERR_Handler                          0x000003c3   Thumb Code     2  startup_tm4c123.o(.text)
    ADC1SS0_Handler                          0x000003c5   Thumb Code     2  startup_tm4c123.o(.text)
    ADC1SS1_Handler                          0x000003c7   Thumb Code     2  startup_tm4c123.o(.text)
    ADC1SS2_Handler                          0x000003c9   Thumb Code     2  startup_tm4c123.o(.text)
    ADC1SS3_Handler                          0x000003cb   Thumb Code     2  startup_tm4c123.o(.text)
    GPIOJ_Handler                            0x000003cd   Thumb Code     2  startup_tm4c123.o(.text)
    GPIOK_Handler                            0x000003cf   Thumb Code     2  startup_tm4c123.o(.text)
    GPIOL_Handler                            0x000003d1   Thumb Code     2  startup_tm4c123.o(.text)
    SSI2_Handler                             0x000003d3   Thumb Code     2  startup_tm4c123.o(.text)
    SSI3_Handler                             0x000003d5   Thumb Code     2  startup_tm4c123.o(.text)
    UART3_Handler                            0x000003d7   Thumb Code     2  startup_tm4c123.o(.text)
    UART4_Handler                            0x000003d9   Thumb Code     2  startup_tm4c123.o(.text)
    UART5_Handler                            0x000003db   Thumb Code     2  startup_tm4c123.o(.text)
    UART6_Handler                            0x000003dd   Thumb Code     2  startup_tm4c123.o(.text)
    UART7_Handler                            0x000003df   Thumb Code     2  startup_tm4c123.o(.text)
    I2C2_Handler                             0x000003e1   Thumb Code     2  startup_tm4c123.o(.text)
    I2C3_Handler                             0x000003e3   Thumb Code     2  startup_tm4c123.o(.text)
    TIMER4A_Handler                          0x000003e5   Thumb Code     2  startup_tm4c123.o(.text)
    TIMER4B_Handler                          0x000003e7   Thumb Code     2  startup_tm4c123.o(.text)
    TIMER5A_Handler                          0x000003e9   Thumb Code     2  startup_tm4c123.o(.text)
    TIMER5B_Handler                          0x000003eb   Thumb Code     2  startup_tm4c123.o(.text)
    WTIMER0A_Handler                         0x000003ed   Thumb Code     2  startup_tm4c123.o(.text)
    WTIMER0B_Handler                         0x000003ef   Thumb Code     2  startup_tm4c123.o(.text)
    WTIMER1A_Handler                         0x000003f1   Thumb Code     2  startup_tm4c123.o(.text)
    WTIMER1B_Handler                         0x000003f3   Thumb Code     2  startup_tm4c123.o(.text)
    WTIMER2A_Handler                         0x000003f5   Thumb Code     2  startup_tm4c123.o(.text)
    WTIMER2B_Handler                         0x000003f7   Thumb Code     2  startup_tm4c123.o(.text)
    WTIMER3A_Handler                         0x000003f9   Thumb Code     2  startup_tm4c123.o(.text)
    WTIMER3B_Handler                         0x000003fb   Thumb Code     2  startup_tm4c123.o(.text)
    WTIMER4A_Handler                         0x000003fd   Thumb Code     2  startup_tm4c123.o(.text)
    WTIMER4B_Handler                         0x000003ff   Thumb Code     2  startup_tm4c123.o(.text)
    WTIMER5A_Handler                         0x00000401   Thumb Code     2  startup_tm4c123.o(.text)
    WTIMER5B_Handler                         0x00000403   Thumb Code     2  startup_tm4c123.o(.text)
    FPU_Handler                              0x00000405   Thumb Code     2  startup_tm4c123.o(.text)
    I2C4_Handler                             0x00000407   Thumb Code     2  startup_tm4c123.o(.text)
    I2C5_Handler                             0x00000409   Thumb Code     2  startup_tm4c123.o(.text)
    GPIOM_Handler                            0x0000040b   Thumb Code     2  startup_tm4c123.o(.text)
    GPION_Handler                            0x0000040d   Thumb Code     2  startup_tm4c123.o(.text)
    QEI2_Handler                             0x0000040f   Thumb Code     2  startup_tm4c123.o(.text)
    GPIOP0_Handler                           0x00000411   Thumb Code     2  startup_tm4c123.o(.text)
    GPIOP1_Handler                           0x00000413   Thumb Code     2  startup_tm4c123.o(.text)
    GPIOP2_Handler                           0x00000415   Thumb Code     2  startup_tm4c123.o(.text)
    GPIOP3_Handler                           0x00000417   Thumb Code     2  startup_tm4c123.o(.text)
    GPIOP4_Handler                           0x00000419   Thumb Code     2  startup_tm4c123.o(.text)
    GPIOP5_Handler                           0x0000041b   Thumb Code     2  startup_tm4c123.o(.text)
    GPIOP6_Handler                           0x0000041d   Thumb Code     2  startup_tm4c123.o(.text)
    GPIOP7_Handler                           0x0000041f   Thumb Code     2  startup_tm4c123.o(.text)
    GPIOQ0_Handler                           0x00000421   Thumb Code     2  startup_tm4c123.o(.text)
    GPIOQ1_Handler                           0x00000423   Thumb Code     2  startup_tm4c123.o(.text)
    GPIOQ2_Handler                           0x00000425   Thumb Code     2  startup_tm4c123.o(.text)
    GPIOQ3_Handler                           0x00000427   Thumb Code     2  startup_tm4c123.o(.text)
    GPIOQ4_Handler                           0x00000429   Thumb Code     2  startup_tm4c123.o(.text)
    GPIOQ5_Handler                           0x0000042b   Thumb Code     2  startup_tm4c123.o(.text)
    GPIOQ6_Handler                           0x0000042d   Thumb Code     2  startup_tm4c123.o(.text)
    GPIOQ7_Handler                           0x0000042f   Thumb Code     2  startup_tm4c123.o(.text)
    GPIOR_Handler                            0x00000431   Thumb Code     2  startup_tm4c123.o(.text)
    GPIOS_Handler                            0x00000433   Thumb Code     2  startup_tm4c123.o(.text)
    PMW1_0_Handler                           0x00000435   Thumb Code     2  startup_tm4c123.o(.text)
    PWM1_1_Handler                           0x00000437   Thumb Code     2  startup_tm4c123.o(.text)
    PWM1_2_Handler                           0x00000439   Thumb Code     2  startup_tm4c123.o(.text)
    PWM1_3_Handler                           0x0000043b   Thumb Code     2  startup_tm4c123.o(.text)
    PWM1_FAULT_Handler                       0x0000043d   Thumb Code     2  startup_tm4c123.o(.text)
    __user_initial_stackheap                 0x00000441   Thumb Code     0  startup_tm4c123.o(.text)
    __use_two_region_memory                  0x00000461   Thumb Code     2  heapauxi.o(.text)
    __rt_heap_escrow$2region                 0x00000463   Thumb Code     2  heapauxi.o(.text)
    __rt_heap_expand$2region                 0x00000465   Thumb Code     2  heapauxi.o(.text)
    __user_setup_stackheap                   0x00000467   Thumb Code    74  sys_stackheap_outer.o(.text)
    exit                                     0x000004b1   Thumb Code    18  exit.o(.text)
    __user_libspace                          0x000004c5   Thumb Code     8  libspace.o(.text)
    __user_perproc_libspace                  0x000004c5   Thumb Code     0  libspace.o(.text)
    __user_perthread_libspace                0x000004c5   Thumb Code     0  libspace.o(.text)
    _sys_exit                                0x000004cd   Thumb Code     8  sys_exit.o(.text)
    __I$use$semihosting                      0x000004d9   Thumb Code     0  use_no_semi.o(.text)
    __use_no_semihosting_swi                 0x000004d9   Thumb Code     2  use_no_semi.o(.text)
    __semihosting_library_function           0x000004db   Thumb Code     0  indicate_semi.o(.text)
    Det_ReportError                          0x000004dd   Thumb Code    80  det.o(.text.Det_ReportError)
    Dio_WriteChannel                         0x0000052d   Thumb Code   202  dio.o(.text.Dio_WriteChannel)
    GPIOF_Handler                            0x000005f9   Thumb Code    12  main.o(.text.GPIOF_Handler)
    Gpt_Init                                 0x00000605   Thumb Code   600  gpt.o(.text.Gpt_Init)
    NVIC_Init                                0x0000085d   Thumb Code   114  nvic_prog.o(.text.NVIC_Init)
    NVIC_InterruptVTRegMapper                0x000008d1   Thumb Code    36  nvic_prog.o(.text.NVIC_InterruptVTRegMapper)
    NVIC_SetEnableInterrupt                  0x000008f5   Thumb Code   214  nvic_prog.o(.text.NVIC_SetEnableInterrupt)
    NVIC_SetInterruptPriority                0x000009cd   Thumb Code   120  nvic_prog.o(.text.NVIC_SetInterruptPriority)
    Port_Init                                0x00000c4d   Thumb Code   588  port.o(.text.Port_Init)
    SystemInit                               0x00000e99   Thumb Code    18  system_tm4c123.o(.text.SystemInit)
    TIMER0A_Handler                          0x00000ead   Thumb Code    12  main.o(.text.TIMER0A_Handler)
    main                                     0x00000eb9   Thumb Code    40  main.o(.text.main)
    _fp_init                                 0x00000ee1   Thumb Code    26  fpinit.o(x$fpl$fpinit)
    __fplib_config_fpu_vfp                   0x00000ef9   Thumb Code     0  fpinit.o(x$fpl$fpinit)
    __fplib_config_pureend_doubles           0x00000ef9   Thumb Code     0  fpinit.o(x$fpl$fpinit)
    EventRecorderInfo                        0x00000efc   Data          24  eventrecorder.o(.rodata.EventRecorderInfo)
    Gpt_Configuration                        0x00000f14   Data          16  gpt_lcfg.o(.rodata.Gpt_Configuration)
    Region$$Table$$Base                      0x00000f24   Number         0  anon$$obj.o(Region$$Table)
    Region$$Table$$Limit                     0x00000f44   Number         0  anon$$obj.o(Region$$Table)
    NVIC_interruptConfiguration              0x20000000   Data           9  nvic_lcfg.o(.data.NVIC_interruptConfiguration)
    Port_Configuration                       0x20000009   Data         351  port_pbcfg.o(.data.Port_Configuration)
    portAddressMapper                        0x20000180   Data          24  dio.o(.data.portAddressMapper)
    __libspace_start                         0x200001c0   Data          96  libspace.o(.bss)
    Det_ApiId                                0x20000220   Data           1  det.o(.bss.Det_ApiId)
    __temporary_stack_top$libspace           0x20000220   Data           0  libspace.o(.bss)
    Det_ErrorId                              0x20000221   Data           1  det.o(.bss.Det_ErrorId)
    Det_InstanceId                           0x20000222   Data           1  det.o(.bss.Det_InstanceId)
    Det_ModuleId                             0x20000224   Data           2  det.o(.bss.Det_ModuleId)
    Dio_InitializeStatus                     0x2000022c   Data           1  dio.o(.bss.Dio_InitializeStatus)
    Gpt_PredefinedTimersInitialized          0x2000022d   Data           1  gpt.o(.bss.Gpt_PredefinedTimersInitialized)
    Port_InitializeStatus                    0x20000234   Data           1  port.o(.bss.Port_InitializeStatus)



==============================================================================

Memory Map of the image

  Image Entry point : 0x0000034d

  Load Region LR_1 (Base: 0x00000000, Size: 0x000010dc, Max: 0xffffffff, ABSOLUTE, COMPRESSED[0x00000fe0])

    Execution Region ER_RO (Exec base: 0x00000000, Load base: 0x00000000, Size: 0x00000f44, Max: 0xffffffff, ABSOLUTE)

    Exec Addr    Load Addr    Size         Type   Attr      Idx    E Section Name        Object

    0x00000000   0x00000000   0x0000026c   Data   RO          255    RESET               startup_tm4c123.o
    0x0000026c   0x0000026c   0x00000008   Code   RO          284  * !!!main             c_w.l(__main.o)
    0x00000274   0x00000274   0x00000034   Code   RO          451    !!!scatter          c_w.l(__scatter.o)
    0x000002a8   0x000002a8   0x0000005a   Code   RO          449    !!dczerorl2         c_w.l(__dczerorl2.o)
    0x00000302   0x00000302   0x00000002   PAD
    0x00000304   0x00000304   0x0000001c   Code   RO          453    !!handler_zi        c_w.l(__scatter_zi.o)
    0x00000320   0x00000320   0x00000002   Code   RO          313    .ARM.Collect$$libinit$$00000000  c_w.l(libinit.o)
    0x00000322   0x00000322   0x00000004   Code   RO          319    .ARM.Collect$$libinit$$00000001  c_w.l(libinit2.o)
    0x00000326   0x00000326   0x00000000   Code   RO          322    .ARM.Collect$$libinit$$00000004  c_w.l(libinit2.o)
    0x00000326   0x00000326   0x00000000   Code   RO          325    .ARM.Collect$$libinit$$0000000A  c_w.l(libinit2.o)
    0x00000326   0x00000326   0x00000000   Code   RO          327    .ARM.Collect$$libinit$$0000000C  c_w.l(libinit2.o)
    0x00000326   0x00000326   0x00000000   Code   RO          329    .ARM.Collect$$libinit$$0000000E  c_w.l(libinit2.o)
    0x00000326   0x00000326   0x00000000   Code   RO          332    .ARM.Collect$$libinit$$00000011  c_w.l(libinit2.o)
    0x00000326   0x00000326   0x00000000   Code   RO          334    .ARM.Collect$$libinit$$00000013  c_w.l(libinit2.o)
    0x00000326   0x00000326   0x00000000   Code   RO          336    .ARM.Collect$$libinit$$00000015  c_w.l(libinit2.o)
    0x00000326   0x00000326   0x00000000   Code   RO          338    .ARM.Collect$$libinit$$00000017  c_w.l(libinit2.o)
    0x00000326   0x00000326   0x00000000   Code   RO          340    .ARM.Collect$$libinit$$00000019  c_w.l(libinit2.o)
    0x00000326   0x00000326   0x00000000   Code   RO          342    .ARM.Collect$$libinit$$0000001B  c_w.l(libinit2.o)
    0x00000326   0x00000326   0x00000000   Code   RO          344    .ARM.Collect$$libinit$$0000001D  c_w.l(libinit2.o)
    0x00000326   0x00000326   0x00000000   Code   RO          346    .ARM.Collect$$libinit$$0000001F  c_w.l(libinit2.o)
    0x00000326   0x00000326   0x00000000   Code   RO          348    .ARM.Collect$$libinit$$00000021  c_w.l(libinit2.o)
    0x00000326   0x00000326   0x00000000   Code   RO          350    .ARM.Collect$$libinit$$00000023  c_w.l(libinit2.o)
    0x00000326   0x00000326   0x00000000   Code   RO          352    .ARM.Collect$$libinit$$00000025  c_w.l(libinit2.o)
    0x00000326   0x00000326   0x00000000   Code   RO          356    .ARM.Collect$$libinit$$0000002C  c_w.l(libinit2.o)
    0x00000326   0x00000326   0x00000000   Code   RO          358    .ARM.Collect$$libinit$$0000002E  c_w.l(libinit2.o)
    0x00000326   0x00000326   0x00000000   Code   RO          360    .ARM.Collect$$libinit$$00000030  c_w.l(libinit2.o)
    0x00000326   0x00000326   0x00000000   Code   RO          362    .ARM.Collect$$libinit$$00000032  c_w.l(libinit2.o)
    0x00000326   0x00000326   0x00000002   Code   RO          363    .ARM.Collect$$libinit$$00000033  c_w.l(libinit2.o)
    0x00000328   0x00000328   0x00000002   Code   RO          385    .ARM.Collect$$libshutdown$$00000000  c_w.l(libshutdown.o)
    0x0000032a   0x0000032a   0x00000000   Code   RO          400    .ARM.Collect$$libshutdown$$00000002  c_w.l(libshutdown2.o)
    0x0000032a   0x0000032a   0x00000000   Code   RO          402    .ARM.Collect$$libshutdown$$00000004  c_w.l(libshutdown2.o)
    0x0000032a   0x0000032a   0x00000000   Code   RO          405    .ARM.Collect$$libshutdown$$00000007  c_w.l(libshutdown2.o)
    0x0000032a   0x0000032a   0x00000000   Code   RO          408    .ARM.Collect$$libshutdown$$0000000A  c_w.l(libshutdown2.o)
    0x0000032a   0x0000032a   0x00000000   Code   RO          410    .ARM.Collect$$libshutdown$$0000000C  c_w.l(libshutdown2.o)
    0x0000032a   0x0000032a   0x00000000   Code   RO          413    .ARM.Collect$$libshutdown$$0000000F  c_w.l(libshutdown2.o)
    0x0000032a   0x0000032a   0x00000002   Code   RO          414    .ARM.Collect$$libshutdown$$00000010  c_w.l(libshutdown2.o)
    0x0000032c   0x0000032c   0x00000000   Code   RO          286    .ARM.Collect$$rtentry$$00000000  c_w.l(__rtentry.o)
    0x0000032c   0x0000032c   0x00000000   Code   RO          290    .ARM.Collect$$rtentry$$00000002  c_w.l(__rtentry2.o)
    0x0000032c   0x0000032c   0x00000006   Code   RO          302    .ARM.Collect$$rtentry$$00000004  c_w.l(__rtentry4.o)
    0x00000332   0x00000332   0x00000000   Code   RO          292    .ARM.Collect$$rtentry$$00000009  c_w.l(__rtentry2.o)
    0x00000332   0x00000332   0x00000004   Code   RO          293    .ARM.Collect$$rtentry$$0000000A  c_w.l(__rtentry2.o)
    0x00000336   0x00000336   0x00000000   Code   RO          295    .ARM.Collect$$rtentry$$0000000C  c_w.l(__rtentry2.o)
    0x00000336   0x00000336   0x00000008   Code   RO          296    .ARM.Collect$$rtentry$$0000000D  c_w.l(__rtentry2.o)
    0x0000033e   0x0000033e   0x00000002   Code   RO          317    .ARM.Collect$$rtexit$$00000000  c_w.l(rtexit.o)
    0x00000340   0x00000340   0x00000000   Code   RO          365    .ARM.Collect$$rtexit$$00000002  c_w.l(rtexit2.o)
    0x00000340   0x00000340   0x00000004   Code   RO          366    .ARM.Collect$$rtexit$$00000003  c_w.l(rtexit2.o)
    0x00000344   0x00000344   0x00000006   Code   RO          367    .ARM.Collect$$rtexit$$00000004  c_w.l(rtexit2.o)
    0x0000034a   0x0000034a   0x00000002   PAD
    0x0000034c   0x0000034c   0x00000114   Code   RO          256  * .text               startup_tm4c123.o
    0x00000460   0x00000460   0x00000006   Code   RO          282    .text               c_w.l(heapauxi.o)
    0x00000466   0x00000466   0x0000004a   Code   RO          304    .text               c_w.l(sys_stackheap_outer.o)
    0x000004b0   0x000004b0   0x00000012   Code   RO          306    .text               c_w.l(exit.o)
    0x000004c2   0x000004c2   0x00000002   PAD
    0x000004c4   0x000004c4   0x00000008   Code   RO          314    .text               c_w.l(libspace.o)
    0x000004cc   0x000004cc   0x0000000c   Code   RO          375    .text               c_w.l(sys_exit.o)
    0x000004d8   0x000004d8   0x00000002   Code   RO          390    .text               c_w.l(use_no_semi.o)
    0x000004da   0x000004da   0x00000000   Code   RO          392    .text               c_w.l(indicate_semi.o)
    0x000004da   0x000004da   0x00000002   PAD
    0x000004dc   0x000004dc   0x00000050   Code   RO           16    .text.Det_ReportError  det.o
    0x0000052c   0x0000052c   0x000000ca   Code   RO          133    .text.Dio_WriteChannel  dio.o
    0x000005f6   0x000005f6   0x00000002   PAD
    0x000005f8   0x000005f8   0x0000000c   Code   RO            4    .text.GPIOF_Handler  main.o
    0x00000604   0x00000604   0x00000258   Code   RO          181    .text.Gpt_Init      gpt.o
    0x0000085c   0x0000085c   0x00000072   Code   RO          156    .text.NVIC_Init     nvic_prog.o
    0x000008ce   0x000008ce   0x00000002   PAD
    0x000008d0   0x000008d0   0x00000024   Code   RO          162    .text.NVIC_InterruptVTRegMapper  nvic_prog.o
    0x000008f4   0x000008f4   0x000000d6   Code   RO          158    .text.NVIC_SetEnableInterrupt  nvic_prog.o
    0x000009ca   0x000009ca   0x00000002   PAD
    0x000009cc   0x000009cc   0x00000078   Code   RO          160    .text.NVIC_SetInterruptPriority  nvic_prog.o
    0x00000a44   0x00000a44   0x00000078   Code   RO           61    .text.Port_ConfigOutputCurrent  port.o
    0x00000abc   0x00000abc   0x00000078   Code   RO           63    .text.Port_ConfigureAttachresistor  port.o
    0x00000b34   0x00000b34   0x00000118   Code   RO           59    .text.Port_ConfigurePinMode  port.o
    0x00000c4c   0x00000c4c   0x0000024c   Code   RO           57    .text.Port_Init     port.o
    0x00000e98   0x00000e98   0x00000012   Code   RO          267    .text.SystemInit    system_tm4c123.o
    0x00000eaa   0x00000eaa   0x00000002   PAD
    0x00000eac   0x00000eac   0x0000000c   Code   RO            6    .text.TIMER0A_Handler  main.o
    0x00000eb8   0x00000eb8   0x00000028   Code   RO            2    .text.main          main.o
    0x00000ee0   0x00000ee0   0x0000001a   Code   RO          373    x$fpl$fpinit        fz_wm.l(fpinit.o)
    0x00000efa   0x00000efa   0x00000002   PAD
    0x00000efc   0x00000efc   0x00000018   Data   RO          246    .rodata.EventRecorderInfo  eventrecorder.o
    0x00000f14   0x00000f14   0x00000010   Data   RO           51    .rodata.Gpt_Configuration  gpt_lcfg.o
    0x00000f24   0x00000f24   0x00000020   Data   RO          448    Region$$Table       anon$$obj.o


    Execution Region ER_RW (Exec base: 0x20000000, Load base: 0x00000f44, Size: 0x00000198, Max: 0xffffffff, ABSOLUTE, COMPRESSED[0x0000009c])

    Exec Addr    Load Addr    Size         Type   Attr      Idx    E Section Name        Object

    0x20000000   COMPRESSED   0x00000009   Data   RW           45    .data.NVIC_interruptConfiguration  nvic_lcfg.o
    0x20000009   COMPRESSED   0x0000015f   Data   RW           39    .data.Port_Configuration  port_pbcfg.o
    0x20000168   COMPRESSED   0x00000018   Data   RW           77    .data.portAPBbaseAddressArray  port.o
    0x20000180   COMPRESSED   0x00000018   Data   RW          145    .data.portAddressMapper  dio.o


    Execution Region ER_ZI (Exec base: 0x200001c0, Load base: 0x00000fe0, Size: 0x00000728, Max: 0xffffffff, ABSOLUTE)

    Exec Addr    Load Addr    Size         Type   Attr      Idx    E Section Name        Object

    0x200001c0        -       0x00000060   Zero   RW          315    .bss                c_w.l(libspace.o)
    0x20000220        -       0x00000001   Zero   RW           22    .bss.Det_ApiId      det.o
    0x20000221        -       0x00000001   Zero   RW           23    .bss.Det_ErrorId    det.o
    0x20000222        -       0x00000001   Zero   RW           21    .bss.Det_InstanceId  det.o
    0x20000223   0x00000fe0   0x00000001   PAD
    0x20000224        -       0x00000002   Zero   RW           20    .bss.Det_ModuleId   det.o
    0x20000226   0x00000fe0   0x00000002   PAD
    0x20000228        -       0x00000004   Zero   RW          147    .bss.Dio_ConfigurationChannelsPointer  dio.o
    0x2000022c        -       0x00000001   Zero   RW          146    .bss.Dio_InitializeStatus  dio.o
    0x2000022d        -       0x00000001   Zero   RW          183    .bss.Gpt_PredefinedTimersInitialized  gpt.o
    0x2000022e   0x00000fe0   0x00000002   PAD
    0x20000230        -       0x00000004   Zero   RW           76    .bss.Port_ConfigurationPinsPointer  port.o
    0x20000234        -       0x00000001   Zero   RW           75    .bss.Port_InitializeStatus  port.o
    0x20000235   0x00000fe0   0x0000000b   PAD
    0x20000240        -       0x000004a4   Zero   RW          245    .bss.noinit         eventrecorder.o
    0x200006e4   0x00000fe0   0x00000004   PAD
    0x200006e8        -       0x00000000   Zero   RW          254    HEAP                startup_tm4c123.o
    0x200006e8        -       0x00000200   Zero   RW          253    STACK               startup_tm4c123.o


==============================================================================

Image component sizes


      Code (inc. data)   RO Data    RW Data    ZI Data      Debug   Object Name

        80          0          0          0          5       1067   det.o
       202          0          0         24          5       3403   dio.o
         0          0         24          0       1188       7835   eventrecorder.o
       600         12          0          0          1       1760   gpt.o
         0          0         16          0          0        945   gpt_lcfg.o
        64          0          0          0          0        641   main.o
         0          0          0          9          0        677   nvic_lcfg.o
       484          6          0          0          0       3055   nvic_prog.o
      1108         20          0         24          5       6725   port.o
         0          0          0        351          0       1117   port_pbcfg.o
       276         24        620          0        512       5464   startup_tm4c123.o
        18          0          0          0          0       6599   system_tm4c123.o

    ----------------------------------------------------------------------
      2840         62        692        408       1736      39288   Object Totals
         0          0         32          0          0          0   (incl. Generated)
         8          0          0          0         20          0   (incl. Padding)

    ----------------------------------------------------------------------

      Code (inc. data)   RO Data    RW Data    ZI Data      Debug   Library Member Name

        90          0          0          0          0          0   __dczerorl2.o
         8          0          0          0          0         68   __main.o
         0          0          0          0          0          0   __rtentry.o
        12          0          0          0          0          0   __rtentry2.o
         6          0          0          0          0          0   __rtentry4.o
        52          8          0          0          0          0   __scatter.o
        28          0          0          0          0          0   __scatter_zi.o
        18          0          0          0          0         80   exit.o
         6          0          0          0          0        152   heapauxi.o
         0          0          0          0          0          0   indicate_semi.o
         2          0          0          0          0          0   libinit.o
         6          0          0          0          0          0   libinit2.o
         2          0          0          0          0          0   libshutdown.o
         2          0          0          0          0          0   libshutdown2.o
         8          4          0          0         96         68   libspace.o
         2          0          0          0          0          0   rtexit.o
        10          0          0          0          0          0   rtexit2.o
        12          4          0          0          0         68   sys_exit.o
        74          0          0          0          0         80   sys_stackheap_outer.o
         2          0          0          0          0         68   use_no_semi.o
        26          0          0          0          0        116   fpinit.o

    ----------------------------------------------------------------------
       376         16          0          0         96        700   Library Totals
        10          0          0          0          0          0   (incl. Padding)

    ----------------------------------------------------------------------

      Code (inc. data)   RO Data    RW Data    ZI Data      Debug   Library Name

       340         16          0          0         96        584   c_w.l
        26          0          0          0          0        116   fz_wm.l

    ----------------------------------------------------------------------
       376         16          0          0         96        700   Library Totals

    ----------------------------------------------------------------------

==============================================================================


      Code (inc. data)   RO Data    RW Data    ZI Data      Debug   

      3216         78        692        408       1832      39712   Grand Totals
      3216         78        692        156       1832      39712   ELF Image Totals (compressed)
      3216         78        692        156          0          0   ROM Totals

==============================================================================

    Total RO  Size (Code + RO Data)                 3908 (   3.82kB)
    Total RW  Size (RW Data + ZI Data)              2240 (   2.19kB)
    Total ROM Size (Code + RO Data + RW Data)       4064 (   3.97kB)

==============================================================================

